Archive member included because of file (symbol)

contiki-wismote.a(rimeaddr.o)
                              obj_wismote/contiki-wismote-main.o (rimeaddr_copy)
contiki-wismote.a(nullmac.o)  obj_wismote/contiki-wismote-main.o (nullmac_driver)
contiki-wismote.a(nullrdc.o)  obj_wismote/contiki-wismote-main.o (nullrdc_driver)
contiki-wismote.a(mac.o)      contiki-wismote.a(nullrdc.o) (mac_call_sent_callback)
contiki-wismote.a(framer-802154.o)
                              contiki-wismote.a(nullrdc.o) (framer_802154)
contiki-wismote.a(process.o)  obj_wismote/contiki-wismote-main.o (process_init)
contiki-wismote.a(autostart.o)
                              obj_wismote/contiki-wismote-main.o (autostart_start)
contiki-wismote.a(etimer.o)   obj_wismote/contiki-wismote-main.o (etimer_process)
contiki-wismote.a(ctimer.o)   obj_wismote/contiki-wismote-main.o (ctimer_init)
contiki-wismote.a(energest.o)
                              obj_wismote/contiki-wismote-main.o (energest_init)
contiki-wismote.a(rtimer.o)   obj_wismote/contiki-wismote-main.o (rtimer_init)
contiki-wismote.a(random.o)   contiki-wismote.a(framer-802154.o) (random_rand)
contiki-wismote.a(packetbuf.o)
                              contiki-wismote.a(framer-802154.o) (packetbuf_hdrreduce)
contiki-wismote.a(queuebuf.o)
                              obj_wismote/contiki-wismote-main.o (queuebuf_init)
contiki-wismote.a(resolv.o)   esp-client.co (resolv_event_found)
contiki-wismote.a(sicslowpan.o)
                              obj_wismote/contiki-wismote-main.o (sicslowpan_driver)
contiki-wismote.a(tcpip.o)    contiki-wismote.a(sicslowpan.o) (tcpip_set_outputfunc)
contiki-wismote.a(uip-debug.o)
                              esp-client.co (uip_debug_ipaddr_print)
contiki-wismote.a(uip-ds6-route.o)
                              contiki-wismote.a(tcpip.o) (uip_ds6_route_nexthop)
contiki-wismote.a(uip-ds6-nbr.o)
                              contiki-wismote.a(tcpip.o) (uip_ds6_nbr_add)
contiki-wismote.a(uip-ds6.o)  contiki-wismote.a(tcpip.o) (uip_ds6_is_addr_onlink)
contiki-wismote.a(uip-nd6.o)  contiki-wismote.a(tcpip.o) (uip_nd6_ns_output)
contiki-wismote.a(uip-udp-packet.)
                              esp-client.co (uip_udp_packet_send)
contiki-wismote.a(uip6.o)     contiki-wismote.a(resolv.o) (uip_aligned_buf)
contiki-wismote.a(uiplib.o)   esp-client.co (uiplib_ip6addrconv)
contiki-wismote.a(contiki-wismote)
                              obj_wismote/contiki-wismote-main.o (init_platform)
contiki-wismote.a(light-sensor.o)
                              esp-client.co (light_sensor)
contiki-wismote.a(button-sensor.o)
                              contiki-wismote.a(contiki-wismote) (button_sensor)
contiki-wismote.a(node-id.o)  obj_wismote/contiki-wismote-main.o (node_id)
contiki-wismote.a(sensors.o)  contiki-wismote.a(button-sensor.o) (sensors_changed)
contiki-wismote.a(cc2520.o)   obj_wismote/contiki-wismote-main.o (cc2520_set_channel)
contiki-wismote.a(cc2520-arch.o)
                              contiki-wismote.a(cc2520.o) (cc2520_arch_init)
contiki-wismote.a(sky-sensors.o)
                              contiki-wismote.a(light-sensor.o) (sky_sensors_activate)
contiki-wismote.a(uart1.o)    obj_wismote/contiki-wismote-main.o (uart1_active)
contiki-wismote.a(uart1-putchar.o)
                              esp-client.co (putchar)
contiki-wismote.a(msp430.o)   obj_wismote/contiki-wismote-main.o (msp430_cpu_init)
contiki-wismote.a(clock.o)    contiki-wismote.a(etimer.o) (clock_time)
contiki-wismote.a(leds.o)     obj_wismote/contiki-wismote-main.o (leds_init)
contiki-wismote.a(leds-arch.o)
                              contiki-wismote.a(leds.o) (leds_arch_init)
contiki-wismote.a(watchdog.o)
                              obj_wismote/contiki-wismote-main.o (watchdog_start)
contiki-wismote.a(rtimer-arch.o)
                              contiki-wismote.a(rtimer.o) (rtimer_arch_init)
contiki-wismote.a(humidity-sensor)
                              esp-client.co (humidity_sensor)
contiki-wismote.a(gas-sensor.o)
                              esp-client.co (gas_sensor)
contiki-wismote.a(beep.o)     esp-client.co (beep_on)
contiki-wismote.a(temp-sensor.o)
                              esp-client.co (temp_sensor)
contiki-wismote.a(frame802154.o)
                              contiki-wismote.a(framer-802154.o) (frame802154_hdrlen)
contiki-wismote.a(rpl.o)      contiki-wismote.a(uip-ds6-nbr.o) (rpl_link_neighbor_callback)
contiki-wismote.a(rpl-dag.o)  contiki-wismote.a(rpl.o) (rpl_dag_init)
contiki-wismote.a(rpl-icmp6.o)
                              contiki-wismote.a(rpl.o) (dao_output_target)
contiki-wismote.a(rpl-timers.o)
                              contiki-wismote.a(rpl.o) (rpl_reset_periodic_timer)
contiki-wismote.a(rpl-mrhof.o)
                              contiki-wismote.a(rpl-dag.o) (rpl_mrhof)
contiki-wismote.a(rpl-ext-header.)
                              contiki-wismote.a(uip6.o) (rpl_verify_header)
[...]
Memory Configuration

Name             Origin             Length             Attributes
sfr              0x00000000         0x00000010
peripheral_8bit  0x00000010         0x000000f0
peripheral_16bit 0x00000100         0x00000100
bsl              0x00001000         0x00000800
infomem          0x00001800         0x00000200
infod            0x00001800         0x00000080
infoc            0x00001880         0x00000080
infob            0x00001900         0x00000080
infoa            0x00001980         0x00000080
ram              0x00001c00         0x00004000         xw
rom              0x00005c00         0x0000a380         xr
vectors          0x0000ff80         0x00000080
far_rom          0x00010000         0x00035c00
ram2             0x00000000         0x00000000         xw
ram_mirror       0x00000000         0x00000000         xw
usbram           0x00000000         0x00000000         xw
*default*        0x00000000         0xffffffff

Linker script and memory map

LOAD /usr/local/msp430/bin/../lib/gcc/msp430/4.7.0/mcpu-430x/mmpy-16/msr20/mc20/crt0ivtbl64.o
LOAD esp-client.co
LOAD obj_wismote/contiki-wismote-main.o
LOAD contiki-wismote.a
LOAD /usr/local/msp430/bin/../lib/gcc/msp430/4.7.0/mcpu-430x/mmpy-16/msr20/mc20/libgcc.a
LOAD /usr/local/msp430/bin/../lib/gcc/msp430/4.7.0/../../../../msp430/lib/mcpu-430x/mmpy-16/msr20/mc20/libc.a
LOAD /usr/local/msp430/bin/../lib/gcc/msp430/4.7.0/mcpu-430x/mmpy-16/msr20/mc20/libgcc.a
LOAD /usr/local/msp430/bin/../lib/gcc/msp430/4.7.0/mcpu-430x/mmpy-16/msr20/mc20/libcrt0.a
                0x00000080                PROVIDE (__info_segment_size, 0x80)
                0x00001800                PROVIDE (__infod, 0x1800)
                0x00001880                PROVIDE (__infoc, 0x1880)
                0x00001900                PROVIDE (__infob, 0x1900)
                0x00001980                PROVIDE (__infoa, 0x1980)
                0x00000700                __ADC12CTL0_L = 0x700
                0x00000701                __ADC12CTL0_H = 0x701
                0x00000700                __ADC12CTL0 = 0x700
                0x00000702                __ADC12CTL1_L = 0x702
                0x00000703                __ADC12CTL1_H = 0x703
                0x00000702                __ADC12CTL1 = 0x702
                0x00000704                __ADC12CTL2_L = 0x704
                0x00000705                __ADC12CTL2_H = 0x705
                0x00000704                __ADC12CTL2 = 0x704
                0x0000070a                __ADC12IFG_L = 0x70a
                0x0000070b                __ADC12IFG_H = 0x70b
                0x0000070a                __ADC12IFG = 0x70a
                0x0000070c                __ADC12IE_L = 0x70c
                0x0000070d                __ADC12IE_H = 0x70d
                0x0000070c                __ADC12IE = 0x70c
                0x0000070e                __ADC12IV_L = 0x70e
                0x0000070f                __ADC12IV_H = 0x70f
                0x0000070e                __ADC12IV = 0x70e
                0x00000720                __ADC12MEM0_L = 0x720
                0x00000721                __ADC12MEM0_H = 0x721
                0x00000720                __ADC12MEM0 = 0x720
                0x00000722                __ADC12MEM1_L = 0x722
                0x00000723                __ADC12MEM1_H = 0x723
                0x00000722                __ADC12MEM1 = 0x722
                0x00000724                __ADC12MEM2_L = 0x724
                0x00000725                __ADC12MEM2_H = 0x725
                0x00000724                __ADC12MEM2 = 0x724
                0x00000726                __ADC12MEM3_L = 0x726
                0x00000727                __ADC12MEM3_H = 0x727
                0x00000726                __ADC12MEM3 = 0x726
                0x00000728                __ADC12MEM4_L = 0x728
                0x00000729                __ADC12MEM4_H = 0x729
                0x00000728                __ADC12MEM4 = 0x728
                0x0000072a                __ADC12MEM5_L = 0x72a
                0x0000072b                __ADC12MEM5_H = 0x72b
                0x0000072a                __ADC12MEM5 = 0x72a
                0x0000072c                __ADC12MEM6_L = 0x72c
                0x0000072d                __ADC12MEM6_H = 0x72d
                0x0000072c                __ADC12MEM6 = 0x72c
                0x0000072e                __ADC12MEM7_L = 0x72e
                0x0000072f                __ADC12MEM7_H = 0x72f
                0x0000072e                __ADC12MEM7 = 0x72e
                0x00000730                __ADC12MEM8_L = 0x730
                0x00000731                __ADC12MEM8_H = 0x731
                0x00000730                __ADC12MEM8 = 0x730
                0x00000732                __ADC12MEM9_L = 0x732
                0x00000733                __ADC12MEM9_H = 0x733
                0x00000732                __ADC12MEM9 = 0x732
                0x00000734                __ADC12MEM10_L = 0x734
                0x00000735                __ADC12MEM10_H = 0x735
                0x00000734                __ADC12MEM10 = 0x734
                0x00000736                __ADC12MEM11_L = 0x736
                0x00000737                __ADC12MEM11_H = 0x737
                0x00000736                __ADC12MEM11 = 0x736
                0x00000738                __ADC12MEM12_L = 0x738
                0x00000739                __ADC12MEM12_H = 0x739
                0x00000738                __ADC12MEM12 = 0x738
                0x0000073a                __ADC12MEM13_L = 0x73a
                0x0000073b                __ADC12MEM13_H = 0x73b
                0x0000073a                __ADC12MEM13 = 0x73a
                0x0000073c                __ADC12MEM14_L = 0x73c
                0x0000073d                __ADC12MEM14_H = 0x73d
                0x0000073c                __ADC12MEM14 = 0x73c
                0x0000073e                __ADC12MEM15_L = 0x73e
                0x0000073f                __ADC12MEM15_H = 0x73f
                0x0000073e                __ADC12MEM15 = 0x73e
                0x00000710                __ADC12MCTL0 = 0x710
                0x00000711                __ADC12MCTL1 = 0x711
                0x00000712                __ADC12MCTL2 = 0x712
                0x00000713                __ADC12MCTL3 = 0x713
                0x00000714                __ADC12MCTL4 = 0x714
                0x00000715                __ADC12MCTL5 = 0x715
                0x00000716                __ADC12MCTL6 = 0x716
                0x00000717                __ADC12MCTL7 = 0x717
                0x00000718                __ADC12MCTL8 = 0x718
                0x00000719                __ADC12MCTL9 = 0x719
                0x0000071a                __ADC12MCTL10 = 0x71a
                0x0000071b                __ADC12MCTL11 = 0x71b
                0x0000071c                __ADC12MCTL12 = 0x71c
                0x0000071d                __ADC12MCTL13 = 0x71d
                0x0000071e                __ADC12MCTL14 = 0x71e
                0x0000071f                __ADC12MCTL15 = 0x71f
                0x00000150                __CRCDI_L = 0x150
                0x00000151                __CRCDI_H = 0x151
                0x00000150                __CRCDI = 0x150
                0x00000154                __CRCINIRES_L = 0x154
                0x00000155                __CRCINIRES_H = 0x155
                0x00000154                __CRCINIRES = 0x154
                0x00000500                __DMACTL0_L = 0x500
                0x00000501                __DMACTL0_H = 0x501
                0x00000500                __DMACTL0 = 0x500
                0x00000502                __DMACTL1_L = 0x502
                0x00000503                __DMACTL1_H = 0x503
                0x00000502                __DMACTL1 = 0x502
                0x00000504                __DMACTL2_L = 0x504
                0x00000505                __DMACTL2_H = 0x505
                0x00000504                __DMACTL2 = 0x504
                0x00000506                __DMACTL3_L = 0x506
                0x00000507                __DMACTL3_H = 0x507
                0x00000506                __DMACTL3 = 0x506
                0x00000508                __DMACTL4_L = 0x508
                0x00000509                __DMACTL4_H = 0x509
                0x00000508                __DMACTL4 = 0x508
                0x0000050e                __DMAIV_L = 0x50e
                0x0000050f                __DMAIV_H = 0x50f
                0x0000050e                __DMAIV = 0x50e
                0x00000510                __DMA0CTL_L = 0x510
                0x00000511                __DMA0CTL_H = 0x511
                0x00000510                __DMA0CTL = 0x510
                0x00000512                __DMA0SA = 0x512
                0x00000516                __DMA0DA = 0x516
                0x0000051a                __DMA0SZ = 0x51a
                0x00000520                __DMA1CTL_L = 0x520
                0x00000521                __DMA1CTL_H = 0x521
                0x00000520                __DMA1CTL = 0x520
                0x00000522                __DMA1SA = 0x522
                0x00000526                __DMA1DA = 0x526
                0x0000052a                __DMA1SZ = 0x52a
                0x00000530                __DMA2CTL_L = 0x530
                0x00000531                __DMA2CTL_H = 0x531
                0x00000530                __DMA2CTL = 0x530
                0x00000532                __DMA2SA = 0x532
                0x00000536                __DMA2DA = 0x536
                0x0000053a                __DMA2SZ = 0x53a
                0x00000140                __FCTL1_L = 0x140
                0x00000141                __FCTL1_H = 0x141
                0x00000140                __FCTL1 = 0x140
                0x00000144                __FCTL3_L = 0x144
                0x00000145                __FCTL3_H = 0x145
                0x00000144                __FCTL3 = 0x144
                0x00000146                __FCTL4_L = 0x146
                0x00000147                __FCTL4_H = 0x147
                0x00000146                __FCTL4 = 0x146
                0x000004c0                __MPY_L = 0x4c0
                0x000004c1                __MPY_H = 0x4c1
                0x000004c0                __MPY = 0x4c0
                0x000004c2                __MPYS_L = 0x4c2
                0x000004c3                __MPYS_H = 0x4c3
                0x000004c2                __MPYS = 0x4c2
                0x000004c4                __MAC_L = 0x4c4
                0x000004c5                __MAC_H = 0x4c5
                0x000004c4                __MAC = 0x4c4
                0x000004c6                __MACS_L = 0x4c6
                0x000004c7                __MACS_H = 0x4c7
                0x000004c6                __MACS = 0x4c6
                0x000004c8                __OP2_L = 0x4c8
                0x000004c9                __OP2_H = 0x4c9
                0x000004c8                __OP2 = 0x4c8
                0x000004ca                __RESLO_L = 0x4ca
                0x000004cb                __RESLO_H = 0x4cb
                0x000004ca                __RESLO = 0x4ca
                0x000004cc                __RESHI_L = 0x4cc
                0x000004cd                __RESHI_H = 0x4cd
                0x000004cc                __RESHI = 0x4cc
                0x000004ce                __SUMEXT_L = 0x4ce
                0x000004cf                __SUMEXT_H = 0x4cf
                0x000004ce                __SUMEXT = 0x4ce
                0x000004d0                __MPY32L_L = 0x4d0
                0x000004d1                __MPY32L_H = 0x4d1
                0x000004d0                __MPY32L = 0x4d0
                0x000004d2                __MPY32H_L = 0x4d2
                0x000004d3                __MPY32H_H = 0x4d3
                0x000004d2                __MPY32H = 0x4d2
                0x000004d4                __MPYS32L_L = 0x4d4
                0x000004d5                __MPYS32L_H = 0x4d5
                0x000004d4                __MPYS32L = 0x4d4
                0x000004d6                __MPYS32H_L = 0x4d6
                0x000004d7                __MPYS32H_H = 0x4d7
                0x000004d6                __MPYS32H = 0x4d6
                0x000004d8                __MAC32L_L = 0x4d8
                0x000004d9                __MAC32L_H = 0x4d9
                0x000004d8                __MAC32L = 0x4d8
                0x000004da                __MAC32H_L = 0x4da
                0x000004db                __MAC32H_H = 0x4db
                0x000004da                __MAC32H = 0x4da
                0x000004dc                __MACS32L_L = 0x4dc
                0x000004dd                __MACS32L_H = 0x4dd
                0x000004dc                __MACS32L = 0x4dc
                0x000004de                __MACS32H_L = 0x4de
                0x000004df                __MACS32H_H = 0x4df
                0x000004de                __MACS32H = 0x4de
                0x000004e0                __OP2L_L = 0x4e0
                0x000004e1                __OP2L_H = 0x4e1
                0x000004e0                __OP2L = 0x4e0
                0x000004e2                __OP2H_L = 0x4e2
                0x000004e3                __OP2H_H = 0x4e3
                0x000004e2                __OP2H = 0x4e2
                0x000004e4                __RES0_L = 0x4e4
                0x000004e5                __RES0_H = 0x4e5
                0x000004e4                __RES0 = 0x4e4
                0x000004e6                __RES1_L = 0x4e6
                0x000004e7                __RES1_H = 0x4e7
                0x000004e6                __RES1 = 0x4e6
                0x000004e8                __RES2_L = 0x4e8
                0x000004e9                __RES2_H = 0x4e9
                0x000004e8                __RES2 = 0x4e8
                0x000004ea                __RES3_L = 0x4ea
                0x000004eb                __RES3_H = 0x4eb
                0x000004ea                __RES3 = 0x4ea
                0x000004ec                __MPY32CTL0_L = 0x4ec
                0x000004ed                __MPY32CTL0_H = 0x4ed
                0x000004ec                __MPY32CTL0 = 0x4ec
                0x00000200                __PAIN_L = 0x200
                0x00000201                __PAIN_H = 0x201
                0x00000200                __PAIN = 0x200
                0x00000202                __PAOUT_L = 0x202
                0x00000203                __PAOUT_H = 0x203
                0x00000202                __PAOUT = 0x202
                0x00000204                __PADIR_L = 0x204
                0x00000205                __PADIR_H = 0x205
                0x00000204                __PADIR = 0x204
                0x00000206                __PAREN_L = 0x206
                0x00000207                __PAREN_H = 0x207
                0x00000206                __PAREN = 0x206
                0x00000208                __PADS_L = 0x208
                0x00000209                __PADS_H = 0x209
                0x00000208                __PADS = 0x208
                0x0000020a                __PASEL_L = 0x20a
                0x0000020b                __PASEL_H = 0x20b
                0x0000020a                __PASEL = 0x20a
                0x00000218                __PAIES_L = 0x218
                0x00000219                __PAIES_H = 0x219
                0x00000218                __PAIES = 0x218
                0x0000021a                __PAIE_L = 0x21a
                0x0000021b                __PAIE_H = 0x21b
                0x0000021a                __PAIE = 0x21a
                0x0000021c                __PAIFG_L = 0x21c
                0x0000021d                __PAIFG_H = 0x21d
                0x0000021c                __PAIFG = 0x21c
                0x0000020e                __P1IV = 0x20e
                0x0000021e                __P2IV = 0x21e
                0x00000220                __PBIN_L = 0x220
                0x00000221                __PBIN_H = 0x221
                0x00000220                __PBIN = 0x220
                0x00000222                __PBOUT_L = 0x222
                0x00000223                __PBOUT_H = 0x223
                0x00000222                __PBOUT = 0x222
                0x00000224                __PBDIR_L = 0x224
                0x00000225                __PBDIR_H = 0x225
                0x00000224                __PBDIR = 0x224
                0x00000226                __PBREN_L = 0x226
                0x00000227                __PBREN_H = 0x227
                0x00000226                __PBREN = 0x226
                0x00000228                __PBDS_L = 0x228
                0x00000229                __PBDS_H = 0x229
                0x00000228                __PBDS = 0x228
                0x0000022a                __PBSEL_L = 0x22a
                0x0000022b                __PBSEL_H = 0x22b
                0x0000022a                __PBSEL = 0x22a
                0x00000240                __PCIN_L = 0x240
                0x00000241                __PCIN_H = 0x241
                0x00000240                __PCIN = 0x240
                0x00000242                __PCOUT_L = 0x242
                0x00000243                __PCOUT_H = 0x243
                0x00000242                __PCOUT = 0x242
                0x00000244                __PCDIR_L = 0x244
                0x00000245                __PCDIR_H = 0x245
                0x00000244                __PCDIR = 0x244
                0x00000246                __PCREN_L = 0x246
                0x00000247                __PCREN_H = 0x247
                0x00000246                __PCREN = 0x246
                0x00000248                __PCDS_L = 0x248
                0x00000249                __PCDS_H = 0x249
                0x00000248                __PCDS = 0x248
                0x0000024a                __PCSEL_L = 0x24a
                0x0000024b                __PCSEL_H = 0x24b
                0x0000024a                __PCSEL = 0x24a
                0x00000260                __PDIN_L = 0x260
                0x00000261                __PDIN_H = 0x261
                0x00000260                __PDIN = 0x260
                0x00000262                __PDOUT_L = 0x262
                0x00000263                __PDOUT_H = 0x263
                0x00000262                __PDOUT = 0x262
                0x00000264                __PDDIR_L = 0x264
                0x00000265                __PDDIR_H = 0x265
                0x00000264                __PDDIR = 0x264
                0x00000266                __PDREN_L = 0x266
                0x00000267                __PDREN_H = 0x267
                0x00000266                __PDREN = 0x266
                0x00000268                __PDDS_L = 0x268
                0x00000269                __PDDS_H = 0x269
                0x00000268                __PDDS = 0x268
                0x0000026a                __PDSEL_L = 0x26a
                0x0000026b                __PDSEL_H = 0x26b
                0x0000026a                __PDSEL = 0x26a
                0x00000280                __PEIN_L = 0x280
                0x00000281                __PEIN_H = 0x281
                0x00000280                __PEIN = 0x280
                0x00000282                __PEOUT_L = 0x282
                0x00000283                __PEOUT_H = 0x283
                0x00000282                __PEOUT = 0x282
                0x00000284                __PEDIR_L = 0x284
                0x00000285                __PEDIR_H = 0x285
                0x00000284                __PEDIR = 0x284
                0x00000286                __PEREN_L = 0x286
                0x00000287                __PEREN_H = 0x287
                0x00000286                __PEREN = 0x286
                0x00000288                __PEDS_L = 0x288
                0x00000289                __PEDS_H = 0x289
                0x00000288                __PEDS = 0x288
                0x0000028a                __PESEL_L = 0x28a
                0x0000028b                __PESEL_H = 0x28b
                0x0000028a                __PESEL = 0x28a
                0x000002a0                __PFIN_L = 0x2a0
                0x000002a1                __PFIN_H = 0x2a1
                0x000002a0                __PFIN = 0x2a0
                0x000002a2                __PFOUT_L = 0x2a2
                0x000002a3                __PFOUT_H = 0x2a3
                0x000002a2                __PFOUT = 0x2a2
                0x000002a4                __PFDIR_L = 0x2a4
                0x000002a5                __PFDIR_H = 0x2a5
                0x000002a4                __PFDIR = 0x2a4
                0x000002a6                __PFREN_L = 0x2a6
                0x000002a7                __PFREN_H = 0x2a7
                0x000002a6                __PFREN = 0x2a6
                0x000002a8                __PFDS_L = 0x2a8
                0x000002a9                __PFDS_H = 0x2a9
                0x000002a8                __PFDS = 0x2a8
                0x000002aa                __PFSEL_L = 0x2aa
                0x000002ab                __PFSEL_H = 0x2ab
                0x000002aa                __PFSEL = 0x2aa
                0x00000320                __PJIN_L = 0x320
                0x00000321                __PJIN_H = 0x321
                0x00000320                __PJIN = 0x320
                0x00000322                __PJOUT_L = 0x322
                0x00000323                __PJOUT_H = 0x323
                0x00000322                __PJOUT = 0x322
                0x00000324                __PJDIR_L = 0x324
                0x00000325                __PJDIR_H = 0x325
                0x00000324                __PJDIR = 0x324
                0x00000326                __PJREN_L = 0x326
                0x00000327                __PJREN_H = 0x327
                0x00000326                __PJREN = 0x326
                0x00000328                __PJDS_L = 0x328
                0x00000329                __PJDS_H = 0x329
                0x00000328                __PJDS = 0x328
                0x00000120                __PMMCTL0_L = 0x120
                0x00000121                __PMMCTL0_H = 0x121
                0x00000120                __PMMCTL0 = 0x120
                0x00000122                __PMMCTL1_L = 0x122
                0x00000123                __PMMCTL1_H = 0x123
                0x00000122                __PMMCTL1 = 0x122
                0x00000124                __SVSMHCTL_L = 0x124
                0x00000125                __SVSMHCTL_H = 0x125
                0x00000124                __SVSMHCTL = 0x124
                0x00000126                __SVSMLCTL_L = 0x126
                0x00000127                __SVSMLCTL_H = 0x127
                0x00000126                __SVSMLCTL = 0x126
                0x00000128                __SVSMIO_L = 0x128
                0x00000129                __SVSMIO_H = 0x129
                0x00000128                __SVSMIO = 0x128
                0x0000012c                __PMMIFG_L = 0x12c
                0x0000012d                __PMMIFG_H = 0x12d
                0x0000012c                __PMMIFG = 0x12c
                0x0000012e                __PMMRIE_L = 0x12e
                0x0000012f                __PMMRIE_H = 0x12f
                0x0000012e                __PMMRIE = 0x12e
                0x00000158                __RCCTL0_L = 0x158
                0x00000159                __RCCTL0_H = 0x159
                0x00000158                __RCCTL0 = 0x158
                0x000004a0                __RTCCTL01_L = 0x4a0
                0x000004a1                __RTCCTL01_H = 0x4a1
                0x000004a0                __RTCCTL01 = 0x4a0
                0x000004a2                __RTCCTL23_L = 0x4a2
                0x000004a3                __RTCCTL23_H = 0x4a3
                0x000004a2                __RTCCTL23 = 0x4a2
                0x000004a8                __RTCPS0CTL_L = 0x4a8
                0x000004a9                __RTCPS0CTL_H = 0x4a9
                0x000004a8                __RTCPS0CTL = 0x4a8
                0x000004aa                __RTCPS1CTL_L = 0x4aa
                0x000004ab                __RTCPS1CTL_H = 0x4ab
                0x000004aa                __RTCPS1CTL = 0x4aa
                0x000004ac                __RTCPS_L = 0x4ac
                0x000004ad                __RTCPS_H = 0x4ad
                0x000004ac                __RTCPS = 0x4ac
                0x000004ae                __RTCIV = 0x4ae
                0x000004b0                __RTCTIM0_L = 0x4b0
                0x000004b1                __RTCTIM0_H = 0x4b1
                0x000004b0                __RTCTIM0 = 0x4b0
                0x000004b2                __RTCTIM1_L = 0x4b2
                0x000004b3                __RTCTIM1_H = 0x4b3
                0x000004b2                __RTCTIM1 = 0x4b2
                0x000004b4                __RTCDATE_L = 0x4b4
                0x000004b5                __RTCDATE_H = 0x4b5
                0x000004b4                __RTCDATE = 0x4b4
                0x000004b6                __RTCYEAR_L = 0x4b6
                0x000004b7                __RTCYEAR_H = 0x4b7
                0x000004b6                __RTCYEAR = 0x4b6
                0x000004b8                __RTCAMINHR_L = 0x4b8
                0x000004b9                __RTCAMINHR_H = 0x4b9
                0x000004b8                __RTCAMINHR = 0x4b8
                0x000004ba                __RTCADOWDAY_L = 0x4ba
                0x000004bb                __RTCADOWDAY_H = 0x4bb
                0x000004ba                __RTCADOWDAY = 0x4ba
                0x00000100                __SFRIE1_L = 0x100
                0x00000101                __SFRIE1_H = 0x101
                0x00000100                __SFRIE1 = 0x100
                0x00000102                __SFRIFG1_L = 0x102
                0x00000103                __SFRIFG1_H = 0x103
                0x00000102                __SFRIFG1 = 0x102
                0x00000104                __SFRRPCR_L = 0x104
                0x00000105                __SFRRPCR_H = 0x105
                0x00000104                __SFRRPCR = 0x104
                0x00000180                __SYSCTL_L = 0x180
                0x00000181                __SYSCTL_H = 0x181
                0x00000180                __SYSCTL = 0x180
                0x00000182                __SYSBSLC_L = 0x182
                0x00000183                __SYSBSLC_H = 0x183
                0x00000182                __SYSBSLC = 0x182
                0x00000186                __SYSJMBC_L = 0x186
                0x00000187                __SYSJMBC_H = 0x187
                0x00000186                __SYSJMBC = 0x186
                0x00000188                __SYSJMBI0_L = 0x188
                0x00000189                __SYSJMBI0_H = 0x189
                0x00000188                __SYSJMBI0 = 0x188
                0x0000018a                __SYSJMBI1_L = 0x18a
                0x0000018b                __SYSJMBI1_H = 0x18b
                0x0000018a                __SYSJMBI1 = 0x18a
                0x0000018c                __SYSJMBO0_L = 0x18c
                0x0000018d                __SYSJMBO0_H = 0x18d
                0x0000018c                __SYSJMBO0 = 0x18c
                0x0000018e                __SYSJMBO1_L = 0x18e
                0x0000018f                __SYSJMBO1_H = 0x18f
                0x0000018e                __SYSJMBO1 = 0x18e
                0x0000019a                __SYSUNIV_L = 0x19a
                0x0000019b                __SYSUNIV_H = 0x19b
                0x0000019a                __SYSUNIV = 0x19a
                0x0000019c                __SYSSNIV_L = 0x19c
                0x0000019d                __SYSSNIV_H = 0x19d
                0x0000019c                __SYSSNIV = 0x19c
                0x0000019e                __SYSRSTIV_L = 0x19e
                0x0000019f                __SYSRSTIV_H = 0x19f
                0x0000019e                __SYSRSTIV = 0x19e
                0x00000340                __TA0CTL = 0x340
                0x00000342                __TA0CCTL0 = 0x342
                0x00000344                __TA0CCTL1 = 0x344
                0x00000346                __TA0CCTL2 = 0x346
                0x00000348                __TA0CCTL3 = 0x348
                0x0000034a                __TA0CCTL4 = 0x34a
                0x00000350                __TA0R = 0x350
                0x00000352                __TA0CCR0 = 0x352
                0x00000354                __TA0CCR1 = 0x354
                0x00000356                __TA0CCR2 = 0x356
                0x00000358                __TA0CCR3 = 0x358
                0x0000035a                __TA0CCR4 = 0x35a
                0x0000036e                __TA0IV = 0x36e
                0x00000360                __TA0EX0 = 0x360
                0x00000380                __TA1CTL = 0x380
                0x00000382                __TA1CCTL0 = 0x382
                0x00000384                __TA1CCTL1 = 0x384
                0x00000386                __TA1CCTL2 = 0x386
                0x00000390                __TA1R = 0x390
                0x00000392                __TA1CCR0 = 0x392
                0x00000394                __TA1CCR1 = 0x394
                0x00000396                __TA1CCR2 = 0x396
                0x000003ae                __TA1IV = 0x3ae
                0x000003a0                __TA1EX0 = 0x3a0
                0x000003c0                __TB0CTL = 0x3c0
                0x000003c2                __TB0CCTL0 = 0x3c2
                0x000003c4                __TB0CCTL1 = 0x3c4
                0x000003c6                __TB0CCTL2 = 0x3c6
                0x000003c8                __TB0CCTL3 = 0x3c8
                0x000003ca                __TB0CCTL4 = 0x3ca
                0x000003cc                __TB0CCTL5 = 0x3cc
                0x000003ce                __TB0CCTL6 = 0x3ce
                0x000003d0                __TB0R = 0x3d0
                0x000003d2                __TB0CCR0 = 0x3d2
                0x000003d4                __TB0CCR1 = 0x3d4
                0x000003d6                __TB0CCR2 = 0x3d6
                0x000003d8                __TB0CCR3 = 0x3d8
                0x000003da                __TB0CCR4 = 0x3da
                0x000003dc                __TB0CCR5 = 0x3dc
                0x000003de                __TB0CCR6 = 0x3de
                0x000003e0                __TB0EX0 = 0x3e0
                0x000003ee                __TB0IV = 0x3ee
                0x00000160                __UCSCTL0_L = 0x160
                0x00000161                __UCSCTL0_H = 0x161
                0x00000160                __UCSCTL0 = 0x160
                0x00000162                __UCSCTL1_L = 0x162
                0x00000163                __UCSCTL1_H = 0x163
                0x00000162                __UCSCTL1 = 0x162
                0x00000164                __UCSCTL2_L = 0x164
                0x00000165                __UCSCTL2_H = 0x165
                0x00000164                __UCSCTL2 = 0x164
                0x00000166                __UCSCTL3_L = 0x166
                0x00000167                __UCSCTL3_H = 0x167
                0x00000166                __UCSCTL3 = 0x166
                0x00000168                __UCSCTL4_L = 0x168
                0x00000169                __UCSCTL4_H = 0x169
                0x00000168                __UCSCTL4 = 0x168
                0x0000016a                __UCSCTL5_L = 0x16a
                0x0000016b                __UCSCTL5_H = 0x16b
                0x0000016a                __UCSCTL5 = 0x16a
                0x0000016c                __UCSCTL6_L = 0x16c
                0x0000016d                __UCSCTL6_H = 0x16d
                0x0000016c                __UCSCTL6 = 0x16c
                0x0000016e                __UCSCTL7_L = 0x16e
                0x0000016f                __UCSCTL7_H = 0x16f
                0x0000016e                __UCSCTL7 = 0x16e
                0x00000170                __UCSCTL8_L = 0x170
                0x00000171                __UCSCTL8_H = 0x171
                0x00000170                __UCSCTL8 = 0x170
                0x000005c0                __UCA0CTLW0_L = 0x5c0
                0x000005c1                __UCA0CTLW0_H = 0x5c1
                0x000005c0                __UCA0CTLW0 = 0x5c0
                0x000005c6                __UCA0BRW_L = 0x5c6
                0x000005c7                __UCA0BRW_H = 0x5c7
                0x000005c6                __UCA0BRW = 0x5c6
                0x000005c8                __UCA0MCTL = 0x5c8
                0x000005ca                __UCA0STAT = 0x5ca
                0x000005cc                __UCA0RXBUF = 0x5cc
                0x000005ce                __UCA0TXBUF = 0x5ce
                0x000005d0                __UCA0ABCTL = 0x5d0
                0x000005d2                __UCA0IRCTL_L = 0x5d2
                0x000005d3                __UCA0IRCTL_H = 0x5d3
                0x000005d2                __UCA0IRCTL = 0x5d2
                0x000005dc                __UCA0ICTL_L = 0x5dc
                0x000005dd                __UCA0ICTL_H = 0x5dd
                0x000005dc                __UCA0ICTL = 0x5dc
                0x000005de                __UCA0IV = 0x5de
                0x000005e0                __UCB0CTLW0_L = 0x5e0
                0x000005e1                __UCB0CTLW0_H = 0x5e1
                0x000005e0                __UCB0CTLW0 = 0x5e0
                0x000005e6                __UCB0BRW_L = 0x5e6
                0x000005e7                __UCB0BRW_H = 0x5e7
                0x000005e6                __UCB0BRW = 0x5e6
                0x000005ea                __UCB0STAT = 0x5ea
                0x000005ec                __UCB0RXBUF = 0x5ec
                0x000005ee                __UCB0TXBUF = 0x5ee
                0x000005f0                __UCB0I2COA_L = 0x5f0
                0x000005f1                __UCB0I2COA_H = 0x5f1
                0x000005f0                __UCB0I2COA = 0x5f0
                0x000005f2                __UCB0I2CSA_L = 0x5f2
                0x000005f3                __UCB0I2CSA_H = 0x5f3
                0x000005f2                __UCB0I2CSA = 0x5f2
                0x000005fc                __UCB0ICTL_L = 0x5fc
                0x000005fd                __UCB0ICTL_H = 0x5fd
                0x000005fc                __UCB0ICTL = 0x5fc
                0x000005fe                __UCB0IV = 0x5fe
                0x00000600                __UCA1CTLW0_L = 0x600
                0x00000601                __UCA1CTLW0_H = 0x601
                0x00000600                __UCA1CTLW0 = 0x600
                0x00000606                __UCA1BRW_L = 0x606
                0x00000607                __UCA1BRW_H = 0x607
                0x00000606                __UCA1BRW = 0x606
                0x00000608                __UCA1MCTL = 0x608
                0x0000060a                __UCA1STAT = 0x60a
                0x0000060c                __UCA1RXBUF = 0x60c
                0x0000060e                __UCA1TXBUF = 0x60e
                0x00000610                __UCA1ABCTL = 0x610
                0x00000612                __UCA1IRCTL_L = 0x612
                0x00000613                __UCA1IRCTL_H = 0x613
                0x00000612                __UCA1IRCTL = 0x612
                0x0000061c                __UCA1ICTL_L = 0x61c
                0x0000061d                __UCA1ICTL_H = 0x61d
                0x0000061c                __UCA1ICTL = 0x61c
                0x0000061e                __UCA1IV = 0x61e
                0x00000620                __UCB1CTLW0_L = 0x620
                0x00000621                __UCB1CTLW0_H = 0x621
                0x00000620                __UCB1CTLW0 = 0x620
                0x00000626                __UCB1BRW_L = 0x626
                0x00000627                __UCB1BRW_H = 0x627
                0x00000626                __UCB1BRW = 0x626
                0x0000062a                __UCB1STAT = 0x62a
                0x0000062c                __UCB1RXBUF = 0x62c
                0x0000062e                __UCB1TXBUF = 0x62e
                0x00000630                __UCB1I2COA_L = 0x630
                0x00000631                __UCB1I2COA_H = 0x631
                0x00000630                __UCB1I2COA = 0x630
                0x00000632                __UCB1I2CSA_L = 0x632
                0x00000633                __UCB1I2CSA_H = 0x633
                0x00000632                __UCB1I2CSA = 0x632
                0x0000063c                __UCB1ICTL_L = 0x63c
                0x0000063d                __UCB1ICTL_H = 0x63d
                0x0000063c                __UCB1ICTL = 0x63c
                0x0000063e                __UCB1IV = 0x63e
                0x0000015c                __WDTCTL_L = 0x15c
                0x0000015d                __WDTCTL_H = 0x15d
                0x0000015c                __WDTCTL = 0x15c

.hash
 *(.hash)

.dynsym
 *(.dynsym)

.dynstr
 *(.dynstr)

.gnu.version
 *(.gnu.version)

.gnu.version_d
 *(.gnu.version_d)

.gnu.version_r
 *(.gnu.version_r)

.rel.init
 *(.rel.init)

.rela.init
 *(.rela.init)

.rel.fini
 *(.rel.fini)

.rela.fini
 *(.rela.fini)

.rel.text
 *(.rel.text .rel.text.* .rel.gnu.linkonce.t.*)

.rela.text
 *(.rela.text .rela.text.* .rela.gnu.linkonce.t.*)

.rel.rodata
 *(.rel.rodata .rel.rodata.* .rel.gnu.linkonce.r.*)

.rela.rodata
 *(.rela.rodata .rela.rodata.* .rela.gnu.linkonce.r.*)

.rel.data
 *(.rel.data .rel.data.* .rel.gnu.linkonce.d.*)

.rela.data
 *(.rela.data .rela.data.* .rela.gnu.linkonce.d.*)

.rel.bss
 *(.rel.bss .rel.bss.* .rel.gnu.linkonce.b.*)

.rela.bss
 *(.rela.bss .rela.bss.* .rela.gnu.linkonce.b.*)

.rel.ctors
 *(.rel.ctors)

.rela.ctors
 *(.rela.ctors)

.rel.dtors
 *(.rel.dtors)

.rela.dtors
 *(.rela.dtors)

.rel.got
 *(.rel.got)

.rela.got
 *(.rela.got)

.rel.plt
 *(.rel.plt)

.rela.plt
 *(.rela.plt)

.text           0x00005c00     0x199e
                0x00005c00                . = ALIGN (0x2)
 *(.init .init.*)
 *(.init0)
 .init0         0x00005c00        0x0 /usr/local/msp430/bin/../lib/gcc/msp430/4.7.0/mcpu-430x/mmpy-16/msr20/mc20/libcrt0.a(_reset_vector__.o)
                0x00005c00                _reset_vector__
 *(.init1)
 .init1         0x00005c00        0xc /usr/local/msp430/bin/../lib/gcc/msp430/4.7.0/mcpu-430x/mmpy-16/msr20/mc20/libcrt0.a(__watchdog_support.o)
                0x00005c00                __watchdog_support
 *(.init2)
 .init2         0x00005c0c        0x4 /usr/local/msp430/bin/../lib/gcc/msp430/4.7.0/mcpu-430x/mmpy-16/msr20/mc20/libcrt0.a(__init_stack.o)
                0x00005c0c                __init_stack
 *(.init3)
 .init3         0x00005c10        0x0 /usr/local/msp430/bin/../lib/gcc/msp430/4.7.0/mcpu-430x/mmpy-16/msr20/mc20/libcrt0.a(__low_level_init.o)
                0x00005c10                __low_level_init
 *(.init4)
 .init4         0x00005c10       0x18 /usr/local/msp430/bin/../lib/gcc/msp430/4.7.0/mcpu-430x/mmpy-16/msr20/mc20/libcrt0.a(_copy_data.o)
                0x00005c10                __do_copy_data
 .init4         0x00005c28       0x16 /usr/local/msp430/bin/../lib/gcc/msp430/4.7.0/mcpu-430x/mmpy-16/msr20/mc20/libcrt0.a(_clear_bss.o)
                0x00005c28                __do_clear_bss
 *(.init5)
 *(.init6)
 *(.init7)
 *(.init8)
 *(.init9)
 .init9         0x00005c3e      0x32a obj_wismote/contiki-wismote-main.o
                0x00005c3e                main
 *(.fini9)
 .fini9         0x00005f68        0x0 /usr/local/msp430/bin/../lib/gcc/msp430/4.7.0/mcpu-430x/mmpy-16/msr20/mc20/libcrt0.a(__stop_progExec__.o)
                0x00005f68                __stop_progExec__
 *(.fini8)
 *(.fini7)
 *(.fini6)
 *(.fini5)
 *(.fini4)
 *(.fini3)
 *(.fini2)
 *(.fini1)
 *(.fini0)
 .fini0         0x00005f68        0x6 /usr/local/msp430/bin/../lib/gcc/msp430/4.7.0/mcpu-430x/mmpy-16/msr20/mc20/libcrt0.a(_endless_loop__.o)
                0x00005f68                _endless_loop__
 *(.fini .fini.*)
                0x00005f6e                . = ALIGN (0x2)
                0x00005f6e                __ctors_start = .
 *(.ctors)
                0x00005f6e                __ctors_end = .
                0x00005f6e                __dtors_start = .
 *(.dtors)
                0x00005f6e                __dtors_end = .
                0x00005f6e                . = ALIGN (0x2)
 *(.text .text.* .gnu.linkonce.t.*)
 .text          0x00005f6e        0x4 /usr/local/msp430/bin/../lib/gcc/msp430/4.7.0/mcpu-430x/mmpy-16/msr20/mc20/crt0ivtbl64.o
                0x00005f6e                __isr_37
                0x00005f6e                __isr_51
                0x00005f6e                __isr_57
                0x00005f6e                __isr_33
                0x00005f6e                __isr_32
                0x00005f6e                __isr_54
                0x00005f6e                __isr_59
                0x00005f6e                __isr_39
                0x00005f6e                __isr_53
                0x00005f6e                __isr_41
                0x00005f6e                __isr_60
                0x00005f6e                __isr_36
                0x00005f6e                __isr_34
                0x00005f6e                __isr_44
                0x00005f6e                __isr_61
                0x00005f6e                __isr_55
                0x00005f6e                __isr_43
                0x00005f6e                __isr_50
                0x00005f6e                __isr_56
                0x00005f6e                __isr_38
                0x00005f6e                __isr_35
                0x00005f6e                __isr_45
                0x00005f6e                __isr_62
                0x00005f6e                __isr_52
                0x00005f6e                __isr_40
 .text.libgcc   0x00005f72       0x22 /usr/local/msp430/bin/../lib/gcc/msp430/4.7.0/mcpu-430x/mmpy-16/msr20/mc20/libgcc.a(_udivmod16.o)
                0x00005f72                __udivhi3
                0x00005f72                __ext_udivmod16
                0x00005f8c                __umodhi3
 .text.libgcc   0x00005f94       0x3a /usr/local/msp430/bin/../lib/gcc/msp430/4.7.0/mcpu-430x/mmpy-16/msr20/mc20/libgcc.a(_divmod16.o)
                0x00005f94                __ext_divmod16
                0x00005f94                __divhi3
                0x00005fc6                __modhi3
 .text.libgcc   0x00005fce       0x38 /usr/local/msp430/bin/../lib/gcc/msp430/4.7.0/mcpu-430x/mmpy-16/msr20/mc20/libgcc.a(_udivmod32.o)
                0x00005fce                __udivsi3
                0x00005fce                __ext_udivmod32
                0x00005ffc                __umodsi3
 .text          0x00006006       0x4e /usr/local/msp430/bin/../lib/gcc/msp430/4.7.0/mcpu-430x/mmpy-16/msr20/mc20/libgcc.a(_ge_sf.o)
                0x00006006                __gesf2
 .text          0x00006054       0xa4 /usr/local/msp430/bin/../lib/gcc/msp430/4.7.0/mcpu-430x/mmpy-16/msr20/mc20/libgcc.a(_si_to_sf.o)
                0x00006054                __floatsisf
 .text          0x000060f8       0x6a /usr/local/msp430/bin/../lib/gcc/msp430/4.7.0/mcpu-430x/mmpy-16/msr20/mc20/libgcc.a(_clzsi2.o)
                0x000060f8                __clzsi2
 .text          0x00006162      0x1c8 /usr/local/msp430/bin/../lib/gcc/msp430/4.7.0/mcpu-430x/mmpy-16/msr20/mc20/libgcc.a(_pack_sf.o)
                0x00006162                __pack_f
 .text          0x0000632a      0x10c /usr/local/msp430/bin/../lib/gcc/msp430/4.7.0/mcpu-430x/mmpy-16/msr20/mc20/libgcc.a(_unpack_sf.o)
                0x0000632a                __unpack_f
 .text          0x00006436       0xa4 /usr/local/msp430/bin/../lib/gcc/msp430/4.7.0/mcpu-430x/mmpy-16/msr20/mc20/libgcc.a(_fpcmp_parts_sf.o)
                0x00006436                __fpcmp_parts_f
 .text.printf   0x000064da       0x10 /usr/local/msp430/bin/../lib/gcc/msp430/4.7.0/../../../../msp430/lib/mcpu-430x/mmpy-16/msr20/mc20/libc.a(printf.o)
                0x000064da                printf
 .text.append   0x000064ea       0x22 /usr/local/msp430/bin/../lib/gcc/msp430/4.7.0/../../../../msp430/lib/mcpu-430x/mmpy-16/msr20/mc20/libc.a(sprintf.o)
 .text.call_vuprintf
                0x0000650c       0x36 /usr/local/msp430/bin/../lib/gcc/msp430/4.7.0/../../../../msp430/lib/mcpu-430x/mmpy-16/msr20/mc20/libc.a(sprintf.o)
 .text.sprintf  0x00006542       0x1a /usr/local/msp430/bin/../lib/gcc/msp430/4.7.0/../../../../msp430/lib/mcpu-430x/mmpy-16/msr20/mc20/libc.a(sprintf.o)
                0x00006542                sprintf
 .text.print_field
                0x0000655c      0x176 /usr/local/msp430/bin/../lib/gcc/msp430/4.7.0/../../../../msp430/lib/mcpu-430x/mmpy-16/msr20/mc20/libc.a(vuprintf.o)
 .text.vuprintf
                0x000066d2      0x74c /usr/local/msp430/bin/../lib/gcc/msp430/4.7.0/../../../../msp430/lib/mcpu-430x/mmpy-16/msr20/mc20/libc.a(vuprintf.o)
                0x000066d2                vuprintf
 .text.puts     0x00006e1e       0x2c /usr/local/msp430/bin/../lib/gcc/msp430/4.7.0/../../../../msp430/lib/mcpu-430x/mmpy-16/msr20/mc20/libc.a(puts.o)
                0x00006e1e                puts
 .text.rand     0x00006e4a       0x26 /usr/local/msp430/bin/../lib/gcc/msp430/4.7.0/../../../../msp430/lib/mcpu-430x/mmpy-16/msr20/mc20/libc.a(rand.o)
                0x00006e4a                rand
 .text.srand    0x00006e70        0xa /usr/local/msp430/bin/../lib/gcc/msp430/4.7.0/../../../../msp430/lib/mcpu-430x/mmpy-16/msr20/mc20/libc.a(rand.o)
                0x00006e70                srand
 .text.strncat  0x00006e7a       0x2c /usr/local/msp430/bin/../lib/gcc/msp430/4.7.0/../../../../msp430/lib/mcpu-430x/mmpy-16/msr20/mc20/libc.a(strncat.o)
                0x00006e7a                strncat
 .text.strcmp   0x00006ea6       0x1e /usr/local/msp430/bin/../lib/gcc/msp430/4.7.0/../../../../msp430/lib/mcpu-430x/mmpy-16/msr20/mc20/libc.a(strcmp.o)
                0x00006ea6                strcmp
 .text.memcmp   0x00006ec4       0x2c /usr/local/msp430/bin/../lib/gcc/msp430/4.7.0/../../../../msp430/lib/mcpu-430x/mmpy-16/msr20/mc20/libc.a(memcmp.o)
                0x00006ec4                memcmp
 .text.strncpy  0x00006ef0       0x2a /usr/local/msp430/bin/../lib/gcc/msp430/4.7.0/../../../../msp430/lib/mcpu-430x/mmpy-16/msr20/mc20/libc.a(strncpy.o)
                0x00006ef0                strncpy
 .text.memcpy   0x00006f1a       0xe8 /usr/local/msp430/bin/../lib/gcc/msp430/4.7.0/../../../../msp430/lib/mcpu-430x/mmpy-16/msr20/mc20/libc.a(memcpy.o)
                0x00006f1a                memcpy
 .text.memmove  0x00007002       0xe8 /usr/local/msp430/bin/../lib/gcc/msp430/4.7.0/../../../../msp430/lib/mcpu-430x/mmpy-16/msr20/mc20/libc.a(memmove.o)
                0x00007002                memmove
 .text.memset   0x000070ea       0x5c /usr/local/msp430/bin/../lib/gcc/msp430/4.7.0/../../../../msp430/lib/mcpu-430x/mmpy-16/msr20/mc20/libc.a(memset.o)
                0x000070ea                memset
 .text.strcasecmp
                0x00007146       0x6c /usr/local/msp430/bin/../lib/gcc/msp430/4.7.0/../../../../msp430/lib/mcpu-430x/mmpy-16/msr20/mc20/libc.a(strcasecmp.o)
                0x00007146                strcasecmp
 .text.strcat   0x000071b2       0x1a /usr/local/msp430/bin/../lib/gcc/msp430/4.7.0/../../../../msp430/lib/mcpu-430x/mmpy-16/msr20/mc20/libc.a(strcat.o)
                0x000071b2                strcat
 .text.strncasecmp
                0x000071cc       0x7c /usr/local/msp430/bin/../lib/gcc/msp430/4.7.0/../../../../msp430/lib/mcpu-430x/mmpy-16/msr20/mc20/libc.a(strncasecmp.o)
                0x000071cc                strncasecmp
 .text.libgcc   0x00007248       0x26 /usr/local/msp430/bin/../lib/gcc/msp430/4.7.0/mcpu-430x/mmpy-16/msr20/mc20/libgcc.a(_mulsi3.o)
                0x00007248                __mulsi3
 .text.libgcc   0x0000726e       0xbc /usr/local/msp430/bin/../lib/gcc/msp430/4.7.0/mcpu-430x/mmpy-16/msr20/mc20/libgcc.a(_udivmod64.o)
                0x0000726e                __xabi_udivmod64
                0x000072c0                __udivdi3
                0x000072da                __umoddi3
                0x000072fc                __udivmoddi4
 .text.crt0     0x0000732a        0x2 /usr/local/msp430/bin/../lib/gcc/msp430/4.7.0/mcpu-430x/mmpy-16/msr20/mc20/libcrt0.a(_unexpected_.o)
                0x0000732a                _unexpected_
 *(.near.text .near.text.*)
 .near.text.irq_p2
                0x0000732c       0x74 contiki-wismote.a(button-sensor.o)
                0x0000732c                irq_p2
                0x0000732c                __isr_42
 .near.text.cc2520_port1_interrupt
                0x000073a0       0x4e contiki-wismote.a(cc2520-arch.o)
                0x000073a0                __isr_47
                0x000073a0                cc2520_port1_interrupt
 .near.text.uart1_rx_interrupt
                0x000073ee       0x6c contiki-wismote.a(uart1.o)
                0x000073ee                __isr_46
                0x000073ee                uart1_rx_interrupt
 .near.text.timera1
                0x0000745a       0xe2 contiki-wismote.a(clock.o)
                0x0000745a                __isr_48
                0x0000745a                timera1
 .near.text.watchdog_interrupt
                0x0000753c        0x6 contiki-wismote.a(watchdog.o)
                0x0000753c                watchdog_interrupt
                0x0000753c                __isr_58
 .near.text.timera0
                0x00007542       0x5c contiki-wismote.a(rtimer-arch.o)
                0x00007542                __isr_49
                0x00007542                timera0

.rodata         0x000075a0      0x609
                0x000075a0                . = ALIGN (0x2)
 *(.rodata .rodata.* .gnu.linkonce.r.*)
 .rodata.process_thread_udp_client_process
                0x000075a0      0x1bc esp-client.co
 .rodata.autostart_processes
                0x0000775c        0x8 esp-client.co
                0x0000775c                autostart_processes
 .rodata        0x00007764       0x19 esp-client.co
 .rodata        0x0000777d      0x118 obj_wismote/contiki-wismote-main.o
 *fill*         0x00007895        0x1 00
 .rodata.rimeaddr_null
                0x00007896        0x8 contiki-wismote.a(rimeaddr.o)
                0x00007896                rimeaddr_null
 .rodata        0x0000789e        0x8 contiki-wismote.a(nullmac.o)
 .rodata.nullmac_driver
                0x000078a6       0x1a contiki-wismote.a(nullmac.o)
                0x000078a6                nullmac_driver
 .rodata        0x000078c0        0x8 contiki-wismote.a(nullrdc.o)
 .rodata.nullrdc_driver
                0x000078c8       0x1e contiki-wismote.a(nullrdc.o)
                0x000078c8                nullrdc_driver
 .rodata.framer_802154
                0x000078e6        0x8 contiki-wismote.a(framer-802154.o)
                0x000078e6                framer_802154
 .rodata        0x000078ee        0xc contiki-wismote.a(etimer.o)
 .rodata        0x000078fa        0xf contiki-wismote.a(ctimer.o)
 .rodata.resolv_found
                0x00007909        0x7 contiki-wismote.a(resolv.o)
 .rodata.process_thread_resolv_process
                0x00007910        0x8 contiki-wismote.a(resolv.o)
 .rodata        0x00007918       0x18 contiki-wismote.a(resolv.o)
 .rodata.resolv_mdns_addr
                0x00007930       0x10 contiki-wismote.a(resolv.o)
 .rodata.nsec_record.3425
                0x00007940       0x12 contiki-wismote.a(resolv.o)
 .rodata.local_suffix.3517
                0x00007952        0x6 contiki-wismote.a(resolv.o)
 .rodata        0x00007958        0xb contiki-wismote.a(sicslowpan.o)
 *fill*         0x00007963        0x1 00
 .rodata.sicslowpan_driver
                0x00007964        0xa contiki-wismote.a(sicslowpan.o)
                0x00007964                sicslowpan_driver
 .rodata.llprefix
                0x0000796e        0x2 contiki-wismote.a(sicslowpan.o)
                0x0000796e                llprefix
 .rodata.unc_mxconf
                0x00007970        0x4 contiki-wismote.a(sicslowpan.o)
                0x00007970                unc_mxconf
 .rodata.unc_ctxconf
                0x00007974        0x4 contiki-wismote.a(sicslowpan.o)
                0x00007974                unc_ctxconf
 .rodata.unc_llconf
                0x00007978        0x4 contiki-wismote.a(sicslowpan.o)
                0x00007978                unc_llconf
 .rodata.ttl_values
                0x0000797c        0x4 contiki-wismote.a(sicslowpan.o)
 .rodata        0x00007980        0xd contiki-wismote.a(tcpip.o)
 .rodata.uip_debug_ipaddr_print
                0x0000798d       0x15 contiki-wismote.a(uip-debug.o)
 *fill*         0x000079a2        0x2 00
 .rodata.uip_process
                0x000079a4       0x40 contiki-wismote.a(uip6.o)
 .rodata        0x000079e4        0x6 contiki-wismote.a(light-sensor.o)
 .rodata.light_sensor
                0x000079ea        0xe contiki-wismote.a(light-sensor.o)
                0x000079ea                light_sensor
 .rodata        0x000079f8        0x7 contiki-wismote.a(button-sensor.o)
 *fill*         0x000079ff        0x1 00
 .rodata.button_sensor
                0x00007a00        0xe contiki-wismote.a(button-sensor.o)
                0x00007a00                button_sensor
 .rodata        0x00007a0e        0x8 contiki-wismote.a(sensors.o)
 .rodata.cc2520_driver
                0x00007a16       0x28 contiki-wismote.a(cc2520.o)
                0x00007a16                cc2520_driver
 .rodata        0x00007a3e        0xe contiki-wismote.a(cc2520.o)
 .rodata        0x00007a4c        0x9 contiki-wismote.a(humidity-sensor)
 *fill*         0x00007a55        0x1 00
 .rodata.humidity_sensor
                0x00007a56        0xe contiki-wismote.a(humidity-sensor)
                0x00007a56                humidity_sensor
 .rodata        0x00007a64        0x4 contiki-wismote.a(gas-sensor.o)
 .rodata.gas_sensor
                0x00007a68        0xe contiki-wismote.a(gas-sensor.o)
                0x00007a68                gas_sensor
 .rodata.beep_on
                0x00007a76        0xb contiki-wismote.a(beep.o)
 .rodata.beep_off
                0x00007a81        0xc contiki-wismote.a(beep.o)
 .rodata        0x00007a8d        0x5 contiki-wismote.a(temp-sensor.o)
 .rodata.temp_sensor
                0x00007a92        0xe contiki-wismote.a(temp-sensor.o)
                0x00007a92                temp_sensor
 .rodata.CSWTCH.5
                0x00007aa0        0x2 contiki-wismote.a(frame802154.o)
 .rodata        0x00007aa2      0x100 /usr/local/msp430/bin/../lib/gcc/msp430/4.7.0/mcpu-430x/mmpy-16/msr20/mc20/libgcc.a(_clz.o)
                0x00007aa2                __clz_tab
 .rodata.vuprintf
                0x00007ba2        0x7 /usr/local/msp430/bin/../lib/gcc/msp430/4.7.0/../../../../msp430/lib/mcpu-430x/mmpy-16/msr20/mc20/libc.a(vuprintf.o)
 *(.near.rodata .near.rodata.*)
                0x00007baa                . = ALIGN (0x2)
                0x00007baa                _etext = .

.data           0x00001c00       0xf6 load address 0x00007baa
                0x00001c00                . = ALIGN (0x2)
                0x00001c00                __data_start = .
 *(.data .data.* .gnu.linkonce.d.*)
 .data.sense_process
                0x00001c00        0xc esp-client.co
                0x00001c00                sense_process
 .data.udp_client_process
                0x00001c0c        0xc esp-client.co
                0x00001c0c                udp_client_process
 .data.status.4391
                0x00001c18        0x1 esp-client.co
 *fill*         0x00001c19        0x1 00
 .data.etimer_process
                0x00001c1a        0xc contiki-wismote.a(etimer.o)
                0x00001c1a                etimer_process
 .data.ctimer_process
                0x00001c26        0xc contiki-wismote.a(ctimer.o)
                0x00001c26                ctimer_process
 .data.buframmem
                0x00001c32        0x8 contiki-wismote.a(queuebuf.o)
 .data.bufmem   0x00001c3a        0x8 contiki-wismote.a(queuebuf.o)
 .data.refbufmem
                0x00001c42        0x8 contiki-wismote.a(queuebuf.o)
 .data.mdns_probe_process
                0x00001c4a        0xc contiki-wismote.a(resolv.o)
                0x00001c4a                mdns_probe_process
 .data.resolv_process
                0x00001c56        0xc contiki-wismote.a(resolv.o)
                0x00001c56                resolv_process
 .data.resolv_default_dns_server
                0x00001c62       0x10 contiki-wismote.a(resolv.o)
 .data.tcpip_process
                0x00001c72        0xc contiki-wismote.a(tcpip.o)
                0x00001c72                tcpip_process
 .data.routememb
                0x00001c7e        0x8 contiki-wismote.a(uip-ds6-route.o)
 .data.defaultroutermemb
                0x00001c86        0x8 contiki-wismote.a(uip-ds6-route.o)
 .data.nbr_routes_struct
                0x00001c8e        0xa contiki-wismote.a(uip-ds6-route.o)
 .data.ds6_neighbors
                0x00001c98        0x2 contiki-wismote.a(uip-ds6-nbr.o)
                0x00001c98                ds6_neighbors
 .data.ds6_neighbors_struct
                0x00001c9a        0xa contiki-wismote.a(uip-ds6-nbr.o)
 .data.sensors  0x00001ca4        0x4 contiki-wismote.a(contiki-wismote)
                0x00001ca4                sensors
 .data.sensors_process
                0x00001ca8        0xc contiki-wismote.a(sensors.o)
                0x00001ca8                sensors_process
 .data.cc2520_process
                0x00001cb4        0xc contiki-wismote.a(cc2520.o)
                0x00001cb4                cc2520_process
 .data.cur_break
                0x00001cc0        0x2 contiki-wismote.a(msp430.o)
 .data.onoroff  0x00001cc2        0x1 contiki-wismote.a(beep.o)
 *fill*         0x00001cc3        0x1 00
 .data.rpl_parents_struct
                0x00001cc4        0xa contiki-wismote.a(rpl-dag.o)
 .data.dao_sequence
                0x00001cce        0x1 contiki-wismote.a(rpl-icmp6.o)
 *fill*         0x00001ccf        0x1 00
 .data.rpl_mrhof
                0x00001cd0       0x1a contiki-wismote.a(rpl-mrhof.o)
                0x00001cd0                rpl_mrhof
 .data.neighbor_addr_mem
                0x00001cea        0x8 contiki-wismote.a(nbr-table.o)
 .data.next     0x00001cf2        0x4 /usr/local/msp430/bin/../lib/gcc/msp430/4.7.0/../../../../msp430/lib/mcpu-430x/mmpy-16/msr20/mc20/libc.a(rand.o)
 *(.near.data .near.data.*)
                0x00001cf6                . = ALIGN (0x2)
                0x00001cf6                _edata = .
                0x00007baa                __data_load_start = LOADADDR (.data)
                0x000000f6                __data_size = SIZEOF (.data)

.bss            0x00001cf6     0x1d7a load address 0x00007ca0
                0x00001cf6                __bss_start = .
 *(.bss .bss.*)
 .bss.client_conn
                0x00001cf6        0x2 esp-client.co
 .bss.et.4387   0x00001cf8        0xc esp-client.co
 .bss.timer.4377
                0x00001d04        0xc esp-client.co
 .bss.light     0x00001d10        0x2 esp-client.co
 .bss.temperature
                0x00001d12        0x2 esp-client.co
 .bss.gas       0x00001d14        0x2 esp-client.co
 .bss.humidity  0x00001d16        0x2 esp-client.co
 .bss.change    0x00001d18        0x2 esp-client.co
 .bss.buf       0x00001d1a       0x28 esp-client.co
 .bss.avg_vals  0x00001d42        0x8 esp-client.co
 .bss.irq_energest.4347
                0x00001d4a        0x4 obj_wismote/contiki-wismote-main.o
 .bss.received_seqnos
                0x00001d4e       0x50 contiki-wismote.a(nullrdc.o)
 .bss.initialized
                0x00001d9e        0x1 contiki-wismote.a(framer-802154.o)
 .bss.mac_dsn   0x00001d9f        0x1 contiki-wismote.a(framer-802154.o)
 .bss.poll_requested
                0x00001da0        0x1 contiki-wismote.a(process.o)
 *fill*         0x00001da1        0x1 00
 .bss.process_current
                0x00001da2        0x2 contiki-wismote.a(process.o)
                0x00001da2                process_current
 .bss.process_list
                0x00001da4        0x2 contiki-wismote.a(process.o)
                0x00001da4                process_list
 .bss.lastevent
                0x00001da6        0x1 contiki-wismote.a(process.o)
 .bss.fevent    0x00001da7        0x1 contiki-wismote.a(process.o)
 .bss.nevents   0x00001da8        0x1 contiki-wismote.a(process.o)
 *fill*         0x00001da9        0x1 00
 .bss.events    0x00001daa       0x30 contiki-wismote.a(process.o)
 .bss.ev.2213   0x00001dda        0x1 contiki-wismote.a(process.o)
 *fill*         0x00001ddb        0x1 00
 .bss.data.2214
                0x00001ddc        0x2 contiki-wismote.a(process.o)
 .bss.receiver.2215
                0x00001dde        0x2 contiki-wismote.a(process.o)
 .bss.p.2216    0x00001de0        0x2 contiki-wismote.a(process.o)
 .bss.snum.2231
                0x00001de2        0x1 contiki-wismote.a(process.o)
 *fill*         0x00001de3        0x1 00
 .bss.timerlist
                0x00001de4        0x2 contiki-wismote.a(etimer.o)
 .bss.next_expiration
                0x00001de6        0x4 contiki-wismote.a(etimer.o)
 .bss.initialized
                0x00001dea        0x1 contiki-wismote.a(ctimer.o)
 *fill*         0x00001deb        0x1 00
 .bss.ctimer_list_list
                0x00001dec        0x2 contiki-wismote.a(ctimer.o)
 .bss.next_rtimer
                0x00001dee        0x2 contiki-wismote.a(rtimer.o)
 .bss.bufptr    0x00001df0        0x2 contiki-wismote.a(packetbuf.o)
 .bss.buflen    0x00001df2        0x2 contiki-wismote.a(packetbuf.o)
 .bss.hdrptr    0x00001df4        0x1 contiki-wismote.a(packetbuf.o)
 *fill*         0x00001df5        0x1 00
 .bss.packetbufptr
                0x00001df6        0x2 contiki-wismote.a(packetbuf.o)
 .bss.packetbuf_aligned
                0x00001df8       0xb2 contiki-wismote.a(packetbuf.o)
 .bss.buframmem_memb_count
                0x00001eaa        0x8 contiki-wismote.a(queuebuf.o)
 .bss.buframmem_memb_mem
                0x00001eb2      0x690 contiki-wismote.a(queuebuf.o)
 .bss.bufmem_memb_count
                0x00002542        0x8 contiki-wismote.a(queuebuf.o)
 .bss.bufmem_memb_mem
                0x0000254a       0x10 contiki-wismote.a(queuebuf.o)
 .bss.refbufmem_memb_count
                0x0000255a        0x2 contiki-wismote.a(queuebuf.o)
 .bss.refbufmem_memb_mem
                0x0000255c       0x6c contiki-wismote.a(queuebuf.o)
 .bss.resolv_hostname
                0x000025c8       0x21 contiki-wismote.a(resolv.o)
 *fill*         0x000025e9        0x1 00
 .bss.names     0x000025ea       0xf0 contiki-wismote.a(resolv.o)
 .bss.resolv_conn
                0x000026da        0x2 contiki-wismote.a(resolv.o)
 .bss.mdns_needs_host_announce
                0x000026dc        0x2 contiki-wismote.a(resolv.o)
 .bss.nquestions.3445
                0x000026de        0x1 contiki-wismote.a(resolv.o)
 .bss.nanswers.3446
                0x000026df        0x1 contiki-wismote.a(resolv.o)
 .bss.i.3448    0x000026e0        0x1 contiki-wismote.a(resolv.o)
 *fill*         0x000026e1        0x1 00
 .bss.aligned.3456
                0x000026e2        0x4 contiki-wismote.a(resolv.o)
 .bss.mdns_state
                0x000026e6        0x1 contiki-wismote.a(resolv.o)
 .bss.nauthrr.3447
                0x000026e7        0x1 contiki-wismote.a(resolv.o)
 .bss.aligned.3460
                0x000026e8       0x1a contiki-wismote.a(resolv.o)
 .bss.delay.3480
                0x00002702        0xc contiki-wismote.a(resolv.o)
 .bss.retry     0x0000270e        0xc contiki-wismote.a(resolv.o)
 .bss.lseqi.3511
                0x0000271a        0x1 contiki-wismote.a(resolv.o)
 .bss.lseq.3510
                0x0000271b        0x1 contiki-wismote.a(resolv.o)
 .bss.i.3509    0x0000271c        0x1 contiki-wismote.a(resolv.o)
 .bss.seqno     0x0000271d        0x1 contiki-wismote.a(resolv.o)
 .bss.dns_name_without_dots.3501
                0x0000271e       0x21 contiki-wismote.a(resolv.o)
 .bss.i.3523    0x0000273f        0x1 contiki-wismote.a(resolv.o)
 .bss.callback  0x00002740        0x2 contiki-wismote.a(sicslowpan.o)
 .bss.addr_contexts
                0x00002742       0x14 contiki-wismote.a(sicslowpan.o)
 .bss.uncomp_hdr_len
                0x00002756        0x1 contiki-wismote.a(sicslowpan.o)
 .bss.rime_hdr_len
                0x00002757        0x1 contiki-wismote.a(sicslowpan.o)
 .bss.rime_ptr  0x00002758        0x2 contiki-wismote.a(sicslowpan.o)
 .bss.my_tag    0x0000275a        0x2 contiki-wismote.a(sicslowpan.o)
 .bss.rime_payload_len
                0x0000275c        0x1 contiki-wismote.a(sicslowpan.o)
 *fill*         0x0000275d        0x1 00
 .bss.last_tx_status
                0x0000275e        0x2 contiki-wismote.a(sicslowpan.o)
 .bss.hc06_ptr  0x00002760        0x2 contiki-wismote.a(sicslowpan.o)
 .bss.context   0x00002762        0x2 contiki-wismote.a(sicslowpan.o)
 .bss.reass_timer
                0x00002764        0x8 contiki-wismote.a(sicslowpan.o)
 .bss.sicslowpan_len
                0x0000276c        0x2 contiki-wismote.a(sicslowpan.o)
 .bss.processed_ip_in_len
                0x0000276e        0x2 contiki-wismote.a(sicslowpan.o)
 .bss.reass_tag
                0x00002770        0x2 contiki-wismote.a(sicslowpan.o)
 .bss.sicslowpan_aligned_buf
                0x00002772       0xf0 contiki-wismote.a(sicslowpan.o)
 .bss.outputfunc
                0x00002862        0x4 contiki-wismote.a(tcpip.o)
 .bss.i.4539    0x00002866        0x1 contiki-wismote.a(tcpip.o)
 *fill*         0x00002867        0x1 00
 .bss.s         0x00002868       0x22 contiki-wismote.a(tcpip.o)
 .bss.periodic  0x0000288a        0xc contiki-wismote.a(tcpip.o)
 .bss.i.4483    0x00002896        0x1 contiki-wismote.a(tcpip.o)
 .bss.i.4527    0x00002897        0x1 contiki-wismote.a(tcpip.o)
 .bss.notificationlist_list
                0x00002898        0x2 contiki-wismote.a(uip-ds6-route.o)
 .bss.defaultrouterlist_list
                0x0000289a        0x2 contiki-wismote.a(uip-ds6-route.o)
 .bss.num_routes
                0x0000289c        0x2 contiki-wismote.a(uip-ds6-route.o)
 .bss.routememb_memb_count
                0x0000289e       0x1e contiki-wismote.a(uip-ds6-route.o)
 .bss.routememb_memb_mem
                0x000028bc      0x384 contiki-wismote.a(uip-ds6-route.o)
 .bss.defaultroutermemb_memb_count
                0x00002c40        0x2 contiki-wismote.a(uip-ds6-route.o)
 .bss.defaultroutermemb_memb_mem
                0x00002c42       0x38 contiki-wismote.a(uip-ds6-route.o)
 .bss._nbr_routes_mem
                0x00002c7a       0x78 contiki-wismote.a(uip-ds6-route.o)
 .bss._ds6_neighbors_mem
                0x00002cf2      0x438 contiki-wismote.a(uip-ds6-nbr.o)
 .bss.loc_fipaddr
                0x0000312a       0x10 contiki-wismote.a(uip-ds6.o)
 .bss.locaddr   0x0000313a        0x2 contiki-wismote.a(uip-ds6.o)
 .bss.locprefix
                0x0000313c        0x2 contiki-wismote.a(uip-ds6.o)
 .bss.locmaddr  0x0000313e        0x2 contiki-wismote.a(uip-ds6.o)
 .bss.nd6_opt_llao
                0x00003140        0x2 contiki-wismote.a(uip-nd6.o)
 .bss.nd6_opt_offset
                0x00003142        0x1 contiki-wismote.a(uip-nd6.o)
 *fill*         0x00003143        0x1 00
 .bss.nbr       0x00003144        0x2 contiki-wismote.a(uip-nd6.o)
 .bss.addr      0x00003146        0x2 contiki-wismote.a(uip-nd6.o)
 .bss.defrt     0x00003148        0x2 contiki-wismote.a(uip-nd6.o)
 .bss.uip_ext_opt_offset
                0x0000314a        0x1 contiki-wismote.a(uip6.o)
                0x0000314a                uip_ext_opt_offset
 .bss.uip_ext_len
                0x0000314b        0x1 contiki-wismote.a(uip6.o)
                0x0000314b                uip_ext_len
 .bss.uip_ext_bitmap
                0x0000314c        0x1 contiki-wismote.a(uip6.o)
                0x0000314c                uip_ext_bitmap
 .bss.c         0x0000314d        0x1 contiki-wismote.a(uip6.o)
 .bss.lastport  0x0000314e        0x2 contiki-wismote.a(uip6.o)
 .bss.iss       0x00003150        0x4 contiki-wismote.a(uip6.o)
 .bss.tmp16     0x00003154        0x2 contiki-wismote.a(uip6.o)
 .bss.opt       0x00003156        0x1 contiki-wismote.a(uip6.o)
 *fill*         0x00003157        0x1 00
 .bss.debouncetimer
                0x00003158        0x8 contiki-wismote.a(button-sensor.o)
 .bss.node_id   0x00003160        0x2 contiki-wismote.a(node-id.o)
                0x00003160                node_id
 .bss.num_sensors
                0x00003162        0x1 contiki-wismote.a(sensors.o)
 *fill*         0x00003163        0x1 00
 .bss.i.2434    0x00003164        0x2 contiki-wismote.a(sensors.o)
 .bss.events.2435
                0x00003166        0x2 contiki-wismote.a(sensors.o)
 .bss.last_packet_timestamp
                0x00003168        0x2 contiki-wismote.a(cc2520.o)
 .bss.receive_on
                0x0000316a        0x1 contiki-wismote.a(cc2520.o)
 .bss.locked    0x0000316b        0x1 contiki-wismote.a(cc2520.o)
 .bss.lock_off  0x0000316c        0x1 contiki-wismote.a(cc2520.o)
 .bss.lock_on   0x0000316d        0x1 contiki-wismote.a(cc2520.o)
 .bss.channel   0x0000316e        0x2 contiki-wismote.a(cc2520.o)
 .bss.adc_on    0x00003170        0x1 contiki-wismote.a(sky-sensors.o)
 .bss.transmitting
                0x00003171        0x1 contiki-wismote.a(uart1.o)
 .bss.uart1_input_handler
                0x00003172        0x4 contiki-wismote.a(uart1.o)
 .bss.last_tar  0x00003176        0x2 contiki-wismote.a(clock.o)
 .bss.count     0x00003178        0x4 contiki-wismote.a(clock.o)
 .bss.seconds   0x0000317c        0x4 contiki-wismote.a(clock.o)
 .bss.invert    0x00003180        0x1 contiki-wismote.a(leds.o)
 .bss.leds      0x00003181        0x1 contiki-wismote.a(leds.o)
 .bss.counter   0x00003182        0x2 contiki-wismote.a(watchdog.o)
 .bss._rpl_parents_mem
                0x00003184      0x12c contiki-wismote.a(rpl-dag.o)
 .bss.next_dis  0x000032b0        0x2 contiki-wismote.a(rpl-timers.o)
 .bss.periodic_timer
                0x000032b2       0x16 contiki-wismote.a(rpl-timers.o)
 .bss.dio_send_ok
                0x000032c8        0x1 contiki-wismote.a(rpl-timers.o)
 *fill*         0x000032c9        0x1 00
 .bss.num_tables
                0x000032ca        0x2 contiki-wismote.a(nbr-table.o)
 .bss.all_tables
                0x000032cc       0x10 contiki-wismote.a(nbr-table.o)
 .bss.used_map  0x000032dc       0x1e contiki-wismote.a(nbr-table.o)
 .bss.nbr_table_keys_list
                0x000032fa        0x2 contiki-wismote.a(nbr-table.o)
 .bss.locked_map
                0x000032fc       0x1e contiki-wismote.a(nbr-table.o)
 .bss.neighbor_addr_mem_memb_count
                0x0000331a       0x1e contiki-wismote.a(nbr-table.o)
 .bss.neighbor_addr_mem_memb_mem
                0x00003338      0x12c contiki-wismote.a(nbr-table.o)
 .bss.tmp_ipaddr
                0x00003464       0x10 contiki-wismote.a(uip-icmp6.o)
 .bss.destination_
                0x00003474        0x2 /usr/local/msp430/bin/../lib/gcc/msp430/4.7.0/../../../../msp430/lib/mcpu-430x/mmpy-16/msr20/mc20/libc.a(sprintf.o)
 .bss.available_
                0x00003476        0x2 /usr/local/msp430/bin/../lib/gcc/msp430/4.7.0/../../../../msp430/lib/mcpu-430x/mmpy-16/msr20/mc20/libc.a(sprintf.o)
 *(.near.bss .near.bss.*)
 *(COMMON)
 COMMON         0x00003478        0x8 contiki-wismote.a(rimeaddr.o)
                0x00003478                rimeaddr_node_addr
 COMMON         0x00003480        0x1 contiki-wismote.a(process.o)
                0x00003480                process_maxevents
 *fill*         0x00003481        0x1 00
 COMMON         0x00003482       0x56 contiki-wismote.a(energest.o)
                0x00003482                energest_total_time
                0x000034b2                energest_total_count
                0x000034b4                energest_current_mode
                0x000034c0                energest_current_time
 COMMON         0x000034d8       0x50 contiki-wismote.a(packetbuf.o)
                0x000034d8                packetbuf_addrs
                0x000034f8                packetbuf_attrs
 COMMON         0x00003528        0x1 contiki-wismote.a(resolv.o)
                0x00003528                resolv_event_found
 *fill*         0x00003529        0x1 00
 COMMON         0x0000352a        0x8 contiki-wismote.a(sicslowpan.o)
                0x0000352a                frag_sender
 COMMON         0x00003532        0x1 contiki-wismote.a(tcpip.o)
                0x00003532                tcpip_event
 *fill*         0x00003533        0x1 00
 COMMON         0x00003534      0x15c contiki-wismote.a(uip-ds6.o)
                0x00003534                uip_ds6_timer_ra
                0x0000353c                uip_ds6_if
                0x00003628                uip_ds6_netif_addr_list_offset
                0x00003629                uip_ds6_addr_size
                0x0000362a                uip_ds6_prefix_list
                0x00003684                uip_ds6_timer_periodic
 COMMON         0x00003690      0x304 contiki-wismote.a(uip6.o)
                0x00003690                uip_len
                0x00003692                uip_sappdata
                0x00003694                uip_acc32
                0x00003698                uip_lladdr
                0x000036a0                uip_aligned_buf
                0x00003790                uip_flags
                0x00003792                uip_next_hdr
                0x00003794                uip_udp_conn
                0x00003796                uip_appdata
                0x00003798                uip_conn
                0x0000379a                uip_conns
                0x0000384a                uip_listenports
                0x0000385a                uip_slen
                0x0000385c                uip_udp_conns
 COMMON         0x00003994        0x2 contiki-wismote.a(contiki-wismote)
                0x00003994                sensors_flags
 COMMON         0x00003996        0x1 contiki-wismote.a(sensors.o)
                0x00003996                sensors_event
 *fill*         0x00003997        0x1 00
 COMMON         0x00003998       0x13 contiki-wismote.a(cc2520.o)
                0x00003998                cc2520_sfd_counter
                0x0000399a                cc2520_sfd_start_time
                0x0000399c                cc2520_sfd_end_time
                0x0000399e                cc2520_time_of_departure
                0x000039a0                cc2520_packets_seen
                0x000039a2                cc2520_packets_read
                0x000039a4                cc2520_last_rssi
                0x000039a6                cc2520_time_of_arrival
                0x000039a8                cc2520_authority_level_of_sender
                0x000039aa                cc2520_last_correlation
 *fill*         0x000039ab        0x1 00
 COMMON         0x000039ac        0x2 contiki-wismote.a(msp430.o)
                0x000039ac                msp430_dco_required
 COMMON         0x000039ae       0xc2 contiki-wismote.a(rpl-dag.o)
                0x000039ae                default_instance
                0x000039b0                instance_table
                0x00003a70                . = ALIGN (0x2)
                0x00003a70                __bss_end = .
                0x00001d7a                __bss_size = SIZEOF (.bss)

.noinit         0x00003a70        0x2 load address 0x00007ca0
                0x00003a70                . = ALIGN (0x2)
                0x00003a70                __noinit_start = .
 *(.noinit .noinit.*)
 .noinit.crt0   0x00003a70        0x2 /usr/local/msp430/bin/../lib/gcc/msp430/4.7.0/mcpu-430x/mmpy-16/msr20/mc20/libcrt0.a(__watchdog_support.o)
                0x00003a70                __wdt_clear_value
                0x00003a72                . = ALIGN (0x2)
                0x00003a72                __noinit_end = .
                0x00003a72                . = ALIGN (0x2)
                0x00003a72                _end = .

.infomem        0x00001800        0x0
                0x00001800                . = ALIGN (0x2)
 *(.infomem .infomem.*)

.infomemnobits  0x00001800        0x0
                0x00001800                . = ALIGN (0x2)
 *(.infomemnobits .infomemnobits.*)

.infoa          0x00001980        0x0
                0x00001980                . = ALIGN (0x2)
 *(.infoa .infoa.*)

.infob          0x00001900        0x0
                0x00001900                . = ALIGN (0x2)
 *(.infob .infob.*)

.infoc          0x00001880        0x0
                0x00001880                . = ALIGN (0x2)
 *(.infoc .infoc.*)

.infod          0x00001800        0x0
                0x00001800                . = ALIGN (0x2)
 *(.infod .infod.*)

.vectors        0x0000ff80       0x80
                0x0000ff80                __vectors_start = .
 *(.vectors*)
 .vectors       0x0000ff80       0x80 /usr/local/msp430/bin/../lib/gcc/msp430/4.7.0/mcpu-430x/mmpy-16/msr20/mc20/crt0ivtbl64.o
                0x0000ff80                __ivtbl_64
                0x00010000                _vectors_end = .

.fartext        0x00010000        0x0
                0x00010000                . = ALIGN (0x2)
 *(.fartext .fartext.*)

.far.text       0x00010000     0x961e
                0x00010000                . = ALIGN (0x2)
 *(.far.text .far.text.*)
 .far.text.process_thread_sense_process
                0x00010000      0x1fa esp-client.co
 .far.text.process_thread_udp_client_process
                0x000101fa      0x394 esp-client.co
 .far.text.rimeaddr_copy
                0x0001058e        0x8 contiki-wismote.a(rimeaddr.o)
                0x0001058e                rimeaddr_copy
 .far.text.rimeaddr_cmp
                0x00010596       0x12 contiki-wismote.a(rimeaddr.o)
                0x00010596                rimeaddr_cmp
 .far.text.rimeaddr_set_node_addr
                0x000105a8        0xc contiki-wismote.a(rimeaddr.o)
                0x000105a8                rimeaddr_set_node_addr
 .far.text.send_packet
                0x000105b4        0x6 contiki-wismote.a(nullmac.o)
 .far.text.packet_input
                0x000105ba        0x6 contiki-wismote.a(nullmac.o)
 .far.text.on   0x000105c0        0x6 contiki-wismote.a(nullmac.o)
 .far.text.off  0x000105c6        0x6 contiki-wismote.a(nullmac.o)
 .far.text.channel_check_interval
                0x000105cc        0x4 contiki-wismote.a(nullmac.o)
 .far.text.init
                0x000105d0        0x2 contiki-wismote.a(nullmac.o)
 .far.text.on   0x000105d2        0x6 contiki-wismote.a(nullrdc.o)
 .far.text.channel_check_interval
                0x000105d8        0x4 contiki-wismote.a(nullrdc.o)
 .far.text.init
                0x000105dc        0x6 contiki-wismote.a(nullrdc.o)
 .far.text.off  0x000105e2       0x10 contiki-wismote.a(nullrdc.o)
 .far.text.packet_input
                0x000105f2       0xb6 contiki-wismote.a(nullrdc.o)
 .far.text.send_one_packet
                0x000106a8      0x11c contiki-wismote.a(nullrdc.o)
 .far.text.send_list
                0x000107c4       0x28 contiki-wismote.a(nullrdc.o)
 .far.text.send_packet
                0x000107ec        0x6 contiki-wismote.a(nullrdc.o)
 .far.text.mac_call_sent_callback
                0x000107f2       0x14 contiki-wismote.a(mac.o)
                0x000107f2                mac_call_sent_callback
 .far.text.create
                0x00010806      0x10a contiki-wismote.a(framer-802154.o)
 .far.text.parse
                0x00010910       0xac contiki-wismote.a(framer-802154.o)
 .far.text.call_process
                0x000109bc       0x40 contiki-wismote.a(process.o)
 .far.text.exit_process
                0x000109fc       0x88 contiki-wismote.a(process.o)
 .far.text.do_poll
                0x00010a84       0x30 contiki-wismote.a(process.o)
 .far.text.process_alloc_event
                0x00010ab4        0xe contiki-wismote.a(process.o)
                0x00010ab4                process_alloc_event
 .far.text.process_exit
                0x00010ac2        0xa contiki-wismote.a(process.o)
                0x00010ac2                process_exit
 .far.text.process_init
                0x00010acc       0x1c contiki-wismote.a(process.o)
                0x00010acc                process_init
 .far.text.process_run
                0x00010ae8       0xa4 contiki-wismote.a(process.o)
                0x00010ae8                process_run
 .far.text.process_nevents
                0x00010b8c        0xe contiki-wismote.a(process.o)
                0x00010b8c                process_nevents
 .far.text.process_post
                0x00010b9a       0x50 contiki-wismote.a(process.o)
                0x00010b9a                process_post
 .far.text.process_post_synch
                0x00010bea       0x12 contiki-wismote.a(process.o)
                0x00010bea                process_post_synch
 .far.text.process_start
                0x00010bfc       0x36 contiki-wismote.a(process.o)
                0x00010bfc                process_start
 .far.text.process_poll
                0x00010c32       0x18 contiki-wismote.a(process.o)
                0x00010c32                process_poll
 .far.text.autostart_start
                0x00010c4a       0x16 contiki-wismote.a(autostart.o)
                0x00010c4a                autostart_start
 .far.text.update_time
                0x00010c60       0x70 contiki-wismote.a(etimer.o)
 .far.text.etimer_request_poll
                0x00010cd0        0xa contiki-wismote.a(etimer.o)
                0x00010cd0                etimer_request_poll
 .far.text.process_thread_etimer_process
                0x00010cda       0xc4 contiki-wismote.a(etimer.o)
 .far.text.add_timer
                0x00010d9e       0x40 contiki-wismote.a(etimer.o)
 .far.text.etimer_set
                0x00010dde       0x12 contiki-wismote.a(etimer.o)
                0x00010dde                etimer_set
 .far.text.etimer_reset
                0x00010df0       0x12 contiki-wismote.a(etimer.o)
                0x00010df0                etimer_reset
 .far.text.etimer_restart
                0x00010e02       0x12 contiki-wismote.a(etimer.o)
                0x00010e02                etimer_restart
 .far.text.etimer_expired
                0x00010e14        0xe contiki-wismote.a(etimer.o)
                0x00010e14                etimer_expired
 .far.text.etimer_expiration_time
                0x00010e22       0x14 contiki-wismote.a(etimer.o)
                0x00010e22                etimer_expiration_time
 .far.text.etimer_pending
                0x00010e36        0xc contiki-wismote.a(etimer.o)
                0x00010e36                etimer_pending
 .far.text.etimer_next_expiration_time
                0x00010e42       0x16 contiki-wismote.a(etimer.o)
                0x00010e42                etimer_next_expiration_time
 .far.text.etimer_stop
                0x00010e58       0x3e contiki-wismote.a(etimer.o)
                0x00010e58                etimer_stop
 .far.text.process_thread_ctimer_process
                0x00010e96       0xa0 contiki-wismote.a(ctimer.o)
 .far.text.ctimer_init
                0x00010f36       0x18 contiki-wismote.a(ctimer.o)
                0x00010f36                ctimer_init
 .far.text.ctimer_set
                0x00010f4e       0x52 contiki-wismote.a(ctimer.o)
                0x00010f4e                ctimer_set
 .far.text.ctimer_reset
                0x00010fa0       0x36 contiki-wismote.a(ctimer.o)
                0x00010fa0                ctimer_reset
 .far.text.ctimer_stop
                0x00010fd6       0x28 contiki-wismote.a(ctimer.o)
                0x00010fd6                ctimer_stop
 .far.text.energest_init
                0x00010ffe       0x24 contiki-wismote.a(energest.o)
                0x00010ffe                energest_init
 .far.text.energest_type_time
                0x00011022       0x3c contiki-wismote.a(energest.o)
                0x00011022                energest_type_time
 .far.text.energest_type_set
                0x0001105e        0xc contiki-wismote.a(energest.o)
                0x0001105e                energest_type_set
 .far.text.energest_flush
                0x0001106a       0x38 contiki-wismote.a(energest.o)
                0x0001106a                energest_flush
 .far.text.rtimer_init
                0x000110a2        0x6 contiki-wismote.a(rtimer.o)
                0x000110a2                rtimer_init
 .far.text.rtimer_run_next
                0x000110a8       0x26 contiki-wismote.a(rtimer.o)
                0x000110a8                rtimer_run_next
 .far.text.random_rand
                0x000110ce        0x6 contiki-wismote.a(random.o)
                0x000110ce                random_rand
 .far.text.packetbuf_copyto_hdr
                0x000110d4       0x1c contiki-wismote.a(packetbuf.o)
                0x000110d4                packetbuf_copyto_hdr
 .far.text.packetbuf_copyto
                0x000110f0       0x46 contiki-wismote.a(packetbuf.o)
                0x000110f0                packetbuf_copyto
 .far.text.packetbuf_hdrreduce
                0x00011136       0x1a contiki-wismote.a(packetbuf.o)
                0x00011136                packetbuf_hdrreduce
 .far.text.packetbuf_set_datalen
                0x00011150        0x6 contiki-wismote.a(packetbuf.o)
                0x00011150                packetbuf_set_datalen
 .far.text.packetbuf_dataptr
                0x00011156        0xe contiki-wismote.a(packetbuf.o)
                0x00011156                packetbuf_dataptr
 .far.text.packetbuf_hdrptr
                0x00011164        0xa contiki-wismote.a(packetbuf.o)
                0x00011164                packetbuf_hdrptr
 .far.text.packetbuf_is_reference
                0x0001116e        0xe contiki-wismote.a(packetbuf.o)
                0x0001116e                packetbuf_is_reference
 .far.text.packetbuf_reference_ptr
                0x0001117c        0x6 contiki-wismote.a(packetbuf.o)
                0x0001117c                packetbuf_reference_ptr
 .far.text.packetbuf_datalen
                0x00011182        0x6 contiki-wismote.a(packetbuf.o)
                0x00011182                packetbuf_datalen
 .far.text.packetbuf_totlen
                0x00011188       0x10 contiki-wismote.a(packetbuf.o)
                0x00011188                packetbuf_totlen
 .far.text.packetbuf_hdralloc
                0x00011198       0x2a contiki-wismote.a(packetbuf.o)
                0x00011198                packetbuf_hdralloc
 .far.text.packetbuf_attr_clear
                0x000111c2       0x2c contiki-wismote.a(packetbuf.o)
                0x000111c2                packetbuf_attr_clear
 .far.text.packetbuf_clear
                0x000111ee       0x1a contiki-wismote.a(packetbuf.o)
                0x000111ee                packetbuf_clear
 .far.text.packetbuf_copyfrom
                0x00011208       0x2a contiki-wismote.a(packetbuf.o)
                0x00011208                packetbuf_copyfrom
 .far.text.packetbuf_attr_copyto
                0x00011232       0x22 contiki-wismote.a(packetbuf.o)
                0x00011232                packetbuf_attr_copyto
 .far.text.packetbuf_attr_copyfrom
                0x00011254       0x24 contiki-wismote.a(packetbuf.o)
                0x00011254                packetbuf_attr_copyfrom
 .far.text.queuebuf_init
                0x00011278       0x1a contiki-wismote.a(queuebuf.o)
                0x00011278                queuebuf_init
 .far.text.queuebuf_new_from_packetbuf
                0x00011292       0x7a contiki-wismote.a(queuebuf.o)
                0x00011292                queuebuf_new_from_packetbuf
 .far.text.queuebuf_free
                0x0001130c       0x40 contiki-wismote.a(queuebuf.o)
                0x0001130c                queuebuf_free
 .far.text.queuebuf_to_packetbuf
                0x0001134c       0x6a contiki-wismote.a(queuebuf.o)
                0x0001134c                queuebuf_to_packetbuf
 .far.text.dns_name_isequal
                0x000113b6       0x94 contiki-wismote.a(resolv.o)
 .far.text.skip_name
                0x0001144a       0x1c contiki-wismote.a(resolv.o)
 .far.text.encode_name
                0x00011466       0x44 contiki-wismote.a(resolv.o)
 .far.text.mdns_write_announce_records
                0x000114aa       0x9c contiki-wismote.a(resolv.o)
 .far.text.mdns_prep_host_announce_packet
                0x00011546       0x74 contiki-wismote.a(resolv.o)
 .far.text.remove_trailing_dots
                0x000115ba       0x46 contiki-wismote.a(resolv.o)
 .far.text.resolv_found
                0x00011600      0x11c contiki-wismote.a(resolv.o)
 .far.text.resolv_set_hostname
                0x0001171c       0x64 contiki-wismote.a(resolv.o)
                0x0001171c                resolv_set_hostname
 .far.text.process_thread_resolv_process
                0x00011780      0x5e8 contiki-wismote.a(resolv.o)
 .far.text.resolv_query
                0x00011d68      0x146 contiki-wismote.a(resolv.o)
                0x00011d68                resolv_query
 .far.text.process_thread_mdns_probe_process
                0x00011eae       0xdc contiki-wismote.a(resolv.o)
 .far.text.resolv_lookup
                0x00011f8a       0x9c contiki-wismote.a(resolv.o)
                0x00011f8a                resolv_lookup
 .far.text.set_packet_attrs
                0x00012026       0x46 contiki-wismote.a(sicslowpan.o)
 .far.text.addr_context_lookup_by_number
                0x0001206c       0x30 contiki-wismote.a(sicslowpan.o)
 .far.text.compress_addr_64
                0x0001209c       0x9a contiki-wismote.a(sicslowpan.o)
 .far.text.uncompress_addr
                0x00012136       0x96 contiki-wismote.a(sicslowpan.o)
 .far.text.input
                0x000121cc      0x5b8 contiki-wismote.a(sicslowpan.o)
 .far.text.sicslowpan_init
                0x00012784       0x26 contiki-wismote.a(sicslowpan.o)
                0x00012784                sicslowpan_init
 .far.text.addr_context_lookup_by_prefix
                0x000127aa       0x4a contiki-wismote.a(sicslowpan.o)
 .far.text.packet_sent
                0x000127f4       0x22 contiki-wismote.a(sicslowpan.o)
 .far.text.send_packet
                0x00012816       0x1a contiki-wismote.a(sicslowpan.o)
 .far.text.output
                0x00012830      0x6aa contiki-wismote.a(sicslowpan.o)
 .far.text.start_periodic_tcp_timer
                0x00012eda       0x16 contiki-wismote.a(tcpip.o)
 .far.text.tcpip_output
                0x00012ef0       0x10 contiki-wismote.a(tcpip.o)
                0x00012ef0                tcpip_output
 .far.text.tcpip_set_outputfunc
                0x00012f00        0x6 contiki-wismote.a(tcpip.o)
                0x00012f00                tcpip_set_outputfunc
 .far.text.udp_new
                0x00012f06       0x1a contiki-wismote.a(tcpip.o)
                0x00012f06                udp_new
 .far.text.tcpip_input
                0x00012f20       0x16 contiki-wismote.a(tcpip.o)
                0x00012f20                tcpip_input
 .far.text.tcpip_ipv6_output
                0x00012f36      0x14e contiki-wismote.a(tcpip.o)
                0x00012f36                tcpip_ipv6_output
 .far.text.process_thread_tcpip_process
                0x00013084      0x1ba contiki-wismote.a(tcpip.o)
 .far.text.tcpip_poll_udp
                0x0001323e        0xe contiki-wismote.a(tcpip.o)
                0x0001323e                tcpip_poll_udp
 .far.text.tcpip_uipcall
                0x0001324c       0x70 contiki-wismote.a(tcpip.o)
                0x0001324c                tcpip_uipcall
 .far.text.uip_debug_ipaddr_print
                0x000132bc       0x72 contiki-wismote.a(uip-debug.o)
                0x000132bc                uip_debug_ipaddr_print
 .far.text.call_route_callback
                0x0001332e       0x40 contiki-wismote.a(uip-ds6-route.o)
 .far.text.uip_ds6_route_init
                0x0001336e       0x2e contiki-wismote.a(uip-ds6-route.o)
                0x0001336e                uip_ds6_route_init
 .far.text.uip_ds6_route_nexthop
                0x0001339c       0x1a contiki-wismote.a(uip-ds6-route.o)
                0x0001339c                uip_ds6_route_nexthop
 .far.text.uip_ds6_route_head
                0x000133b6       0x28 contiki-wismote.a(uip-ds6-route.o)
                0x000133b6                uip_ds6_route_head
 .far.text.uip_ds6_route_next
                0x000133de       0x30 contiki-wismote.a(uip-ds6-route.o)
                0x000133de                uip_ds6_route_next
 .far.text.uip_ds6_route_lookup
                0x0001340e       0x40 contiki-wismote.a(uip-ds6-route.o)
                0x0001340e                uip_ds6_route_lookup
 .far.text.uip_ds6_route_add
                0x0001344e       0xa0 contiki-wismote.a(uip-ds6-route.o)
                0x0001344e                uip_ds6_route_add
 .far.text.uip_ds6_route_rm
                0x000134ee       0x60 contiki-wismote.a(uip-ds6-route.o)
                0x000134ee                uip_ds6_route_rm
 .far.text.rm_routelist
                0x0001354e       0x30 contiki-wismote.a(uip-ds6-route.o)
 .far.text.rm_routelist_callback
                0x0001357e        0x6 contiki-wismote.a(uip-ds6-route.o)
 .far.text.uip_ds6_defrt_rm
                0x00013584       0x44 contiki-wismote.a(uip-ds6-route.o)
                0x00013584                uip_ds6_defrt_rm
 .far.text.uip_ds6_defrt_lookup
                0x000135c8       0x32 contiki-wismote.a(uip-ds6-route.o)
                0x000135c8                uip_ds6_defrt_lookup
 .far.text.uip_ds6_defrt_add
                0x000135fa       0x68 contiki-wismote.a(uip-ds6-route.o)
                0x000135fa                uip_ds6_defrt_add
 .far.text.uip_ds6_defrt_choose
                0x00013662       0x36 contiki-wismote.a(uip-ds6-route.o)
                0x00013662                uip_ds6_defrt_choose
 .far.text.uip_ds6_defrt_periodic
                0x00013698       0x38 contiki-wismote.a(uip-ds6-route.o)
                0x00013698                uip_ds6_defrt_periodic
 .far.text.uip_ds6_nbr_rm
                0x000136d0       0x1a contiki-wismote.a(uip-ds6-nbr.o)
                0x000136d0                uip_ds6_nbr_rm
 .far.text.uip_ds6_neighbors_init
                0x000136ea        0xe contiki-wismote.a(uip-ds6-nbr.o)
                0x000136ea                uip_ds6_neighbors_init
 .far.text.uip_ds6_nbr_add
                0x000136f8       0x54 contiki-wismote.a(uip-ds6-nbr.o)
                0x000136f8                uip_ds6_nbr_add
 .far.text.uip_ds6_nbr_get_ll
                0x0001374c        0xc contiki-wismote.a(uip-ds6-nbr.o)
                0x0001374c                uip_ds6_nbr_get_ll
 .far.text.uip_ds6_nbr_lookup
                0x00013758       0x3e contiki-wismote.a(uip-ds6-nbr.o)
                0x00013758                uip_ds6_nbr_lookup
 .far.text.uip_ds6_nbr_ll_lookup
                0x00013796        0xc contiki-wismote.a(uip-ds6-nbr.o)
                0x00013796                uip_ds6_nbr_ll_lookup
 .far.text.uip_ds6_nbr_ipaddr_from_lladdr