Archive member included because of file (symbol)

contiki-z1.a(rimeaddr.o)      obj_z1/contiki-z1-main.o (rimeaddr_copy)
contiki-z1.a(csma.o)          obj_z1/contiki-z1-main.o (csma_driver)
contiki-z1.a(contikimac.o)    obj_z1/contiki-z1-main.o (contikimac_driver)
contiki-z1.a(phase.o)         contiki-z1.a(contikimac.o) (phase_update)
contiki-z1.a(process.o)       obj_z1/contiki-z1-main.o (process_init)
contiki-z1.a(autostart.o)     obj_z1/contiki-z1-main.o (autostart_start)
contiki-z1.a(memb.o)          contiki-z1.a(csma.o) (memb_init)
contiki-z1.a(timer.o)         contiki-z1.a(phase.o) (timer_set)
contiki-z1.a(list.o)          contiki-z1.a(csma.o) (list_init)
contiki-z1.a(etimer.o)        obj_z1/contiki-z1-main.o (etimer_process)
contiki-z1.a(ctimer.o)        obj_z1/contiki-z1-main.o (ctimer_init)
contiki-z1.a(energest.o)      obj_z1/contiki-z1-main.o (energest_init)
contiki-z1.a(rtimer.o)        obj_z1/contiki-z1-main.o (rtimer_init)
contiki-z1.a(random.o)        contiki-z1.a(csma.o) (random_rand)
contiki-z1.a(nbr-table.o)     contiki-z1.a(phase.o) (nbr_table_register)
contiki-z1.a(packetbuf.o)     contiki-z1.a(contikimac.o) (packetbuf_hdr_remove)
contiki-z1.a(queuebuf.o)      obj_z1/contiki-z1-main.o (queuebuf_init)
contiki-z1.a(resolv.o)        esp-server.co (resolv_set_hostname)
contiki-z1.a(sicslowpan.o)    obj_z1/contiki-z1-main.o (sicslowpan_driver)
contiki-z1.a(tcpip.o)         contiki-z1.a(sicslowpan.o) (tcpip_set_outputfunc)
contiki-z1.a(uip-debug.o)     esp-server.co (uip_debug_ipaddr_print)
contiki-z1.a(uip-ds6-route.o)
                              contiki-z1.a(tcpip.o) (uip_ds6_route_nexthop)
contiki-z1.a(uip-ds6-nbr.o)   contiki-z1.a(tcpip.o) (uip_ds6_nbr_add)
contiki-z1.a(uip-ds6.o)       contiki-z1.a(tcpip.o) (uip_ds6_is_addr_onlink)
contiki-z1.a(uip-nd6.o)       contiki-z1.a(tcpip.o) (uip_nd6_ns_output)
contiki-z1.a(uip-udp-packet.)
                              esp-server.co (uip_udp_packet_send)
contiki-z1.a(uip6.o)          esp-server.co (uip_aligned_buf)
contiki-z1.a(contiki-z1-plat)
                              obj_z1/contiki-z1-main.o (init_platform)
contiki-z1.a(msp430.o)        obj_z1/contiki-z1-main.o (msp430_cpu_init)
contiki-z1.a(leds.o)          obj_z1/contiki-z1-main.o (leds_init)
contiki-z1.a(watchdog.o)      obj_z1/contiki-z1-main.o (watchdog_start)
contiki-z1.a(xmem.o)          obj_z1/contiki-z1-main.o (xmem_init)
contiki-z1.a(spi.o)           contiki-z1.a(xmem.o) (spi_init)
contiki-z1.a(cc2420.o)        obj_z1/contiki-z1-main.o (cc2420_set_pan_addr)
contiki-z1.a(cc2420-arch.o)   contiki-z1.a(cc2420.o) (cc2420_arch_init)
contiki-z1.a(node-id.o)       obj_z1/contiki-z1-main.o (node_id_restore)
contiki-z1.a(sensors.o)       contiki-z1.a(contiki-z1-plat) (sensors_process)
contiki-z1.a(button-sensor.o)
                              obj_z1/contiki-z1-main.o (button_sensor)
contiki-z1.a(uart0.o)         obj_z1/contiki-z1-main.o (uart0_active)
contiki-z1.a(uart0-putchar.o)
                              esp-server.co (putchar)
contiki-z1.a(temperature-sen)
                              esp-server.co (temperature_sensor)
contiki-z1.a(adxl345.o)       obj_z1/contiki-z1-main.o (accm_init)
contiki-z1.a(clock.o)         contiki-z1.a(timer.o) (clock_time)
contiki-z1.a(leds-arch.o)     contiki-z1.a(leds.o) (leds_arch_init)
contiki-z1.a(rtimer-arch.o)   contiki-z1.a(rtimer.o) (rtimer_arch_init)
contiki-z1.a(mac.o)           contiki-z1.a(csma.o) (mac_call_sent_callback)
contiki-z1.a(framer-802154.o)
                              contiki-z1.a(contikimac.o) (framer_802154)
contiki-z1.a(rpl.o)           contiki-z1.a(uip-ds6-nbr.o) (rpl_link_neighbor_callback)
contiki-z1.a(rpl-dag.o)       contiki-z1.a(rpl.o) (rpl_dag_init)
contiki-z1.a(rpl-icmp6.o)     contiki-z1.a(rpl.o) (dao_output_target)
contiki-z1.a(rpl-timers.o)    contiki-z1.a(rpl.o) (rpl_reset_periodic_timer)
contiki-z1.a(rpl-mrhof.o)     contiki-z1.a(rpl-dag.o) (rpl_mrhof)
contiki-z1.a(rpl-ext-header.)
                              contiki-z1.a(uip6.o) (rpl_verify_header)
contiki-z1.a(stimer.o)        contiki-z1.a(tcpip.o) (stimer_set)
contiki-z1.a(uip-icmp6.o)     contiki-z1.a(uip6.o) (uip_icmp6_echo_request_input)
contiki-z1.a(sky-sensors.o)   contiki-z1.a(temperature-sen) (sky_sensors_status)
contiki-z1.a(i2cmaster.o)     contiki-z1.a(adxl345.o) (i2c_receiveinit)
contiki-z1.a(frame802154.o)   contiki-z1.a(framer-802154.o) (frame802154_hdrlen)
/usr/local/msp430/bin/../lib/gcc/msp430/4.7.0/mcpu-430x/mmpy-16/libgcc.a(_mulsi3.o)
                              contiki-z1.a(csma.o) (__mulsi3)
/usr/local/msp430/bin/../lib/gcc/msp430/4.7.0/mcpu-430x/mmpy-16/libgcc.a(_udivmod16.o)
                              contiki-z1.a(rpl-dag.o) (__udivhi3)
/usr/local/msp430/bin/../lib/gcc/msp430/4.7.0/mcpu-430x/mmpy-16/libgcc.a(_divmod16.o)
                              contiki-z1.a(nbr-table.o) (__divhi3)
/usr/local/msp430/bin/../lib/gcc/msp430/4.7.0/mcpu-430x/mmpy-16/libgcc.a(_udivmod32.o)
[...]
Memory Configuration

Name             Origin             Length             Attributes
sfr              0x00000000         0x00000010
peripheral_8bit  0x00000010         0x000000f0
peripheral_16bit 0x00000100         0x00000100
ram_mirror       0x00000200         0x00000800         xw
infomem          0x00001000         0x00000100
infod            0x00001000         0x00000040
infoc            0x00001040         0x00000040
infob            0x00001080         0x00000040
infoa            0x000010c0         0x00000040
ram              0x00001100         0x00002000         xw
rom              0x00003100         0x0000cebe         xr
vectors          0x0000ffc0         0x00000040
far_rom          0x00010000         0x0000a000
bsl              0x00000000         0x00000000
ram2             0x00000000         0x00000000         xw
usbram           0x00000000         0x00000000         xw
*default*        0x00000000         0xffffffff

Linker script and memory map

LOAD /usr/local/msp430/bin/../lib/gcc/msp430/4.7.0/mcpu-430x/mmpy-16/crt0ivtbl32.o
                0x00000041                __P1SEL2 = 0x41
                0x00000045                __P5SEL2 = 0x45
LOAD esp-server.co
LOAD obj_z1/contiki-z1-main.o
LOAD contiki-z1.a
LOAD /usr/local/msp430/bin/../lib/gcc/msp430/4.7.0/mcpu-430x/mmpy-16/libgcc.a
LOAD /usr/local/msp430/bin/../lib/gcc/msp430/4.7.0/../../../../msp430/lib/mcpu-430x/mmpy-16/libc.a
LOAD /usr/local/msp430/bin/../lib/gcc/msp430/4.7.0/mcpu-430x/mmpy-16/libgcc.a
LOAD /usr/local/msp430/bin/../lib/gcc/msp430/4.7.0/mcpu-430x/mmpy-16/libcrt0.a
                0x00000040                PROVIDE (__info_segment_size, 0x40)
                0x00001000                PROVIDE (__infod, 0x1000)
                0x00001040                PROVIDE (__infoc, 0x1040)
                0x00001080                PROVIDE (__infob, 0x1080)
                0x000010c0                PROVIDE (__infoa, 0x10c0)
                0x00000000                __IE1 = 0x0
                0x00000002                __IFG1 = 0x2
                0x00000001                __IE2 = 0x1
                0x00000003                __IFG2 = 0x3
                0x00000006                __UC1IE = 0x6
                0x00000007                __UC1IFG = 0x7
                0x000001a0                __ADC12CTL0 = 0x1a0
                0x000001a2                __ADC12CTL1 = 0x1a2
                0x000001a4                __ADC12IFG = 0x1a4
                0x000001a6                __ADC12IE = 0x1a6
                0x000001a8                __ADC12IV = 0x1a8
                0x00000140                __ADC12MEM0 = 0x140
                0x00000142                __ADC12MEM1 = 0x142
                0x00000144                __ADC12MEM2 = 0x144
                0x00000146                __ADC12MEM3 = 0x146
                0x00000148                __ADC12MEM4 = 0x148
                0x0000014a                __ADC12MEM5 = 0x14a
                0x0000014c                __ADC12MEM6 = 0x14c
                0x0000014e                __ADC12MEM7 = 0x14e
                0x00000150                __ADC12MEM8 = 0x150
                0x00000152                __ADC12MEM9 = 0x152
                0x00000154                __ADC12MEM10 = 0x154
                0x00000156                __ADC12MEM11 = 0x156
                0x00000158                __ADC12MEM12 = 0x158
                0x0000015a                __ADC12MEM13 = 0x15a
                0x0000015c                __ADC12MEM14 = 0x15c
                0x0000015e                __ADC12MEM15 = 0x15e
                0x00000080                __ADC12MCTL0 = 0x80
                0x00000081                __ADC12MCTL1 = 0x81
                0x00000082                __ADC12MCTL2 = 0x82
                0x00000083                __ADC12MCTL3 = 0x83
                0x00000084                __ADC12MCTL4 = 0x84
                0x00000085                __ADC12MCTL5 = 0x85
                0x00000086                __ADC12MCTL6 = 0x86
                0x00000087                __ADC12MCTL7 = 0x87
                0x00000088                __ADC12MCTL8 = 0x88
                0x00000089                __ADC12MCTL9 = 0x89
                0x0000008a                __ADC12MCTL10 = 0x8a
                0x0000008b                __ADC12MCTL11 = 0x8b
                0x0000008c                __ADC12MCTL12 = 0x8c
                0x0000008d                __ADC12MCTL13 = 0x8d
                0x0000008e                __ADC12MCTL14 = 0x8e
                0x0000008f                __ADC12MCTL15 = 0x8f
                0x00000056                __DCOCTL = 0x56
                0x00000057                __BCSCTL1 = 0x57
                0x00000058                __BCSCTL2 = 0x58
                0x00000053                __BCSCTL3 = 0x53
                0x00000059                __CACTL1 = 0x59
                0x0000005a                __CACTL2 = 0x5a
                0x0000005b                __CAPD = 0x5b
                0x000001c0                __DAC12_0CTL = 0x1c0
                0x000001c2                __DAC12_1CTL = 0x1c2
                0x000001c8                __DAC12_0DAT = 0x1c8
                0x000001ca                __DAC12_1DAT = 0x1ca
                0x00000122                __DMACTL0 = 0x122
                0x00000124                __DMACTL1 = 0x124
                0x00000126                __DMAIV = 0x126
                0x000001d0                __DMA0CTL = 0x1d0
                0x000001dc                __DMA1CTL = 0x1dc
                0x000001e8                __DMA2CTL = 0x1e8
                0x000001d2                __DMA0SA = 0x1d2
                0x000001d2                __DMA0SAL = 0x1d2
                0x000001d6                __DMA0DA = 0x1d6
                0x000001d6                __DMA0DAL = 0x1d6
                0x000001da                __DMA0SZ = 0x1da
                0x000001de                __DMA1SA = 0x1de
                0x000001de                __DMA1SAL = 0x1de
                0x000001e2                __DMA1DA = 0x1e2
                0x000001e2                __DMA1DAL = 0x1e2
                0x000001e6                __DMA1SZ = 0x1e6
                0x000001ea                __DMA2SA = 0x1ea
                0x000001ea                __DMA2SAL = 0x1ea
                0x000001ee                __DMA2DA = 0x1ee
                0x000001ee                __DMA2DAL = 0x1ee
                0x000001f2                __DMA2SZ = 0x1f2
                0x00000128                __FCTL1 = 0x128
                0x0000012a                __FCTL2 = 0x12a
                0x0000012c                __FCTL3 = 0x12c
                0x000001be                __FCTL4 = 0x1be
                0x00000130                __MPY = 0x130
                0x00000132                __MPYS = 0x132
                0x00000134                __MAC = 0x134
                0x00000136                __MACS = 0x136
                0x00000138                __OP2 = 0x138
                0x0000013a                __RESLO = 0x13a
                0x0000013c                __RESHI = 0x13c
                0x0000013e                __SUMEXT = 0x13e
                0x00000020                __P1IN = 0x20
                0x00000021                __P1OUT = 0x21
                0x00000022                __P1DIR = 0x22
                0x00000023                __P1IFG = 0x23
                0x00000024                __P1IES = 0x24
                0x00000025                __P1IE = 0x25
                0x00000026                __P1SEL = 0x26
                0x00000027                __P1REN = 0x27
                0x00000028                __P2IN = 0x28
                0x00000029                __P2OUT = 0x29
                0x0000002a                __P2DIR = 0x2a
                0x0000002b                __P2IFG = 0x2b
                0x0000002c                __P2IES = 0x2c
                0x0000002d                __P2IE = 0x2d
                0x0000002e                __P2SEL = 0x2e
                0x0000002f                __P2REN = 0x2f
                0x00000018                __P3IN = 0x18
                0x00000019                __P3OUT = 0x19
                0x0000001a                __P3DIR = 0x1a
                0x0000001b                __P3SEL = 0x1b
                0x00000010                __P3REN = 0x10
                0x0000001c                __P4IN = 0x1c
                0x0000001d                __P4OUT = 0x1d
                0x0000001e                __P4DIR = 0x1e
                0x0000001f                __P4SEL = 0x1f
                0x00000011                __P4REN = 0x11
                0x00000030                __P5IN = 0x30
                0x00000031                __P5OUT = 0x31
                0x00000032                __P5DIR = 0x32
                0x00000033                __P5SEL = 0x33
                0x00000012                __P5REN = 0x12
                0x00000034                __P6IN = 0x34
                0x00000035                __P6OUT = 0x35
                0x00000036                __P6DIR = 0x36
                0x00000037                __P6SEL = 0x37
                0x00000013                __P6REN = 0x13
                0x00000038                __P7IN = 0x38
                0x0000003a                __P7OUT = 0x3a
                0x0000003c                __P7DIR = 0x3c
                0x0000003e                __P7SEL = 0x3e
                0x00000014                __P7REN = 0x14
                0x00000039                __P8IN = 0x39
                0x0000003b                __P8OUT = 0x3b
                0x0000003d                __P8DIR = 0x3d
                0x0000003f                __P8SEL = 0x3f
                0x00000015                __P8REN = 0x15
                0x00000038                __PAIN = 0x38
                0x0000003a                __PAOUT = 0x3a
                0x0000003c                __PADIR = 0x3c
                0x0000003e                __PASEL = 0x3e
                0x00000014                __PAREN = 0x14
                0x00000055                __SVSCTL = 0x55
                0x0000012e                __TAIV = 0x12e
                0x00000160                __TACTL = 0x160
                0x00000162                __TACCTL0 = 0x162
                0x00000164                __TACCTL1 = 0x164
                0x00000166                __TACCTL2 = 0x166
                0x00000170                __TAR = 0x170
                0x00000172                __TACCR0 = 0x172
                0x00000174                __TACCR1 = 0x174
                0x00000176                __TACCR2 = 0x176
                0x0000011e                __TBIV = 0x11e
                0x00000180                __TBCTL = 0x180
                0x00000182                __TBCCTL0 = 0x182
                0x00000184                __TBCCTL1 = 0x184
                0x00000186                __TBCCTL2 = 0x186
                0x00000188                __TBCCTL3 = 0x188
                0x0000018a                __TBCCTL4 = 0x18a
                0x0000018c                __TBCCTL5 = 0x18c
                0x0000018e                __TBCCTL6 = 0x18e
                0x00000190                __TBR = 0x190
                0x00000192                __TBCCR0 = 0x192
                0x00000194                __TBCCR1 = 0x194
                0x00000196                __TBCCR2 = 0x196
                0x00000198                __TBCCR3 = 0x198
                0x0000019a                __TBCCR4 = 0x19a
                0x0000019c                __TBCCR5 = 0x19c
                0x0000019e                __TBCCR6 = 0x19e
                0x00000060                __UCA0CTL0 = 0x60
                0x00000061                __UCA0CTL1 = 0x61
                0x00000062                __UCA0BR0 = 0x62
                0x00000063                __UCA0BR1 = 0x63
                0x00000064                __UCA0MCTL = 0x64
                0x00000065                __UCA0STAT = 0x65
                0x00000066                __UCA0RXBUF = 0x66
                0x00000067                __UCA0TXBUF = 0x67
                0x0000005d                __UCA0ABCTL = 0x5d
                0x0000005e                __UCA0IRTCTL = 0x5e
                0x0000005f                __UCA0IRRCTL = 0x5f
                0x00000068                __UCB0CTL0 = 0x68
                0x00000069                __UCB0CTL1 = 0x69
                0x0000006a                __UCB0BR0 = 0x6a
                0x0000006b                __UCB0BR1 = 0x6b
                0x0000006c                __UCB0I2CIE = 0x6c
                0x0000006d                __UCB0STAT = 0x6d
                0x0000006e                __UCB0RXBUF = 0x6e
                0x0000006f                __UCB0TXBUF = 0x6f
                0x00000118                __UCB0I2COA = 0x118
                0x0000011a                __UCB0I2CSA = 0x11a
                0x000000d0                __UCA1CTL0 = 0xd0
                0x000000d1                __UCA1CTL1 = 0xd1
                0x000000d2                __UCA1BR0 = 0xd2
                0x000000d3                __UCA1BR1 = 0xd3
                0x000000d4                __UCA1MCTL = 0xd4
                0x000000d5                __UCA1STAT = 0xd5
                0x000000d6                __UCA1RXBUF = 0xd6
                0x000000d7                __UCA1TXBUF = 0xd7
                0x000000cd                __UCA1ABCTL = 0xcd
                0x000000ce                __UCA1IRTCTL = 0xce
                0x000000cf                __UCA1IRRCTL = 0xcf
                0x000000d8                __UCB1CTL0 = 0xd8
                0x000000d9                __UCB1CTL1 = 0xd9
                0x000000da                __UCB1BR0 = 0xda
                0x000000db                __UCB1BR1 = 0xdb
                0x000000dc                __UCB1I2CIE = 0xdc
                0x000000dd                __UCB1STAT = 0xdd
                0x000000de                __UCB1RXBUF = 0xde
                0x000000df                __UCB1TXBUF = 0xdf
                0x0000017c                __UCB1I2COA = 0x17c
                0x0000017e                __UCB1I2CSA = 0x17e
                0x00000120                __WDTCTL = 0x120
                0x000010c0                __TLV_CHECKSUM = 0x10c0
                0x000010f6                __TLV_DCO_30_TAG = 0x10f6
                0x000010f7                __TLV_DCO_30_LEN = 0x10f7
                0x000010da                __TLV_ADC12_1_TAG = 0x10da
                0x000010db                __TLV_ADC12_1_LEN = 0x10db
                0x000010f8                __CALDCO_16MHZ = 0x10f8
                0x000010f9                __CALBC1_16MHZ = 0x10f9
                0x000010fa                __CALDCO_12MHZ = 0x10fa
                0x000010fb                __CALBC1_12MHZ = 0x10fb
                0x000010fc                __CALDCO_8MHZ = 0x10fc
                0x000010fd                __CALBC1_8MHZ = 0x10fd
                0x000010fe                __CALDCO_1MHZ = 0x10fe
                0x000010ff                __CALBC1_1MHZ = 0x10ff

.hash
 *(.hash)

.dynsym
 *(.dynsym)

.dynstr
 *(.dynstr)

.gnu.version
 *(.gnu.version)

.gnu.version_d
 *(.gnu.version_d)

.gnu.version_r
 *(.gnu.version_r)

.rel.init
 *(.rel.init)

.rela.init
 *(.rela.init)

.rel.fini
 *(.rel.fini)

.rela.fini
 *(.rela.fini)

.rel.text
 *(.rel.text .rel.text.* .rel.gnu.linkonce.t.*)

.rela.text
 *(.rela.text .rela.text.* .rela.gnu.linkonce.t.*)

.rel.rodata
 *(.rel.rodata .rel.rodata.* .rel.gnu.linkonce.r.*)

.rela.rodata
 *(.rela.rodata .rela.rodata.* .rela.gnu.linkonce.r.*)

.rel.data
 *(.rel.data .rel.data.* .rel.gnu.linkonce.d.*)

.rela.data
 *(.rela.data .rela.data.* .rela.gnu.linkonce.d.*)

.rel.bss
 *(.rel.bss .rel.bss.* .rel.gnu.linkonce.b.*)

.rela.bss
 *(.rela.bss .rela.bss.* .rela.gnu.linkonce.b.*)

.rel.ctors
 *(.rel.ctors)

.rela.ctors
 *(.rela.ctors)

.rel.dtors
 *(.rel.dtors)

.rela.dtors
 *(.rela.dtors)

.rel.got
 *(.rel.got)

.rela.got
 *(.rela.got)

.rel.plt
 *(.rel.plt)

.rela.plt
 *(.rela.plt)

.text           0x00003100     0xbe56
                0x00003100                . = ALIGN (0x2)
 *(.init .init.*)
 *(.init0)
 .init0         0x00003100        0x0 /usr/local/msp430/bin/../lib/gcc/msp430/4.7.0/mcpu-430x/mmpy-16/libcrt0.a(_reset_vector__.o)
                0x00003100                _reset_vector__
 *(.init1)
 .init1         0x00003100        0xc /usr/local/msp430/bin/../lib/gcc/msp430/4.7.0/mcpu-430x/mmpy-16/libcrt0.a(__watchdog_support.o)
                0x00003100                __watchdog_support
 *(.init2)
 .init2         0x0000310c        0x4 /usr/local/msp430/bin/../lib/gcc/msp430/4.7.0/mcpu-430x/mmpy-16/libcrt0.a(__init_stack.o)
                0x0000310c                __init_stack
 *(.init3)
 .init3         0x00003110        0x0 /usr/local/msp430/bin/../lib/gcc/msp430/4.7.0/mcpu-430x/mmpy-16/libcrt0.a(__low_level_init.o)
                0x00003110                __low_level_init
 *(.init4)
 .init4         0x00003110       0x18 /usr/local/msp430/bin/../lib/gcc/msp430/4.7.0/mcpu-430x/mmpy-16/libcrt0.a(_copy_data.o)
                0x00003110                __do_copy_data
 .init4         0x00003128       0x16 /usr/local/msp430/bin/../lib/gcc/msp430/4.7.0/mcpu-430x/mmpy-16/libcrt0.a(_clear_bss.o)
                0x00003128                __do_clear_bss
 *(.init5)
 *(.init6)
 *(.init7)
 *(.init8)
 *(.init9)
 .init9         0x0000313e      0x35c obj_z1/contiki-z1-main.o
                0x0000313e                main
 *(.fini9)
 .fini9         0x0000349a        0x0 /usr/local/msp430/bin/../lib/gcc/msp430/4.7.0/mcpu-430x/mmpy-16/libcrt0.a(__stop_progExec__.o)
                0x0000349a                __stop_progExec__
 *(.fini8)
 *(.fini7)
 *(.fini6)
 *(.fini5)
 *(.fini4)
 *(.fini3)
 *(.fini2)
 *(.fini1)
 *(.fini0)
 .fini0         0x0000349a        0x6 /usr/local/msp430/bin/../lib/gcc/msp430/4.7.0/mcpu-430x/mmpy-16/libcrt0.a(_endless_loop__.o)
                0x0000349a                _endless_loop__
 *(.fini .fini.*)
                0x000034a0                . = ALIGN (0x2)
                0x000034a0                __ctors_start = .
 *(.ctors)
                0x000034a0                __ctors_end = .
                0x000034a0                __dtors_start = .
 *(.dtors)
                0x000034a0                __dtors_end = .
                0x000034a0                . = ALIGN (0x2)
 *(.text .text.* .gnu.linkonce.t.*)
 .text          0x000034a0        0x4 /usr/local/msp430/bin/../lib/gcc/msp430/4.7.0/mcpu-430x/mmpy-16/crt0ivtbl32.o
                0x000034a0                __isr_14
                0x000034a0                __isr_4
                0x000034a0                __isr_29
                0x000034a0                __isr_11
                0x000034a0                __isr_5
                0x000034a0                __isr_2
                0x000034a0                __isr_10
                0x000034a0                __isr_7
                0x000034a0                __isr_0
                0x000034a0                __isr_28
                0x000034a0                __isr_8
                0x000034a0                __isr_20
                0x000034a0                __isr_3
                0x000034a0                __isr_12
                0x000034a0                __isr_13
                0x000034a0                __isr_27
                0x000034a0                __isr_9
                0x000034a0                __isr_30
                0x000034a0                __isr_6
                0x000034a0                __isr_22
                0x000034a0                __isr_1
                0x000034a0                __isr_15
                0x000034a0                __isr_21
 .text.crt0     0x000034a4        0x0 /usr/local/msp430/bin/../lib/gcc/msp430/4.7.0/mcpu-430x/mmpy-16/crt0ivtbl32.o
 .text          0x000034a4      0x19c esp-server.co
 .text          0x00003640        0x6 obj_z1/contiki-z1-main.o
                0x00003640                uip_log
 .text          0x00003646       0x26 contiki-z1.a(rimeaddr.o)
                0x00003646                rimeaddr_copy
                0x0000364e                rimeaddr_cmp
                0x00003660                rimeaddr_set_node_addr
 .text          0x0000366c      0x360 contiki-z1.a(csma.o)
 .text          0x000039cc      0x6f6 contiki-z1.a(contikimac.o)
                0x000040be                contikimac_debug_print
 .text          0x000040c2      0x1b8 contiki-z1.a(phase.o)
                0x00004106                phase_update
                0x0000418c                phase_wait
                0x00004266                phase_init
 .text          0x0000427a      0x2a0 contiki-z1.a(process.o)
                0x00004376                process_alloc_event
                0x00004384                process_exit
                0x0000438e                process_init
                0x000043aa                process_run
                0x0000444e                process_nevents
                0x0000445c                process_post
                0x000044ac                process_post_synch
                0x000044be                process_start
                0x000044f4                process_poll
                0x0000450c                process_is_running
 .text          0x0000451a       0x2a contiki-z1.a(autostart.o)
                0x0000451a                autostart_start
                0x00004530                autostart_exit
 .text          0x00004544       0xd8 contiki-z1.a(memb.o)
                0x00004544                memb_init
                0x0000457a                memb_alloc
                0x000045b8                memb_free
                0x000045f2                memb_inmemb
 .text          0x0000461c       0x8c contiki-z1.a(timer.o)
                0x0000461c                timer_set
                0x00004638                timer_reset
                0x00004646                timer_restart
                0x0000465a                timer_expired
                0x00004684                timer_remaining
 .text          0x000046a8       0xec contiki-z1.a(list.o)
                0x000046a8                list_init
                0x000046ae                list_head
                0x000046b2                list_copy
                0x000046b8                list_tail
                0x000046ca                list_chop
                0x000046e4                list_pop
                0x000046f2                list_remove
                0x00004726                list_push
                0x0000473c                list_add
                0x00004762                list_length
                0x00004772                list_insert
                0x00004788                list_item_next
 .text          0x00004794      0x258 contiki-z1.a(etimer.o)
                0x00004804                etimer_request_poll
                0x00004912                etimer_set
                0x00004924                etimer_reset
                0x00004936                etimer_restart
                0x00004948                etimer_adjust
                0x00004962                etimer_expired
                0x00004970                etimer_expiration_time
                0x00004984                etimer_start_time
                0x0000498c                etimer_pending
                0x00004998                etimer_next_expiration_time
                0x000049ae                etimer_stop
 .text          0x000049ec      0x1ce contiki-z1.a(ctimer.o)
                0x00004a8c                ctimer_init
                0x00004aa4                ctimer_set
                0x00004af6                ctimer_reset
                0x00004b2c                ctimer_restart
                0x00004b62                ctimer_stop
                0x00004b8a                ctimer_expired
 .text          0x00004bba       0xaa contiki-z1.a(energest.o)
                0x00004bba                energest_init
                0x00004bde                energest_type_time
                0x00004c1a                energest_leveldevice_leveltime
                0x00004c20                energest_type_set
                0x00004c2c                energest_flush
 .text          0x00004c64       0x50 contiki-z1.a(rtimer.o)
                0x00004c64                rtimer_init
                0x00004c6a                rtimer_set
                0x00004c8e                rtimer_run_next
 .text          0x00004cb4        0xc contiki-z1.a(random.o)
                0x00004cb4                random_init
                0x00004cba                random_rand
 .text          0x00004cc0      0x372 contiki-z1.a(nbr-table.o)
                0x00004de8                nbr_table_register
                0x00004e0e                nbr_table_next
                0x00004e5a                nbr_table_head
                0x00004e90                nbr_table_add_lladdr
                0x00004fa0                nbr_table_get_from_lladdr
                0x00004fc8                nbr_table_remove
                0x00004ff2                nbr_table_lock
                0x00005002                nbr_table_unlock
                0x00005012                nbr_table_get_lladdr
 .text          0x00005032      0x21a contiki-z1.a(packetbuf.o)
                0x00005032                packetbuf_clear_hdr
                0x0000503a                packetbuf_copyto_hdr
                0x00005056                packetbuf_copyto
                0x0000509c                packetbuf_hdr_remove
                0x000050a2                packetbuf_hdrreduce
                0x000050bc                packetbuf_set_datalen
                0x000050c2                packetbuf_dataptr
                0x000050d0                packetbuf_hdrptr
                0x000050da                packetbuf_is_reference
                0x000050e8                packetbuf_compact
                0x00005130                packetbuf_reference_ptr
                0x00005136                packetbuf_datalen
                0x0000513c                packetbuf_hdrlen
                0x00005146                packetbuf_totlen
                0x00005156                packetbuf_hdralloc
                0x00005180                packetbuf_attr_clear
                0x000051ac                packetbuf_clear
                0x000051c6                packetbuf_reference
                0x000051dc                packetbuf_copyfrom
                0x00005206                packetbuf_attr_copyto
                0x00005228                packetbuf_attr_copyfrom
 .text          0x0000524c      0x1a6 contiki-z1.a(queuebuf.o)
                0x0000524c                queuebuf_init
                0x00005266                queuebuf_new_from_packetbuf
                0x000052e0                queuebuf_update_attr_from_packetbuf
                0x000052f2                queuebuf_free
                0x00005332                queuebuf_to_packetbuf
                0x0000539c                queuebuf_dataptr
                0x000053ce                queuebuf_datalen
                0x000053d4                queuebuf_addr
                0x000053e2                queuebuf_attr
                0x000053f0                queuebuf_debug_print
 .text          0x000053f2      0xc8c contiki-z1.a(resolv.o)
                0x00005758                resolv_set_hostname
                0x00005da4                resolv_get_hostname
                0x00005daa                resolv_query
                0x00005fcc                resolv_lookup
                0x00006068                resolv_getserver
                0x0000606e                resolv_conf
 .text          0x0000607e      0xebc contiki-z1.a(sicslowpan.o)
                0x000067dc                sicslowpan_init
                0x00006f2e                rime_sniffer_add
                0x00006f34                rime_sniffer_remove
 .text          0x00006f3a      0x4dc contiki-z1.a(tcpip.o)
                0x00006f50                tcpip_output
                0x00006f60                tcpip_set_outputfunc
                0x00006f66                tcp_unlisten
                0x00006f98                tcp_listen
                0x00006fd2                tcp_attach
                0x00006fde                udp_attach
                0x00006fea                udp_new
                0x00007004                udp_broadcast_new
                0x0000704a                tcpip_input
                0x00007060                tcpip_ipv6_output
                0x00007368                tcpip_poll_udp
                0x00007376                tcpip_poll_tcp
                0x00007384                tcp_connect
                0x000073a6                tcpip_uipcall
 .text          0x00007416       0x9e contiki-z1.a(uip-debug.o)
                0x00007416                uip_debug_ipaddr_print
                0x00007488                uip_debug_lladdr_print
 .text          0x000074b4      0x3e0 contiki-z1.a(uip-ds6-route.o)
                0x000074f4                uip_ds6_notification_add
                0x0000750c                uip_ds6_notification_rm
                0x00007518                uip_ds6_route_init
                0x00007546                uip_ds6_route_nexthop
                0x00007560                uip_ds6_route_head
                0x00007588                uip_ds6_route_next
                0x000075b8                uip_ds6_route_num_routes
                0x000075be                uip_ds6_route_lookup
                0x000075fe                uip_ds6_route_add
                0x0000769e                uip_ds6_route_rm
                0x00007734                uip_ds6_route_rm_by_nexthop
                0x00007748                uip_ds6_defrt_rm
                0x0000778c                uip_ds6_defrt_lookup
                0x000077be                uip_ds6_defrt_add
                0x00007826                uip_ds6_defrt_choose
                0x0000785c                uip_ds6_defrt_periodic
 .text          0x00007894      0x27e contiki-z1.a(uip-ds6-nbr.o)
                0x00007894                uip_ds6_nbr_rm
                0x000078ae                uip_ds6_neighbors_init
                0x000078bc                uip_ds6_nbr_add
                0x00007910                uip_ds6_nbr_get_ipaddr
                0x00007912                uip_ds6_nbr_get_ll
                0x0000791e                uip_ds6_nbr_num
                0x00007942                uip_ds6_nbr_lookup
                0x00007980                uip_ds6_nbr_ll_lookup
                0x0000798c                uip_ds6_nbr_ipaddr_from_lladdr
                0x00007992                uip_ds6_nbr_lladdr_from_ipaddr
                0x000079a4                uip_ds6_link_neighbor_callback
                0x000079ca                uip_ds6_neighbor_periodic
                0x00007ac4                uip_ds6_get_least_lifetime_neighbor
 .text          0x00007b12      0x68e contiki-z1.a(uip-ds6.o)
                0x00007b12                uip_ds6_list_loop
                0x00007b78                uip_ds6_prefix_add
                0x00007be8                uip_ds6_prefix_rm
                0x00007bf2                uip_ds6_prefix_lookup
                0x00007c1a                uip_ds6_is_addr_onlink
                0x00007c5c                uip_ds6_addr_lookup
                0x00007c86                uip_ds6_get_link_local
                0x00007cc4                uip_ds6_get_global
                0x00007d02                uip_ds6_maddr_add
                0x00007d4a                uip_ds6_addr_add
                0x00007dfe                uip_ds6_maddr_rm
                0x00007e08                uip_ds6_maddr_lookup
                0x00007e32                uip_ds6_addr_rm
                0x00007e86                uip_ds6_periodic
                0x00007ed0                uip_ds6_aaddr_add
                0x00007f16                uip_ds6_aaddr_rm
                0x00007f20                uip_ds6_aaddr_lookup
                0x00007f48                uip_ds6_set_addr_iid
                0x00007f5c                get_match_length
                0x00007f98                uip_ds6_select_src
                0x00008032                uip_ds6_compute_reachable_time
                0x00008068                uip_ds6_init
 .text          0x000081a0      0x55c contiki-z1.a(uip-nd6.o)
                0x000081a0                uip_nd6_ns_input
                0x000083e6                uip_nd6_ns_output
                0x0000855c                uip_nd6_na_input
 .text          0x000086fc       0x84 contiki-z1.a(uip-udp-packet.)
                0x000086fc                uip_udp_packet_send
                0x0000872a                uip_udp_packet_sendto
 .text          0x00008780     0x135e contiki-z1.a(uip6.o)
                0x000088ca                uip_add32
                0x00008958                uip_chksum
                0x00008970                uip_icmp6chksum
                0x0000897a                uip_tcpchksum
                0x00008984                uip_udpchksum
                0x0000898e                uip_init
                0x000089e8                uip_connect
                0x00008b02                remove_ext_hdr
                0x00008b56                uip_udp_new
                0x00008c0e                uip_unlisten
                0x00008c38                uip_listen
                0x00008c64                uip_process
                0x00009a7c                uip_htons
                0x00009a88                uip_htonl
                0x00009ab2                uip_send
 .text          0x00009ade        0xc contiki-z1.a(contiki-z1-plat)
                0x00009ade                init_platform
 .text          0x00009aea       0xd2 contiki-z1.a(msp430.o)
                0x00009aea                msp430_init_dco
                0x00009b12                msp430_quick_synch_dco
                0x00009b8e                msp430_cpu_init
                0x00009bb4                splhigh_
 .text          0x00009bbc      0x168 contiki-z1.a(leds.o)
                0x00009cb4                leds_init
                0x00009cc2                leds_get
                0x00009cc8                leds_on
                0x00009cdc                leds_off
                0x00009cf0                leds_invert
                0x00009cfa                leds_toggle
                0x00009d00                leds_blink
 .text          0x00009d24       0x54 contiki-z1.a(watchdog.o)
                0x00009d24                watchdog_start
                0x00009d38                watchdog_periodic
                0x00009d4a                watchdog_stop
                0x00009d60                watchdog_init
                0x00009d72                watchdog_reboot
 .text          0x00009d78      0x30a contiki-z1.a(xmem.o)
                0x00009de4                xmem_init
                0x00009e02                xmem_pread
                0x00009ec4                xmem_pwrite
                0x00009fd8                xmem_erase
 .text          0x0000a082       0x32 contiki-z1.a(spi.o)
                0x0000a082                spi_init
 .text          0x0000a0b4      0x9d8 contiki-z1.a(cc2420.o)
                0x0000a3b0                cc2420_on
                0x0000a3d2                cc2420_off
                0x0000a592                cc2420_get_channel
                0x0000a598                cc2420_set_channel
                0x0000a610                cc2420_set_pan_addr
                0x0000a730                cc2420_interrupt
                0x0000a74e                cc2420_set_txpower
                0x0000a75c                cc2420_get_txpower
                0x0000a922                cc2420_rssi
                0x0000a980                cc2420_cca_valid
                0x0000a9a4                cc2420_set_cca_threshold
                0x0000a9ba                cc2420_init
 .text          0x0000aa8c       0x1a contiki-z1.a(cc2420-arch.o)
                0x0000aa8c                cc2420_arch_init
 .text          0x0000aaa6       0x96 contiki-z1.a(node-id.o)
                0x0000aaa6                node_id_restore
                0x0000aaf2                node_id_burn
 .text          0x0000ab3c      0x156 contiki-z1.a(sensors.o)
                0x0000abfe                sensors_first
                0x0000ac04                sensors_next
                0x0000ac28                sensors_changed
                0x0000ac52                sensors_find
 .text          0x0000ac92       0x86 contiki-z1.a(button-sensor.o)
 .text          0x0000ad18       0x6a contiki-z1.a(uart0.o)
                0x0000ad18                uart0_active
                0x0000ad26                uart0_set_input
                0x0000ad2c                uart0_writeb
                0x0000ad42                uart0_init
 .text          0x0000ad82       0x10 contiki-z1.a(uart0-putchar.o)
                0x0000ad82                putchar
 .text          0x0000ad92       0x5e contiki-z1.a(temperature-sen)
 .text          0x0000adf0      0x254 contiki-z1.a(adxl345.o)
                0x0000adf0                accm_write_reg
                0x0000ae1e                accm_write_stream
                0x0000ae48                accm_read_reg
                0x0000aef2                accm_read_stream
                0x0000af44                accm_read_axis
                0x0000af6a                accm_set_grange
                0x0000af8e                accm_init
                0x0000b018                accm_set_irq
 .text          0x0000b044       0xda contiki-z1.a(clock.o)
                0x0000b044                clock_time
                0x0000b05e                clock_set
                0x0000b074                clock_fine_max
                0x0000b07a                clock_fine
                0x0000b086                clock_init
                0x0000b0ae                clock_delay
                0x0000b0ba                clock_wait
                0x0000b0de                clock_set_seconds
                0x0000b0f6                clock_seconds
                0x0000b110                clock_counter
 .text          0x0000b11e       0x74 contiki-z1.a(leds-arch.o)
                0x0000b11e                leds_arch_init
                0x0000b12c                leds_arch_get
                0x0000b15a                leds_arch_set
 .text          0x0000b192       0x22 contiki-z1.a(rtimer-arch.o)
                0x0000b192                rtimer_arch_init
                0x0000b1a0                rtimer_arch_now
                0x0000b1ae                rtimer_arch_schedule
 .text          0x0000b1b4       0x14 contiki-z1.a(mac.o)
                0x0000b1b4                mac_call_sent_callback
 .text          0x0000b1c8      0x1b6 contiki-z1.a(framer-802154.o)
 .text          0x0000b37e      0x202 contiki-z1.a(rpl.o)
                0x0000b37e                rpl_purge_routes
                0x0000b414                rpl_remove_routes
                0x0000b436                rpl_remove_routes_by_nexthop
                0x0000b474                rpl_add_route
                0x0000b4bc                rpl_link_neighbor_callback
                0x0000b522                rpl_ipv6_neighbor_callback
                0x0000b540                rpl_init
 .text          0x0000b580      0xdfc contiki-z1.a(rpl-dag.o)
                0x0000b69c                rpl_dag_init
                0x0000b6aa                rpl_get_parent_rank
                0x0000b6c2                rpl_get_parent_link_metric
                0x0000b6da                rpl_get_parent_ipaddr
                0x0000b6ea                rpl_set_prefix
                0x0000b75e                rpl_set_default_route
                0x0000b7be                rpl_alloc_instance
                0x0000b7ea                rpl_set_default_instance
                0x0000b7f0                rpl_add_parent
                0x0000b828                rpl_find_parent
                0x0000b844                rpl_find_parent_any_dag
                0x0000b868                rpl_select_parent
                0x0000b8bc                rpl_select_dag
                0x0000ba52                rpl_nullify_parent
                0x0000ba9c                rpl_remove_parent
                0x0000bae0                rpl_free_dag
                0x0000bb14                rpl_free_instance
                0x0000bb68                rpl_move_parent
                0x0000bbce                rpl_get_any_dag
                0x0000bbe4                rpl_get_instance
                0x0000bc4a                rpl_alloc_dag
                0x0000bcac                rpl_set_root
                0x0000bd88                rpl_repair_root
                0x0000bdd4                rpl_find_of
                0x0000bde4                rpl_join_instance
                0x0000bf0c                rpl_local_repair
                0x0000bf70                rpl_process_parent_event
                0x0000bfdc                rpl_recalculate_ranks
                0x0000c01e                rpl_add_dag
                0x0000c120                rpl_process_dio
 .text          0x0000c37c      0x96c contiki-z1.a(rpl-icmp6.o)
                0x0000c402                dis_output
                0x0000c452                dio_output
                0x0000c690                dao_output_target
                0x0000c758                dao_output
                0x0000c7c0                dao_ack_output
                0x0000c7f2                uip_rpl_input
 .text          0x0000cce8      0x23c contiki-z1.a(rpl-timers.o)
                0x0000ce72                rpl_reset_periodic_timer
                0x0000cec6                rpl_reset_dio_timer
                0x0000cede                rpl_schedule_dao
 .text          0x0000cf24      0x120 contiki-z1.a(rpl-mrhof.o)
 .text          0x0000d044      0x2de contiki-z1.a(rpl-ext-header.)
                0x0000d044                rpl_verify_header
                0x0000d0f4                rpl_update_header_empty
                0x0000d1e4                rpl_update_header_final
                0x0000d26c                rpl_remove_header
                0x0000d2b8                rpl_invert_header
                0x0000d306                rpl_insert_header
 .text          0x0000d322       0xa4 contiki-z1.a(stimer.o)
                0x0000d322                stimer_set
                0x0000d33e                stimer_reset
                0x0000d34c                stimer_restart
                0x0000d360                stimer_expired
                0x0000d390                stimer_remaining
                0x0000d3b4                stimer_elapsed
 .text          0x0000d3c6      0x318 contiki-z1.a(uip-icmp6.o)
                0x0000d3c6                uip_icmp6_echo_request_input
                0x0000d4ee                uip_icmp6_error_output
                0x0000d65a                uip_icmp6_send
 .text          0x0000d6de      0x122 contiki-z1.a(sky-sensors.o)
                0x0000d6de                sky_sensors_status
                0x0000d71a                sky_sensors_configure
 .text          0x0000d800       0xfa contiki-z1.a(i2cmaster.o)
                0x0000d800                i2c_receiveinit
                0x0000d834                i2c_transmitinit
                0x0000d862                i2c_receive_n
                0x0000d8a0                i2c_busy
                0x0000d8aa                i2c_enable
                0x0000d8cc                i2c_disable
                0x0000d8e6                i2c_transmit_n
 .text          0x0000d8fa      0x366 contiki-z1.a(frame802154.o)
                0x0000d986                frame802154_hdrlen
                0x0000d9b4                frame802154_create
                0x0000daea                frame802154_parse
 .text          0x0000dc60        0x0 /usr/local/msp430/bin/../lib/gcc/msp430/4.7.0/mcpu-430x/mmpy-16/libgcc.a(_mulsi3.o)
 .text.libgcc   0x0000dc60       0x26 /usr/local/msp430/bin/../lib/gcc/msp430/4.7.0/mcpu-430x/mmpy-16/libgcc.a(_mulsi3.o)
                0x0000dc60                __mulsi3
 .text          0x0000dc86        0x0 /usr/local/msp430/bin/../lib/gcc/msp430/4.7.0/mcpu-430x/mmpy-16/libgcc.a(_udivmod16.o)
 .text.libgcc   0x0000dc86       0x22 /usr/local/msp430/bin/../lib/gcc/msp430/4.7.0/mcpu-430x/mmpy-16/libgcc.a(_udivmod16.o)
                0x0000dc86                __udivhi3
                0x0000dc86                __ext_udivmod16
                0x0000dca0                __umodhi3
 .text          0x0000dca8        0x0 /usr/local/msp430/bin/../lib/gcc/msp430/4.7.0/mcpu-430x/mmpy-16/libgcc.a(_divmod16.o)
 .text.libgcc   0x0000dca8       0x3a /usr/local/msp430/bin/../lib/gcc/msp430/4.7.0/mcpu-430x/mmpy-16/libgcc.a(_divmod16.o)
                0x0000dca8                __ext_divmod16
                0x0000dca8                __divhi3
                0x0000dcda                __modhi3
 .text          0x0000dce2        0x0 /usr/local/msp430/bin/../lib/gcc/msp430/4.7.0/mcpu-430x/mmpy-16/libgcc.a(_udivmod32.o)
 .text.libgcc   0x0000dce2       0x38 /usr/local/msp430/bin/../lib/gcc/msp430/4.7.0/mcpu-430x/mmpy-16/libgcc.a(_udivmod32.o)
                0x0000dce2                __udivsi3
                0x0000dce2                __ext_udivmod32
                0x0000dd10                __umodsi3
 .text          0x0000dd1a        0x0 /usr/local/msp430/bin/../lib/gcc/msp430/4.7.0/../../../../msp430/lib/mcpu-430x/mmpy-16/libc.a(printf.o)
 .text.printf   0x0000dd1a       0x10 /usr/local/msp430/bin/../lib/gcc/msp430/4.7.0/../../../../msp430/lib/mcpu-430x/mmpy-16/libc.a(printf.o)
                0x0000dd1a                printf
 .text.vprintf  0x0000dd2a        0xe /usr/local/msp430/bin/../lib/gcc/msp430/4.7.0/../../../../msp430/lib/mcpu-430x/mmpy-16/libc.a(printf.o)
                0x0000dd2a                vprintf
 .text          0x0000dd38        0x0 /usr/local/msp430/bin/../lib/gcc/msp430/4.7.0/../../../../msp430/lib/mcpu-430x/mmpy-16/libc.a(sprintf.o)
 .text.append   0x0000dd38       0x22 /usr/local/msp430/bin/../lib/gcc/msp430/4.7.0/../../../../msp430/lib/mcpu-430x/mmpy-16/libc.a(sprintf.o)
 .text.call_vuprintf
                0x0000dd5a       0x36 /usr/local/msp430/bin/../lib/gcc/msp430/4.7.0/../../../../msp430/lib/mcpu-430x/mmpy-16/libc.a(sprintf.o)
 .text.sprintf  0x0000dd90       0x1c /usr/local/msp430/bin/../lib/gcc/msp430/4.7.0/../../../../msp430/lib/mcpu-430x/mmpy-16/libc.a(sprintf.o)
                0x0000dd90                sprintf
 .text.snprintf
                0x0000ddac       0x1a /usr/local/msp430/bin/../lib/gcc/msp430/4.7.0/../../../../msp430/lib/mcpu-430x/mmpy-16/libc.a(sprintf.o)
                0x0000ddac                snprintf
 .text.vsprintf
                0x0000ddc6       0x16 /usr/local/msp430/bin/../lib/gcc/msp430/4.7.0/../../../../msp430/lib/mcpu-430x/mmpy-16/libc.a(sprintf.o)
                0x0000ddc6                vsprintf
 .text.vsnprintf
                0x0000dddc       0x12 /usr/local/msp430/bin/../lib/gcc/msp430/4.7.0/../../../../msp430/lib/mcpu-430x/mmpy-16/libc.a(sprintf.o)
                0x0000dddc                vsnprintf
 .text          0x0000ddee        0x0 /usr/local/msp430/bin/../lib/gcc/msp430/4.7.0/../../../../msp430/lib/mcpu-430x/mmpy-16/libc.a(vuprintf.o)
 .text.print_field
                0x0000ddee      0x176 /usr/local/msp430/bin/../lib/gcc/msp430/4.7.0/../../../../msp430/lib/mcpu-430x/mmpy-16/libc.a(vuprintf.o)
 .text.vuprintf
                0x0000df64      0x740 /usr/local/msp430/bin/../lib/gcc/msp430/4.7.0/../../../../msp430/lib/mcpu-430x/mmpy-16/libc.a(vuprintf.o)
                0x0000df64                vuprintf
 .text          0x0000e6a4        0x0 /usr/local/msp430/bin/../lib/gcc/msp430/4.7.0/../../../../msp430/lib/mcpu-430x/mmpy-16/libc.a(puts.o)
 .text.puts     0x0000e6a4       0x2c /usr/local/msp430/bin/../lib/gcc/msp430/4.7.0/../../../../msp430/lib/mcpu-430x/mmpy-16/libc.a(puts.o)
                0x0000e6a4                puts
 .text          0x0000e6d0        0x0 /usr/local/msp430/bin/../lib/gcc/msp430/4.7.0/../../../../msp430/lib/mcpu-430x/mmpy-16/libc.a(rand.o)
 .text.rand_r   0x0000e6d0       0x24 /usr/local/msp430/bin/../lib/gcc/msp430/4.7.0/../../../../msp430/lib/mcpu-430x/mmpy-16/libc.a(rand.o)
                0x0000e6d0                rand_r
 .text.rand     0x0000e6f4       0x26 /usr/local/msp430/bin/../lib/gcc/msp430/4.7.0/../../../../msp430/lib/mcpu-430x/mmpy-16/libc.a(rand.o)
                0x0000e6f4                rand
 .text.srand    0x0000e71a        0xa /usr/local/msp430/bin/../lib/gcc/msp430/4.7.0/../../../../msp430/lib/mcpu-430x/mmpy-16/libc.a(rand.o)
                0x0000e71a                srand
 .text          0x0000e724        0x0 /usr/local/msp430/bin/../lib/gcc/msp430/4.7.0/../../../../msp430/lib/mcpu-430x/mmpy-16/libc.a(strncat.o)
 .text.strncat  0x0000e724       0x2c /usr/local/msp430/bin/../lib/gcc/msp430/4.7.0/../../../../msp430/lib/mcpu-430x/mmpy-16/libc.a(strncat.o)
                0x0000e724                strncat
 .text          0x0000e750        0x0 /usr/local/msp430/bin/../lib/gcc/msp430/4.7.0/../../../../msp430/lib/mcpu-430x/mmpy-16/libc.a(strcmp.o)
 .text.strcmp   0x0000e750       0x1e /usr/local/msp430/bin/../lib/gcc/msp430/4.7.0/../../../../msp430/lib/mcpu-430x/mmpy-16/libc.a(strcmp.o)
                0x0000e750                strcmp
 .text          0x0000e76e        0x0 /usr/local/msp430/bin/../lib/gcc/msp430/4.7.0/../../../../msp430/lib/mcpu-430x/mmpy-16/libc.a(strncmp.o)
 .text.strncmp  0x0000e76e       0x2a /usr/local/msp430/bin/../lib/gcc/msp430/4.7.0/../../../../msp430/lib/mcpu-430x/mmpy-16/libc.a(strncmp.o)
                0x0000e76e                strncmp
 .text          0x0000e798        0x0 /usr/local/msp430/bin/../lib/gcc/msp430/4.7.0/../../../../msp430/lib/mcpu-430x/mmpy-16/libc.a(memcmp.o)
 .text.memcmp   0x0000e798       0x2c /usr/local/msp430/bin/../lib/gcc/msp430/4.7.0/../../../../msp430/lib/mcpu-430x/mmpy-16/libc.a(memcmp.o)
                0x0000e798                memcmp
 .text          0x0000e7c4        0x0 /usr/local/msp430/bin/../lib/gcc/msp430/4.7.0/../../../../msp430/lib/mcpu-430x/mmpy-16/libc.a(strncpy.o)
 .text.strncpy  0x0000e7c4       0x2a /usr/local/msp430/bin/../lib/gcc/msp430/4.7.0/../../../../msp430/lib/mcpu-430x/mmpy-16/libc.a(strncpy.o)
                0x0000e7c4                strncpy
 .text          0x0000e7ee        0x0 /usr/local/msp430/bin/../lib/gcc/msp430/4.7.0/../../../../msp430/lib/mcpu-430x/mmpy-16/libc.a(memcpy.o)
 .text.memcpy   0x0000e7ee       0xe8 /usr/local/msp430/bin/../lib/gcc/msp430/4.7.0/../../../../msp430/lib/mcpu-430x/mmpy-16/libc.a(memcpy.o)
                0x0000e7ee                memcpy
 .text          0x0000e8d6        0x0 /usr/local/msp430/bin/../lib/gcc/msp430/4.7.0/../../../../msp430/lib/mcpu-430x/mmpy-16/libc.a(memmove.o)
 .text.memmove  0x0000e8d6       0xe8 /usr/local/msp430/bin/../lib/gcc/msp430/4.7.0/../../../../msp430/lib/mcpu-430x/mmpy-16/libc.a(memmove.o)
                0x0000e8d6                memmove
 .text          0x0000e9be        0x0 /usr/local/msp430/bin/../lib/gcc/msp430/4.7.0/../../../../msp430/lib/mcpu-430x/mmpy-16/libc.a(memset.o)
 .text.memset   0x0000e9be       0x5c /usr/local/msp430/bin/../lib/gcc/msp430/4.7.0/../../../../msp430/lib/mcpu-430x/mmpy-16/libc.a(memset.o)
                0x0000e9be                memset
 .text          0x0000ea1a        0x0 /usr/local/msp430/bin/../lib/gcc/msp430/4.7.0/../../../../msp430/lib/mcpu-430x/mmpy-16/libc.a(strcasecmp.o)
 .text.strcasecmp
                0x0000ea1a       0x6c /usr/local/msp430/bin/../lib/gcc/msp430/4.7.0/../../../../msp430/lib/mcpu-430x/mmpy-16/libc.a(strcasecmp.o)
                0x0000ea1a                strcasecmp
 .text          0x0000ea86        0x0 /usr/local/msp430/bin/../lib/gcc/msp430/4.7.0/../../../../msp430/lib/mcpu-430x/mmpy-16/libc.a(strcat.o)
 .text.strcat   0x0000ea86       0x1a /usr/local/msp430/bin/../lib/gcc/msp430/4.7.0/../../../../msp430/lib/mcpu-430x/mmpy-16/libc.a(strcat.o)
                0x0000ea86                strcat
 .text          0x0000eaa0        0x0 /usr/local/msp430/bin/../lib/gcc/msp430/4.7.0/../../../../msp430/lib/mcpu-430x/mmpy-16/libc.a(strncasecmp.o)
 .text.strncasecmp
                0x0000eaa0       0x7c /usr/local/msp430/bin/../lib/gcc/msp430/4.7.0/../../../../msp430/lib/mcpu-430x/mmpy-16/libc.a(strncasecmp.o)
                0x0000eaa0                strncasecmp
 .text          0x0000eb1c        0x0 /usr/local/msp430/bin/../lib/gcc/msp430/4.7.0/mcpu-430x/mmpy-16/libgcc.a(_udivmod64.o)
 .text.libgcc   0x0000eb1c       0xbc /usr/local/msp430/bin/../lib/gcc/msp430/4.7.0/mcpu-430x/mmpy-16/libgcc.a(_udivmod64.o)
                0x0000eb1c                __xabi_udivmod64
                0x0000eb6e                __udivdi3
                0x0000eb88                __umoddi3
                0x0000ebaa                __udivmoddi4
 .text          0x0000ebd8        0x0 /usr/local/msp430/bin/../lib/gcc/msp430/4.7.0/mcpu-430x/mmpy-16/libcrt0.a(_reset_vector__.o)
 .text          0x0000ebd8        0x0 /usr/local/msp430/bin/../lib/gcc/msp430/4.7.0/mcpu-430x/mmpy-16/libcrt0.a(__watchdog_support.o)
 .text          0x0000ebd8        0x0 /usr/local/msp430/bin/../lib/gcc/msp430/4.7.0/mcpu-430x/mmpy-16/libcrt0.a(__init_stack.o)
 .text          0x0000ebd8        0x0 /usr/local/msp430/bin/../lib/gcc/msp430/4.7.0/mcpu-430x/mmpy-16/libcrt0.a(__low_level_init.o)
 .text          0x0000ebd8        0x0 /usr/local/msp430/bin/../lib/gcc/msp430/4.7.0/mcpu-430x/mmpy-16/libcrt0.a(_copy_data.o)
 .text          0x0000ebd8        0x0 /usr/local/msp430/bin/../lib/gcc/msp430/4.7.0/mcpu-430x/mmpy-16/libcrt0.a(_clear_bss.o)
 .text          0x0000ebd8        0x0 /usr/local/msp430/bin/../lib/gcc/msp430/4.7.0/mcpu-430x/mmpy-16/libcrt0.a(__stop_progExec__.o)
 .text          0x0000ebd8        0x0 /usr/local/msp430/bin/../lib/gcc/msp430/4.7.0/mcpu-430x/mmpy-16/libcrt0.a(_endless_loop__.o)
 .text          0x0000ebd8        0x0 /usr/local/msp430/bin/../lib/gcc/msp430/4.7.0/mcpu-430x/mmpy-16/libcrt0.a(_unexpected_.o)
 .text.crt0     0x0000ebd8        0x2 /usr/local/msp430/bin/../lib/gcc/msp430/4.7.0/mcpu-430x/mmpy-16/libcrt0.a(_unexpected_.o)
                0x0000ebd8                _unexpected_
 *(.near.text .near.text.*)
 .near.text     0x0000ebda        0x6 contiki-z1.a(watchdog.o)
                0x0000ebda                __isr_26
                0x0000ebda                watchdog_interrupt
 .near.text     0x0000ebe0       0x76 contiki-z1.a(button-sensor.o)
                0x0000ebe0                irq_p2
                0x0000ebe0                __isr_19
 .near.text     0x0000ec56       0x64 contiki-z1.a(uart0.o)
                0x0000ec56                __isr_23
                0x0000ec56                uart0_rx_interrupt
 .near.text     0x0000ecba       0xbe contiki-z1.a(adxl345.o)
                0x0000ecba                port1_isr
                0x0000ecba                __isr_18
 .near.text     0x0000ed78       0xea contiki-z1.a(clock.o)
                0x0000ed78                __isr_24
                0x0000ed78                timera1
 .near.text     0x0000ee62       0x5c contiki-z1.a(rtimer-arch.o)
                0x0000ee62                __isr_25
                0x0000ee62                timera0
 .near.text     0x0000eebe       0x98 contiki-z1.a(i2cmaster.o)
                0x0000eebe                __isr_16
                0x0000eebe                i2c_tx_interrupt
                0x0000ef42                i2c_rx_interrupt
                0x0000ef42                __isr_17

.rodata         0x0000ef58      0x37d
                0x0000ef58                . = ALIGN (0x2)
 *(.rodata .rodata.* .gnu.linkonce.r.*)
 .rodata        0x0000ef58       0xb6 esp-server.co
                0x0000eff4                autostart_processes
 .rodata        0x0000f00e      0x118 obj_z1/contiki-z1-main.o
 .rodata        0x0000f126        0x8 contiki-z1.a(rimeaddr.o)
                0x0000f126                rimeaddr_null
 .rodata        0x0000f12e       0x14 contiki-z1.a(csma.o)
                0x0000f134                csma_driver
 .rodata        0x0000f142       0x1c contiki-z1.a(contikimac.o)
                0x0000f14e                contikimac_driver
 .rodata        0x0000f15e        0xc contiki-z1.a(etimer.o)
 .rodata        0x0000f16a        0xf contiki-z1.a(ctimer.o)
 *fill*         0x0000f179        0x1 00
 .rodata        0x0000f17a       0x50 contiki-z1.a(resolv.o)
 .rodata        0x0000f1ca       0x24 contiki-z1.a(sicslowpan.o)
                0x0000f1d6                sicslowpan_driver
                0x0000f1dc                llprefix
                0x0000f1de                unc_mxconf
                0x0000f1e2                unc_ctxconf
                0x0000f1e6                unc_llconf
 .rodata        0x0000f1ee        0xd contiki-z1.a(tcpip.o)
 .rodata        0x0000f1fb       0x1a contiki-z1.a(uip-debug.o)
 *fill*         0x0000f215        0x3 00
 .rodata        0x0000f218       0x20 contiki-z1.a(uip6.o)
 .rodata        0x0000f238       0x2c contiki-z1.a(xmem.o)
 .rodata        0x0000f264       0x22 contiki-z1.a(cc2420.o)
                0x0000f264                cc2420_driver
 .rodata        0x0000f286        0x8 contiki-z1.a(sensors.o)
 .rodata        0x0000f28e       0x10 contiki-z1.a(button-sensor.o)
                0x0000f296                button_sensor
 .rodata        0x0000f29e       0x14 contiki-z1.a(temperature-sen)
                0x0000f2aa                temperature_sensor
 .rodata        0x0000f2b2       0x16 contiki-z1.a(adxl345.o)
 .rodata        0x0000f2c8        0x4 contiki-z1.a(framer-802154.o)
                0x0000f2c8                framer_802154
 .rodata        0x0000f2cc        0x2 contiki-z1.a(frame802154.o)
 .rodata.vuprintf
                0x0000f2ce        0x7 /usr/local/msp430/bin/../lib/gcc/msp430/4.7.0/../../../../msp430/lib/mcpu-430x/mmpy-16/libc.a(vuprintf.o)
 *(.near.rodata .near.rodata.*)
                0x0000f2d6                . = ALIGN (0x2)
                0x0000f2d6                _etext = .

.data           0x00001100      0x10c load address 0x0000f2d6
                0x00001100                . = ALIGN (0x2)
                0x00001100                __data_start = .
 *(.data .data.* .gnu.linkonce.d.*)
 .data          0x00001100        0x0 /usr/local/msp430/bin/../lib/gcc/msp430/4.7.0/mcpu-430x/mmpy-16/crt0ivtbl32.o
 .data          0x00001100        0xa esp-server.co
                0x00001100                udp_server_process
 .data          0x0000110a        0x4 obj_z1/contiki-z1-main.o
                0x0000110a                sensors
 .data          0x0000110e        0x0 contiki-z1.a(rimeaddr.o)
 .data          0x0000110e       0x18 contiki-z1.a(csma.o)
 .data          0x00001126        0x0 contiki-z1.a(contikimac.o)
 .data          0x00001126       0x10 contiki-z1.a(phase.o)
 .data          0x00001136        0x0 contiki-z1.a(process.o)
 .data          0x00001136        0x0 contiki-z1.a(autostart.o)
 .data          0x00001136        0x0 contiki-z1.a(memb.o)
 .data          0x00001136        0x0 contiki-z1.a(timer.o)
 .data          0x00001136        0x0 contiki-z1.a(list.o)
 .data          0x00001136        0xa contiki-z1.a(etimer.o)
                0x00001136                etimer_process
 .data          0x00001140        0xa contiki-z1.a(ctimer.o)
                0x00001140                ctimer_process
 .data          0x0000114a        0x0 contiki-z1.a(energest.o)
 .data          0x0000114a        0x0 contiki-z1.a(rtimer.o)
 .data          0x0000114a        0x0 contiki-z1.a(random.o)
 .data          0x0000114a        0x8 contiki-z1.a(nbr-table.o)
 .data          0x00001152        0x0 contiki-z1.a(packetbuf.o)
 .data          0x00001152       0x18 contiki-z1.a(queuebuf.o)
 .data          0x0000116a       0x24 contiki-z1.a(resolv.o)
                0x0000116a                mdns_probe_process
                0x00001174                resolv_process
 .data          0x0000118e        0x0 contiki-z1.a(sicslowpan.o)
 .data          0x0000118e        0xa contiki-z1.a(tcpip.o)
                0x0000118e                tcpip_process
 .data          0x00001198        0x0 contiki-z1.a(uip-debug.o)
 .data          0x00001198       0x18 contiki-z1.a(uip-ds6-route.o)
 .data          0x000011b0        0xa contiki-z1.a(uip-ds6-nbr.o)
                0x000011b0                ds6_neighbors
 .data          0x000011ba        0x0 contiki-z1.a(uip-ds6.o)
 .data          0x000011ba        0x0 contiki-z1.a(uip-nd6.o)
 .data          0x000011ba        0x0 contiki-z1.a(uip-udp-packet.)
 .data          0x000011ba        0x0 contiki-z1.a(uip6.o)
 .data          0x000011ba        0x0 contiki-z1.a(contiki-z1-plat)
 .data          0x000011ba        0x2 contiki-z1.a(msp430.o)
 .data          0x000011bc        0x0 contiki-z1.a(leds.o)
 .data          0x000011bc        0x0 contiki-z1.a(watchdog.o)
 .data          0x000011bc        0x0 contiki-z1.a(xmem.o)
 .data          0x000011bc        0x0 contiki-z1.a(spi.o)
 .data          0x000011bc        0xa contiki-z1.a(cc2420.o)
                0x000011bc                cc2420_process
 .data          0x000011c6        0x0 contiki-z1.a(cc2420-arch.o)
 .data          0x000011c6        0x0 contiki-z1.a(node-id.o)
 .data          0x000011c6        0xa contiki-z1.a(sensors.o)
                0x000011c6                sensors_process
 .data          0x000011d0        0x0 contiki-z1.a(button-sensor.o)
 .data          0x000011d0        0x0 contiki-z1.a(uart0.o)
 .data          0x000011d0        0x0 contiki-z1.a(uart0-putchar.o)
 .data          0x000011d0        0x0 contiki-z1.a(temperature-sen)
 .data          0x000011d0       0x20 contiki-z1.a(adxl345.o)
                0x000011d0                accmeter_process
 .data          0x000011f0        0x0 contiki-z1.a(clock.o)
 .data          0x000011f0        0x0 contiki-z1.a(leds-arch.o)
 .data          0x000011f0        0x0 contiki-z1.a(rtimer-arch.o)
 .data          0x000011f0        0x0 contiki-z1.a(mac.o)
 .data          0x000011f0        0x0 contiki-z1.a(framer-802154.o)
 .data          0x000011f0        0x0 contiki-z1.a(rpl.o)
 .data          0x000011f0        0x8 contiki-z1.a(rpl-dag.o)
 .data          0x000011f8        0x1 contiki-z1.a(rpl-icmp6.o)
 .data          0x000011f9        0x0 contiki-z1.a(rpl-timers.o)
 *fill*         0x000011f9        0x1 00
 .data          0x000011fa        0xe contiki-z1.a(rpl-mrhof.o)
                0x000011fa                rpl_mrhof
 .data          0x00001208        0x0 contiki-z1.a(rpl-ext-header.)
 .data          0x00001208        0x0 contiki-z1.a(stimer.o)
 .data          0x00001208        0x0 contiki-z1.a(uip-icmp6.o)
 .data          0x00001208        0x0 contiki-z1.a(sky-sensors.o)
 .data          0x00001208        0x0 contiki-z1.a(i2cmaster.o)
 .data          0x00001208        0x0 contiki-z1.a(frame802154.o)
 .data          0x00001208        0x0 /usr/local/msp430/bin/../lib/gcc/msp430/4.7.0/mcpu-430x/mmpy-16/libgcc.a(_mulsi3.o)
 .data          0x00001208        0x0 /usr/local/msp430/bin/../lib/gcc/msp430/4.7.0/mcpu-430x/mmpy-16/libgcc.a(_udivmod16.o)
 .data          0x00001208        0x0 /usr/local/msp430/bin/../lib/gcc/msp430/4.7.0/mcpu-430x/mmpy-16/libgcc.a(_divmod16.o)
 .data          0x00001208        0x0 /usr/local/msp430/bin/../lib/gcc/msp430/4.7.0/mcpu-430x/mmpy-16/libgcc.a(_udivmod32.o)
 .data          0x00001208        0x0 /usr/local/msp430/bin/../lib/gcc/msp430/4.7.0/../../../../msp430/lib/mcpu-430x/mmpy-16/libc.a(printf.o)
 .data          0x00001208        0x0 /usr/local/msp430/bin/../lib/gcc/msp430/4.7.0/../../../../msp430/lib/mcpu-430x/mmpy-16/libc.a(sprintf.o)
 .data          0x00001208        0x0 /usr/local/msp430/bin/../lib/gcc/msp430/4.7.0/../../../../msp430/lib/mcpu-430x/mmpy-16/libc.a(vuprintf.o)
 .data          0x00001208        0x0 /usr/local/msp430/bin/../lib/gcc/msp430/4.7.0/../../../../msp430/lib/mcpu-430x/mmpy-16/libc.a(puts.o)
 .data          0x00001208        0x0 /usr/local/msp430/bin/../lib/gcc/msp430/4.7.0/../../../../msp430/lib/mcpu-430x/mmpy-16/libc.a(rand.o)
 .data.next     0x00001208        0x4 /usr/local/msp430/bin/../lib/gcc/msp430/4.7.0/../../../../msp430/lib/mcpu-430x/mmpy-16/libc.a(rand.o)
 .data          0x0000120c        0x0 /usr/local/msp430/bin/../lib/gcc/msp430/4.7.0/../../../../msp430/lib/mcpu-430x/mmpy-16/libc.a(strncat.o)
 .data          0x0000120c        0x0 /usr/local/msp430/bin/../lib/gcc/msp430/4.7.0/../../../../msp430/lib/mcpu-430x/mmpy-16/libc.a(strcmp.o)
 .data          0x0000120c        0x0 /usr/local/msp430/bin/../lib/gcc/msp430/4.7.0/../../../../msp430/lib/mcpu-430x/mmpy-16/libc.a(strncmp.o)
 .data          0x0000120c        0x0 /usr/local/msp430/bin/../lib/gcc/msp430/4.7.0/../../../../msp430/lib/mcpu-430x/mmpy-16/libc.a(memcmp.o)
 .data          0x0000120c        0x0 /usr/local/msp430/bin/../lib/gcc/msp430/4.7.0/../../../../msp430/lib/mcpu-430x/mmpy-16/libc.a(strncpy.o)
 .data          0x0000120c        0x0 /usr/local/msp430/bin/../lib/gcc/msp430/4.7.0/../../../../msp430/lib/mcpu-430x/mmpy-16/libc.a(memcpy.o)
 .data          0x0000120c        0x0 /usr/local/msp430/bin/../lib/gcc/msp430/4.7.0/../../../../msp430/lib/mcpu-430x/mmpy-16/libc.a(memmove.o)
 .data          0x0000120c        0x0 /usr/local/msp430/bin/../lib/gcc/msp430/4.7.0/../../../../msp430/lib/mcpu-430x/mmpy-16/libc.a(memset.o)
 .data          0x0000120c        0x0 /usr/local/msp430/bin/../lib/gcc/msp430/4.7.0/../../../../msp430/lib/mcpu-430x/mmpy-16/libc.a(strcasecmp.o)
 .data          0x0000120c        0x0 /usr/local/msp430/bin/../lib/gcc/msp430/4.7.0/../../../../msp430/lib/mcpu-430x/mmpy-16/libc.a(strcat.o)
 .data          0x0000120c        0x0 /usr/local/msp430/bin/../lib/gcc/msp430/4.7.0/../../../../msp430/lib/mcpu-430x/mmpy-16/libc.a(strncasecmp.o)
 .data          0x0000120c        0x0 /usr/local/msp430/bin/../lib/gcc/msp430/4.7.0/mcpu-430x/mmpy-16/libgcc.a(_udivmod64.o)
 .data          0x0000120c        0x0 /usr/local/msp430/bin/../lib/gcc/msp430/4.7.0/mcpu-430x/mmpy-16/libcrt0.a(_reset_vector__.o)
 .data          0x0000120c        0x0 /usr/local/msp430/bin/../lib/gcc/msp430/4.7.0/mcpu-430x/mmpy-16/libcrt0.a(__watchdog_support.o)
 .data          0x0000120c        0x0 /usr/local/msp430/bin/../lib/gcc/msp430/4.7.0/mcpu-430x/mmpy-16/libcrt0.a(__init_stack.o)
 .data          0x0000120c        0x0 /usr/local/msp430/bin/../lib/gcc/msp430/4.7.0/mcpu-430x/mmpy-16/libcrt0.a(__low_level_init.o)
 .data          0x0000120c        0x0 /usr/local/msp430/bin/../lib/gcc/msp430/4.7.0/mcpu-430x/mmpy-16/libcrt0.a(_copy_data.o)
 .data          0x0000120c        0x0 /usr/local/msp430/bin/../lib/gcc/msp430/4.7.0/mcpu-430x/mmpy-16/libcrt0.a(_clear_bss.o)
 .data          0x0000120c        0x0 /usr/local/msp430/bin/../lib/gcc/msp430/4.7.0/mcpu-430x/mmpy-16/libcrt0.a(__stop_progExec__.o)
 .data          0x0000120c        0x0 /usr/local/msp430/bin/../lib/gcc/msp430/4.7.0/mcpu-430x/mmpy-16/libcrt0.a(_endless_loop__.o)
 .data          0x0000120c        0x0 /usr/local/msp430/bin/../lib/gcc/msp430/4.7.0/mcpu-430x/mmpy-16/libcrt0.a(_unexpected_.o)
 *(.near.data .near.data.*)
                0x0000120c                . = ALIGN (0x2)
                0x0000120c                _edata = .
                0x0000f2d6                __data_load_start = LOADADDR (.data)
                0x0000010c                __data_size = SIZEOF (.data)

.bss            0x0000120c     0x1662 load address 0x0000f3e2
                0x0000120c                __bss_start = .
 *(.bss .bss.*)
 .bss           0x0000120c        0x0 /usr/local/msp430/bin/../lib/gcc/msp430/4.7.0/mcpu-430x/mmpy-16/crt0ivtbl32.o
 .bss           0x0000120c        0x4 esp-server.co
 .bss           0x00001210        0x4 obj_z1/contiki-z1-main.o
 .bss           0x00001214        0x0 contiki-z1.a(rimeaddr.o)
 .bss           0x00001214       0x8a contiki-z1.a(csma.o)
 .bss           0x0000129e       0xcc contiki-z1.a(contikimac.o)
 .bss           0x0000136a      0x19c contiki-z1.a(phase.o)
 .bss           0x00001506       0x42 contiki-z1.a(process.o)
                0x00001506                process_current
                0x00001508                process_list
 .bss           0x00001548        0x0 contiki-z1.a(autostart.o)
 .bss           0x00001548        0x0 contiki-z1.a(memb.o)
 .bss           0x00001548        0x0 contiki-z1.a(timer.o)
 .bss           0x00001548        0x0 contiki-z1.a(list.o)
 .bss           0x00001548        0x6 contiki-z1.a(etimer.o)
 .bss           0x0000154e        0x4 contiki-z1.a(ctimer.o)
 .bss           0x00001552        0x0 contiki-z1.a(energest.o)
 .bss           0x00001552        0x2 contiki-z1.a(rtimer.o)
 .bss           0x00001554        0x0 contiki-z1.a(random.o)
 .bss           0x00001554       0xd8 contiki-z1.a(nbr-table.o)
 .bss           0x0000162c       0xba contiki-z1.a(packetbuf.o)
 .bss           0x000016e6      0x3c6 contiki-z1.a(queuebuf.o)
 .bss           0x00001aac      0x178 contiki-z1.a(resolv.o)
 .bss           0x00001c24       0xbe contiki-z1.a(sicslowpan.o)
 .bss           0x00001ce2       0x36 contiki-z1.a(tcpip.o)
 .bss           0x00001d18        0x0 contiki-z1.a(uip-debug.o)
 .bss           0x00001d18      0x24e contiki-z1.a(uip-ds6-route.o)
 .bss           0x00001f66      0x21c contiki-z1.a(uip-ds6-nbr.o)
 .bss           0x00002182       0x18 contiki-z1.a(uip-ds6.o)
 .bss           0x0000219a        0xa contiki-z1.a(uip-nd6.o)
 .bss           0x000021a4        0x0 contiki-z1.a(uip-udp-packet.)
 .bss           0x000021a4        0xe contiki-z1.a(uip6.o)
                0x000021a4                uip_ext_opt_offset
                0x000021a5                uip_ext_len
                0x000021a6                uip_ext_bitmap
 .bss           0x000021b2        0x0 contiki-z1.a(contiki-z1-plat)
 .bss           0x000021b2        0x0 contiki-z1.a(msp430.o)
 .bss           0x000021b2        0x2 contiki-z1.a(leds.o)
 .bss           0x000021b4        0x2 contiki-z1.a(watchdog.o)
 .bss           0x000021b6        0x0 contiki-z1.a(xmem.o)
 .bss           0x000021b6        0x1 contiki-z1.a(spi.o)
                0x000021b6                spi_busy
 *fill*         0x000021b7        0x1 00
 .bss           0x000021b8        0xa contiki-z1.a(cc2420.o)
 .bss           0x000021c2        0x0 contiki-z1.a(cc2420-arch.o)
 .bss           0x000021c2        0x2 contiki-z1.a(node-id.o)
                0x000021c2                node_id
 .bss           0x000021c4        0x6 contiki-z1.a(sensors.o)
 .bss           0x000021ca        0x8 contiki-z1.a(button-sensor.o)
 .bss           0x000021d2        0x4 contiki-z1.a(uart0.o)
 .bss           0x000021d6        0x0 contiki-z1.a(uart0-putchar.o)
 .bss           0x000021d6        0x2 contiki-z1.a(temperature-sen)
                0x000021d6                random
 .bss           0x000021d8       0x16 contiki-z1.a(adxl345.o)
 .bss           0x000021ee        0xa contiki-z1.a(clock.o)
 .bss           0x000021f8        0x0 contiki-z1.a(leds-arch.o)
 .bss           0x000021f8        0x0 contiki-z1.a(rtimer-arch.o)
 .bss           0x000021f8        0x0 contiki-z1.a(mac.o)
 .bss           0x000021f8        0x2 contiki-z1.a(framer-802154.o)
 .bss           0x000021fa        0x0 contiki-z1.a(rpl.o)
 .bss           0x000021fa       0x96 contiki-z1.a(rpl-dag.o)
 .bss           0x00002290        0x0 contiki-z1.a(rpl-icmp6.o)
 .bss           0x00002290       0x18 contiki-z1.a(rpl-timers.o)
 .bss           0x000022a8        0x0 contiki-z1.a(rpl-mrhof.o)
 .bss           0x000022a8        0x0 contiki-z1.a(rpl-ext-header.)
 .bss           0x000022a8        0x0 contiki-z1.a(stimer.o)
 .bss           0x000022a8       0x10 contiki-z1.a(uip-icmp6.o)
 .bss           0x000022b8        0x4 contiki-z1.a(sky-sensors.o)
 .bss           0x000022bc        0x2 contiki-z1.a(i2cmaster.o)
 .bss           0x000022be        0x0 contiki-z1.a(frame802154.o)
 .bss           0x000022be        0x0 /usr/local/msp430/bin/../lib/gcc/msp430/4.7.0/mcpu-430x/mmpy-16/libgcc.a(_mulsi3.o)
 .bss           0x000022be        0x0 /usr/local/msp430/bin/../lib/gcc/msp430/4.7.0/mcpu-430x/mmpy-16/libgcc.a(_udivmod16.o)
 .bss           0x000022be        0x0 /usr/local/msp430/bin/../lib/gcc/msp430/4.7.0/mcpu-430x/mmpy-16/libgcc.a(_divmod16.o)
 .bss           0x000022be        0x0 /usr/local/msp430/bin/../lib/gcc/msp430/4.7.0/mcpu-430x/mmpy-16/libgcc.a(_udivmod32.o)
 .bss           0x000022be        0x0 /usr/local/msp430/bin/../lib/gcc/msp430/4.7.0/../../../../msp430/lib/mcpu-430x/mmpy-16/libc.a(printf.o)
 .bss           0x000022be        0x0 /usr/local/msp430/bin/../lib/gcc/msp430/4.7.0/../../../../msp430/lib/mcpu-430x/mmpy-16/libc.a(sprintf.o)
 .bss.destination_
                0x000022be        0x2 /usr/local/msp430/bin/../lib/gcc/msp430/4.7.0/../../../../msp430/lib/mcpu-430x/mmpy-16/libc.a(sprintf.o)
 .bss.available_
                0x000022c0        0x2 /usr/local/msp430/bin/../lib/gcc/msp430/4.7.0/../../../../msp430/lib/mcpu-430x/mmpy-16/libc.a(sprintf.o)
 .bss           0x000022c2        0x0 /usr/local/msp430/bin/../lib/gcc/msp430/4.7.0/../../../../msp430/lib/mcpu-430x/mmpy-16/libc.a(vuprintf.o)
 .bss           0x000022c2        0x0 /usr/local/msp430/bin/../lib/gcc/msp430/4.7.0/../../../../msp430/lib/mcpu-430x/mmpy-16/libc.a(puts.o)
 .bss           0x000022c2        0x0 /usr/local/msp430/bin/../lib/gcc/msp430/4.7.0/../../../../msp430/lib/mcpu-430x/mmpy-16/libc.a(rand.o)
 .bss           0x000022c2        0x0 /usr/local/msp430/bin/../lib/gcc/msp430/4.7.0/../../../../msp430/lib/mcpu-430x/mmpy-16/libc.a(strncat.o)
 .bss           0x000022c2        0x0 /usr/local/msp430/bin/../lib/gcc/msp430/4.7.0/../../../../msp430/lib/mcpu-430x/mmpy-16/libc.a(strcmp.o)
 .bss           0x000022c2        0x0 /usr/local/msp430/bin/../lib/gcc/msp430/4.7.0/../../../../msp430/lib/mcpu-430x/mmpy-16/libc.a(strncmp.o)
 .bss           0x000022c2        0x0 /usr/local/msp430/bin/../lib/gcc/msp430/4.7.0/../../../../msp430/lib/mcpu-430x/mmpy-16/libc.a(memcmp.o)
 .bss           0x000022c2        0x0 /usr/local/msp430/bin/../lib/gcc/msp430/4.7.0/../../../../msp430/lib/mcpu-430x/mmpy-16/libc.a(strncpy.o)
 .bss           0x000022c2        0x0 /usr/local/msp430/bin/../lib/gcc/msp430/4.7.0/../../../../msp430/lib/mcpu-430x/mmpy-16/libc.a(memcpy.o)
 .bss           0x000022c2        0x0 /usr/local/msp430/bin/../lib/gcc/msp430/4.7.0/../../../../msp430/lib/mcpu-430x/mmpy-16/libc.a(memmove.o)
 .bss           0x000022c2        0x0 /usr/local/msp430/bin/../lib/gcc/msp430/4.7.0/../../../../msp430/lib/mcpu-430x/mmpy-16/libc.a(memset.o)
 .bss           0x000022c2        0x0 /usr/local/msp430/bin/../lib/gcc/msp430/4.7.0/../../../../msp430/lib/mcpu-430x/mmpy-16/libc.a(strcasecmp.o)
 .bss           0x000022c2        0x0 /usr/local/msp430/bin/../lib/gcc/msp430/4.7.0/../../../../msp430/lib/mcpu-430x/mmpy-16/libc.a(strcat.o)
 .bss           0x000022c2        0x0 /usr/local/msp430/bin/../lib/gcc/msp430/4.7.0/../../../../msp430/lib/mcpu-430x/mmpy-16/libc.a(strncasecmp.o)
 .bss           0x000022c2        0x0 /usr/local/msp430/bin/../lib/gcc/msp430/4.7.0/mcpu-430x/mmpy-16/libgcc.a(_udivmod64.o)
 .bss           0x000022c2        0x0 /usr/local/msp430/bin/../lib/gcc/msp430/4.7.0/mcpu-430x/mmpy-16/libcrt0.a(_reset_vector__.o)
 .bss           0x000022c2        0x0 /usr/local/msp430/bin/../lib/gcc/msp430/4.7.0/mcpu-430x/mmpy-16/libcrt0.a(__watchdog_support.o)
 .bss           0x000022c2        0x0 /usr/local/msp430/bin/../lib/gcc/msp430/4.7.0/mcpu-430x/mmpy-16/libcrt0.a(__init_stack.o)
 .bss           0x000022c2        0x0 /usr/local/msp430/bin/../lib/gcc/msp430/4.7.0/mcpu-430x/mmpy-16/libcrt0.a(__low_level_init.o)
 .bss           0x000022c2        0x0 /usr/local/msp430/bin/../lib/gcc/msp430/4.7.0/mcpu-430x/mmpy-16/libcrt0.a(_copy_data.o)
 .bss           0x000022c2        0x0 /usr/local/msp430/bin/../lib/gcc/msp430/4.7.0/mcpu-430x/mmpy-16/libcrt0.a(_clear_bss.o)
 .bss           0x000022c2        0x0 /usr/local/msp430/bin/../lib/gcc/msp430/4.7.0/mcpu-430x/mmpy-16/libcrt0.a(__stop_progExec__.o)
 .bss           0x000022c2        0x0 /usr/local/msp430/bin/../lib/gcc/msp430/4.7.0/mcpu-430x/mmpy-16/libcrt0.a(_endless_loop__.o)
 .bss           0x000022c2        0x0 /usr/local/msp430/bin/../lib/gcc/msp430/4.7.0/mcpu-430x/mmpy-16/libcrt0.a(_unexpected_.o)
 *(.near.bss .near.bss.*)
 *(COMMON)
 COMMON         0x000022c2        0x2 obj_z1/contiki-z1-main.o
                0x000022c2                sensors_flags
 COMMON         0x000022c4        0x8 contiki-z1.a(rimeaddr.o)
                0x000022c4                rimeaddr_node_addr
 COMMON         0x000022cc        0x1 contiki-z1.a(process.o)
                0x000022cc                process_maxevents
 *fill*         0x000022cd        0x1 00
 COMMON         0x000022ce       0x56 contiki-z1.a(energest.o)
                0x000022ce                energest_total_time
                0x000022fe                energest_total_count
                0x00002300                energest_current_mode
                0x0000230c                energest_current_time
 COMMON         0x00002324       0x50 contiki-z1.a(packetbuf.o)
                0x00002324                packetbuf_addrs
                0x00002344                packetbuf_attrs
 COMMON         0x00002374        0x1 contiki-z1.a(resolv.o)
                0x00002374                resolv_event_found
 *fill*         0x00002375        0x1 00
 COMMON         0x00002376        0x8 contiki-z1.a(sicslowpan.o)
                0x00002376                frag_sender
 COMMON         0x0000237e        0x1 contiki-z1.a(tcpip.o)
                0x0000237e                tcpip_event
 *fill*         0x0000237f        0x1 00
 COMMON         0x00002380      0x15c contiki-z1.a(uip-ds6.o)
                0x00002380                uip_ds6_timer_ra
                0x00002388                uip_ds6_if
                0x00002474                uip_ds6_netif_addr_list_offset
                0x00002475                uip_ds6_addr_size
                0x00002476                uip_ds6_prefix_list
                0x000024d0                uip_ds6_timer_periodic
 COMMON         0x000024dc      0x2a0 contiki-z1.a(uip6.o)
                0x000024dc                uip_len
                0x000024de                uip_sappdata
                0x000024e0                uip_acc32
                0x000024e4                uip_lladdr
                0x000024ec                uip_aligned_buf
                0x00002578                uip_flags
                0x0000257a                uip_next_hdr
                0x0000257c                uip_udp_conn
                0x0000257e                uip_appdata
                0x00002580                uip_conn
                0x00002582                uip_conns
                0x00002632                uip_listenports
                0x00002642                uip_slen
                0x00002644                uip_udp_conns
 COMMON         0x0000277c       0x14 contiki-z1.a(cc2420.o)
                0x0000277c                cc2420_last_rssi
                0x0000277e                cc2420_packets_read
                0x00002780                cc2420_packets_seen
                0x00002782                cc2420_sfd_start_time
                0x00002784                cc2420_time_of_departure
                0x00002786                cc2420_time_of_arrival
                0x00002788                cc2420_last_correlation
                0x0000278a                cc2420_authority_level_of_sender
                0x0000278c                cc2420_sfd_counter
                0x0000278e                cc2420_sfd_end_time
 COMMON         0x00002790        0x8 contiki-z1.a(node-id.o)
                0x00002790                node_mac
 COMMON         0x00002798        0x1 contiki-z1.a(sensors.o)
                0x00002798                sensors_event
 *fill*         0x00002799        0x1 00
 COMMON         0x0000279a        0x7 contiki-z1.a(adxl345.o)
                0x0000279a                accm_int2_cb
                0x0000279c                int2_event
                0x0000279e                accm_int1_cb
                0x000027a0                int1_event
 *fill*         0x000027a1        0x1 00
 COMMON         0x000027a2       0xbe contiki-z1.a(rpl-dag.o)
                0x000027a2                default_instance
                0x000027a4                instance_table
 COMMON         0x00002860        0xe contiki-z1.a(i2cmaster.o)
                0x00002860                transmit_data1
                0x00002861                rx_byte_ctr
                0x00002862                tx_buf_ptr
                0x00002864                tx_byte_ctr
                0x00002866                i
                0x00002868                receive_data
                0x00002869                rx_buf
                0x0000286b                transmit_data2
                0x0000286c                rx_buf_ptr
                0x0000286e                . = ALIGN (0x2)
                0x0000286e                __bss_end = .
                0x00001662                __bss_size = SIZEOF (.bss)

.noinit         0x0000286e        0x2 load address 0x0000f3e2
                0x0000286e                . = ALIGN (0x2)
                0x0000286e                __noinit_start = .
 *(.noinit .noinit.*)
 .noinit.crt0   0x0000286e        0x2 /usr/local/msp430/bin/../lib/gcc/msp430/4.7.0/mcpu-430x/mmpy-16/libcrt0.a(__watchdog_support.o)
                0x0000286e                __wdt_clear_value
                0x00002870                . = ALIGN (0x2)
                0x00002870                __noinit_end = .
                0x00002870                . = ALIGN (0x2)
                0x00002870                _end = .

.infomem        0x00001000        0x0
                0x00001000                . = ALIGN (0x2)
 *(.infomem .infomem.*)

.infomemnobits  0x00001000        0x0
                0x00001000                . = ALIGN (0x2)
 *(.infomemnobits .infomemnobits.*)

.infoa          0x000010c0        0x0
                0x000010c0                . = ALIGN (0x2)
 *(.infoa .infoa.*)

.infob          0x00001080        0x0
                0x00001080                . = ALIGN (0x2)
 *(.infob .infob.*)

.infoc          0x00001040        0x0
                0x00001040                . = ALIGN (0x2)
 *(.infoc .infoc.*)

.infod          0x00001000        0x0
                0x00001000                . = ALIGN (0x2)
 *(.infod .infod.*)

.vectors        0x0000ffc0       0x40
                0x0000ffc0                __vectors_start = .
 *(.vectors*)
 .vectors       0x0000ffc0       0x40 /usr/local/msp430/bin/../lib/gcc/msp430/4.7.0/mcpu-430x/mmpy-16/crt0ivtbl32.o
                0x0000ffc0                __ivtbl_32
                0x00010000                _vectors_end = .

.fartext        0x00010000        0x0
                0x00010000                . = ALIGN (0x2)
 *(.fartext .fartext.*)

.far.text       0x00010000        0x0
                0x00010000                . = ALIGN (0x2)
 *(.far.text .far.text.*)

.far.rodata     0x00010000        0x0
                0x00010000                . = ALIGN (0x2)
 *(.far.rodata .far.rodata.*)
                0x00010000                . = ALIGN (0x2)
                0x00010000                _efartext = .

.far.data       0x00000000        0x0 load address 0x00010000
                0x00000000                . = ALIGN (0x2)
                0x00000000                __far_data_start = .
 *(.far.data .far.data.*)
                0x00000000                . = ALIGN (0x2)
                0x00000000                _efardata = .
                0x00010000                __far_data_load_start = LOADADDR (.far.data)
                0x00000000                __far_data_size = SIZEOF (.far.data)

.far.bss        0x00000000        0x0 load address 0x00010000
                0x00000000                . = ALIGN (0x2)
                0x00000000                __far_bss_start = .
 *(.far.bss .far.bss.*)
                0x00000000                . = ALIGN (0x2)
                0x00000000                __far_bss_end = .
                0x00000000                __far_bss_size = SIZEOF (.far.bss)
                0x00000000                . = ALIGN (0x2)
                0x00000000                _far_end = .

.profiler
 *(.profiler)

.stab
 *(.stab)

.stabstr
 *(.stabstr)

.stab.excl
 *(.stab.excl)

.stab.exclstr
 *(.stab.exclstr)

.stab.index
 *(.stab.index)

.stab.indexstr
 *(.stab.indexstr)

.comment        0x00000000       0x30
 *(.comment)
 .comment       0x00000000       0x30 esp-server.co
                                 0x31 (size before relaxing)
 .comment       0x00000000       0x31 obj_z1/contiki-z1-main.o
 .comment       0x00000000       0x31 contiki-z1.a(rimeaddr.o)
 .comment       0x00000000       0x31 contiki-z1.a(csma.o)
 .comment       0x00000000       0x31 contiki-z1.a(contikimac.o)
 .comment       0x00000000       0x31 contiki-z1.a(phase.o)
 .comment       0x00000000       0x31 contiki-z1.a(process.o)
 .comment       0x00000000       0x31 contiki-z1.a(autostart.o)
 .comment       0x00000000       0x31 contiki-z1.a(memb.o)
 .comment       0x00000000       0x31 contiki-z1.a(timer.o)
 .comment       0x00000000       0x31 contiki-z1.a(list.o)
 .comment       0x00000000       0x31 contiki-z1.a(etimer.o)
 .comment       0x00000000       0x31 contiki-z1.a(ctimer.o)
 .comment       0x00000000       0x31 contiki-z1.a(energest.o)
 .comment       0x00000000       0x31 contiki-z1.a(rtimer.o)
 .comment       0x00000000       0x31 contiki-z1.a(random.o)
 .comment       0x00000000       0x31 contiki-z1.a(nbr-table.o)
 .comment       0x00000000       0x31 contiki-z1.a(packetbuf.o)
 .comment       0x00000000       0x31 contiki-z1.a(queuebuf.o)
 .comment       0x00000000       0x31 contiki-z1.a(resolv.o)
 .comment       0x00000000       0x31 contiki-z1.a(sicslowpan.o)
 .comment       0x00000000       0x31 contiki-z1.a(tcpip.o)
 .comment       0x00000000       0x31 contiki-z1.a(uip-debug.o)
 .comment       0x00000000       0x31 contiki-z1.a(uip-ds6-route.o)
 .comment       0x00000000       0x31 contiki-z1.a(uip-ds6-nbr.o)
 .comment       0x00000000       0x31 contiki-z1.a(uip-ds6.o)
 .comment       0x00000000       0x31 contiki-z1.a(uip-nd6.o)
 .comment       0x00000000       0x31 contiki-z1.a(uip-udp-packet.)
 .comment       0x00000000       0x31 contiki-z1.a(uip6.o)
 .comment       0x00000000       0x31 contiki-z1.a(contiki-z1-plat)
 .comment       0x00000000       0x31 contiki-z1.a(msp430.o)
 .comment       0x00000000       0x31 contiki-z1.a(leds.o)
 .comment       0x00000000       0x31 contiki-z1.a(watchdog.o)
 .comment       0x00000000       0x31 contiki-z1.a(xmem.o)
 .comment       0x00000000       0x31 contiki-z1.a(spi.o)
 .comment       0x00000000       0x31 contiki-z1.a(cc2420.o)
 .comment       0x00000000       0x31 contiki-z1.a(cc2420-arch.o)
 .comment       0x00000000       0x31 contiki-z1.a(node-id.o)
 .comment       0x00000000       0x31 contiki-z1.a(sensors.o)
 .comment       0x00000000       0x31 contiki-z1.a(button-sensor.o)
 .comment       0x00000000       0x31 contiki-z1.a(uart0.o)
 .comment       0x00000000       0x31 contiki-z1.a(uart0-putchar.o)
 .comment       0x00000000       0x31 contiki-z1.a(temperature-sen)
 .comment       0x00000000       0x31 contiki-z1.a(adxl345.o)
 .comment       0x00000000       0x31 contiki-z1.a(clock.o)
 .comment       0x00000000       0x31 contiki-z1.a(leds-arch.o)
 .comment       0x00000000       0x31 contiki-z1.a(rtimer-arch.o)
 .comment       0x00000000       0x31 contiki-z1.a(mac.o)
 .comment       0x00000000       0x31 contiki-z1.a(framer-802154.o)
 .comment       0x00000000       0x31 contiki-z1.a(rpl.o)
 .comment       0x00000000       0x31 contiki-z1.a(rpl-dag.o)
 .comment       0x00000000       0x31 contiki-z1.a(rpl-icmp6.o)
 .comment       0x00000000       0x31 contiki-z1.a(rpl-timers.o)
 .comment       0x00000000       0x31 contiki-z1.a(rpl-mrhof.o)
 .comment       0x00000000       0x31 contiki-z1.a(rpl-ext-header.)
 .comment       0x00000000       0x31 contiki-z1.a(stimer.o)
 .comment       0x00000000       0x31 contiki-z1.a(uip-icmp6.o)
 .comment       0x00000000       0x31 contiki-z1.a(sky-sensors.o)
 .comment       0x00000000       0x31 contiki-z1.a(i2cmaster.o)
 .comment       0x00000000       0x31 contiki-z1.a(frame802154.o)
 .comment       0x00000000       0x31 /usr/local/msp430/bin/../lib/gcc/msp430/4.7.0/../../../../msp430/lib/mcpu-430x/mmpy-16/libc.a(printf.o)
 .comment       0x00000000       0x31 /usr/local/msp430/bin/../lib/gcc/msp430/4.7.0/../../../../msp430/lib/mcpu-430x/mmpy-16/libc.a(sprintf.o)
 .comment       0x00000000       0x31 /usr/local/msp430/bin/../lib/gcc/msp430/4.7.0/../../../../msp430/lib/mcpu-430x/mmpy-16/libc.a(vuprintf.o)
 .comment       0x00000000       0x31 /usr/local/msp430/bin/../lib/gcc/msp430/4.7.0/../../../../msp430/lib/mcpu-430x/mmpy-16/libc.a(puts.o)
 .comment       0x00000000       0x31 /usr/local/msp430/bin/../lib/gcc/msp430/4.7.0/../../../../msp430/lib/mcpu-430x/mmpy-16/libc.a(rand.o)
 .comment       0x00000000       0x31 /usr/local/msp430/bin/../lib/gcc/msp430/4.7.0/../../../../msp430/lib/mcpu-430x/mmpy-16/libc.a(strncat.o)
 .comment       0x00000000       0x31 /usr/local/msp430/bin/../lib/gcc/msp430/4.7.0/../../../../msp430/lib/mcpu-430x/mmpy-16/libc.a(strcmp.o)
 .comment       0x00000000       0x31 /usr/local/msp430/bin/../lib/gcc/msp430/4.7.0/../../../../msp430/lib/mcpu-430x/mmpy-16/libc.a(strncmp.o)
 .comment       0x00000000       0x31 /usr/local/msp430/bin/../lib/gcc/msp430/4.7.0/../../../../msp430/lib/mcpu-430x/mmpy-16/libc.a(memcmp.o)
 .comment       0x00000000       0x31 /usr/local/msp430/bin/../lib/gcc/msp430/4.7.0/../../../../msp430/lib/mcpu-430x/mmpy-16/libc.a(strncpy.o)
 .comment       0x00000000       0x31 /usr/local/msp430/bin/../lib/gcc/msp430/4.7.0/../../../../msp430/lib/mcpu-430x/mmpy-16/libc.a(memcpy.o)
 .comment       0x00000000       0x31 /usr/local/msp430/bin/../lib/gcc/msp430/4.7.0/../../../../msp430/lib/mcpu-430x/mmpy-16/libc.a(memmove.o)
 .comment       0x00000000       0x31 /usr/local/msp430/bin/../lib/gcc/msp430/4.7.0/../../../../msp430/lib/mcpu-430x/mmpy-16/libc.a(memset.o)
 .comment       0x00000000       0x31 /usr/local/msp430/bin/../lib/gcc/msp430/4.7.0/../../../../msp430/lib/mcpu-430x/mmpy-16/libc.a(strcasecmp.o)
 .comment       0x00000000       0x31 /usr/local/msp430/bin/../lib/gcc/msp430/4.7.0/../../../../msp430/lib/mcpu-430x/mmpy-16/libc.a(strcat.o)
 .comment       0x00000000       0x31 /usr/local/msp430/bin/../lib/gcc/msp430/4.7.0/../../../../msp430/lib/mcpu-430x/mmpy-16/libc.a(strncasecmp.o)

.debug
 *(.debug)

.line
 *(.line)

.debug_srcinfo
 *(.debug_srcinfo)

.debug_sfnames
 *(.debug_sfnames)

.debug_aranges  0x00000000      0x3c8
 *(.debug_aranges)
 .debug_aranges
                0x00000000       0x20 /usr/local/msp430/bin/../lib/gcc/msp430/4.7.0/mcpu-430x/mmpy-16/crt0ivtbl32.o
 .debug_aranges
                0x00000020       0x20 /usr/local/msp430/bin/../lib/gcc/msp430/4.7.0/mcpu-430x/mmpy-16/libgcc.a(_mulsi3.o)
 .debug_aranges
                0x00000040       0x20 /usr/local/msp430/bin/../lib/gcc/msp430/4.7.0/mcpu-430x/mmpy-16/libgcc.a(_udivmod16.o)
 .debug_aranges
                0x00000060       0x20 /usr/local/msp430/bin/../lib/gcc/msp430/4.7.0/mcpu-430x/mmpy-16/libgcc.a(_divmod16.o)
 .debug_aranges
                0x00000080       0x20 /usr/local/msp430/bin/../lib/gcc/msp430/4.7.0/mcpu-430x/mmpy-16/libgcc.a(_udivmod32.o)
 .debug_aranges
                0x000000a0       0x28 /usr/local/msp430/bin/../lib/gcc/msp430/4.7.0/../../../../msp430/lib/mcpu-430x/mmpy-16/libc.a(printf.o)
 .debug_aranges
                0x000000c8       0x48 /usr/local/msp430/bin/../lib/gcc/msp430/4.7.0/../../../../msp430/lib/mcpu-430x/mmpy-16/libc.a(sprintf.o)
 .debug_aranges
                0x00000110       0x28 /usr/local/msp430/bin/../lib/gcc/msp430/4.7.0/../../../../msp430/lib/mcpu-430x/mmpy-16/libc.a(vuprintf.o)
 .debug_aranges
                0x00000138       0x20 /usr/local/msp430/bin/../lib/gcc/msp430/4.7.0/../../../../msp430/lib/mcpu-430x/mmpy-16/libc.a(puts.o)
 .debug_aranges
                0x00000158       0x30 /usr/local/msp430/bin/../lib/gcc/msp430/4.7.0/../../../../msp430/lib/mcpu-430x/mmpy-16/libc.a(rand.o)
 .debug_aranges
                0x00000188       0x20 /usr/local/msp430/bin/../lib/gcc/msp430/4.7.0/../../../../msp430/lib/mcpu-430x/mmpy-16/libc.a(strncat.o)
 .debug_aranges
                0x000001a8       0x20 /usr/local/msp430/bin/../lib/gcc/msp430/4.7.0/../../../../msp430/lib/mcpu-430x/mmpy-16/libc.a(strcmp.o)
 .debug_aranges
                0x000001c8       0x20 /usr/local/msp430/bin/../lib/gcc/msp430/4.7.0/../../../../msp430/lib/mcpu-430x/mmpy-16/libc.a(strncmp.o)
 .debug_aranges
                0x000001e8       0x20 /usr/local/msp430/bin/../lib/gcc/msp430/4.7.0/../../../../msp430/lib/mcpu-430x/mmpy-16/libc.a(memcmp.o)
 .debug_aranges
                0x00000208       0x20 /usr/local/msp430/bin/../lib/gcc/msp430/4.7.0/../../../../msp430/lib/mcpu-430x/mmpy-16/libc.a(strncpy.o)
 .debug_aranges
                0x00000228       0x20 /usr/local/msp430/bin/../lib/gcc/msp430/4.7.0/../../../../msp430/lib/mcpu-430x/mmpy-16/libc.a(memcpy.o)
 .debug_aranges
                0x00000248       0x20 /usr/local/msp430/bin/../lib/gcc/msp430/4.7.0/../../../../msp430/lib/mcpu-430x/mmpy-16/libc.a(memmove.o)
 .debug_aranges
                0x00000268       0x20 /usr/local/msp430/bin/../lib/gcc/msp430/4.7.0/../../../../msp430/lib/mcpu-430x/mmpy-16/libc.a(memset.o)
 .debug_aranges
                0x00000288       0x20 /usr/local/msp430/bin/../lib/gcc/msp430/4.7.0/../../../../msp430/lib/mcpu-430x/mmpy-16/libc.a(strcasecmp.o)
 .debug_aranges
                0x000002a8       0x20 /usr/local/msp430/bin/../lib/gcc/msp430/4.7.0/../../../../msp430/lib/mcpu-430x/mmpy-16/libc.a(strcat.o)
 .debug_aranges
                0x000002c8       0x20 /usr/local/msp430/bin/../lib/gcc/msp430/4.7.0/../../../../msp430/lib/mcpu-430x/mmpy-16/libc.a(strncasecmp.o)
 .debug_aranges
                0x000002e8       0x20 /usr/local/msp430/bin/../lib/gcc/msp430/4.7.0/mcpu-430x/mmpy-16/libgcc.a(_udivmod64.o)
 .debug_aranges
                0x00000308       0x20 /usr/local/msp430/bin/../lib/gcc/msp430/4.7.0/mcpu-430x/mmpy-16/libcrt0.a(__watchdog_support.o)
 .debug_aranges
                0x00000328       0x20 /usr/local/msp430/bin/../lib/gcc/msp430/4.7.0/mcpu-430x/mmpy-16/libcrt0.a(__init_stack.o)
 .debug_aranges
                0x00000348       0x20 /usr/local/msp430/bin/../lib/gcc/msp430/4.7.0/mcpu-430x/mmpy-16/libcrt0.a(_copy_data.o)
 .debug_aranges
                0x00000368       0x20 /usr/local/msp430/bin/../lib/gcc/msp430/4.7.0/mcpu-430x/mmpy-16/libcrt0.a(_clear_bss.o)
 .debug_aranges