Archive member included because of file (symbol)

contiki-sky.a(rimeaddr.o)     obj_sky/contiki-sky-main.o (rimeaddr_copy)
contiki-sky.a(csma.o)         obj_sky/contiki-sky-main.o (csma_driver)
contiki-sky.a(contikimac.o)   obj_sky/contiki-sky-main.o (contikimac_driver)
contiki-sky.a(phase.o)        contiki-sky.a(contikimac.o) (phase_update)
contiki-sky.a(process.o)      obj_sky/contiki-sky-main.o (process_init)
contiki-sky.a(autostart.o)    obj_sky/contiki-sky-main.o (autostart_start)
contiki-sky.a(compower.o)     contiki-sky.a(contikimac.o) (compower_idle_activity)
contiki-sky.a(memb.o)         contiki-sky.a(csma.o) (memb_init)
contiki-sky.a(timer.o)        obj_sky/contiki-sky-main.o (timer_set)
contiki-sky.a(list.o)         contiki-sky.a(csma.o) (list_init)
contiki-sky.a(etimer.o)       obj_sky/contiki-sky-main.o (etimer_process)
contiki-sky.a(ctimer.o)       obj_sky/contiki-sky-main.o (ctimer_init)
contiki-sky.a(energest.o)     obj_sky/contiki-sky-main.o (energest_init)
contiki-sky.a(rtimer.o)       obj_sky/contiki-sky-main.o (rtimer_init)
contiki-sky.a(random.o)       obj_sky/contiki-sky-main.o (random_init)
contiki-sky.a(nbr-table.o)    contiki-sky.a(phase.o) (nbr_table_register)
contiki-sky.a(packetbuf.o)    contiki-sky.a(contikimac.o) (packetbuf_hdr_remove)
contiki-sky.a(queuebuf.o)     obj_sky/contiki-sky-main.o (queuebuf_init)
contiki-sky.a(resolv.o)       esp-server.co (resolv_set_hostname)
contiki-sky.a(sicslowpan.o)   obj_sky/contiki-sky-main.o (sicslowpan_driver)
contiki-sky.a(tcpip.o)        contiki-sky.a(sicslowpan.o) (tcpip_set_outputfunc)
contiki-sky.a(uip-debug.o)    esp-server.co (uip_debug_ipaddr_print)
contiki-sky.a(uip-ds6-route.o)
                              contiki-sky.a(tcpip.o) (uip_ds6_route_nexthop)
contiki-sky.a(uip-ds6-nbr.o)  contiki-sky.a(tcpip.o) (uip_ds6_nbr_add)
contiki-sky.a(uip-ds6.o)      contiki-sky.a(tcpip.o) (uip_ds6_is_addr_onlink)
contiki-sky.a(uip-nd6.o)      contiki-sky.a(tcpip.o) (uip_nd6_ns_output)
contiki-sky.a(uip-udp-packet.)
                              esp-server.co (uip_udp_packet_send)
contiki-sky.a(uip6.o)         esp-server.co (uip_aligned_buf)
contiki-sky.a(contiki-sky-pla)
                              obj_sky/contiki-sky-main.o (init_platform)
contiki-sky.a(sht11-sensor.o)
                              esp-server.co (sht11_sensor)
contiki-sky.a(light-sensor.o)
                              esp-server.co (light_sensor)
contiki-sky.a(button-sensor.o)
                              contiki-sky.a(contiki-sky-pla) (button_sensor)
contiki-sky.a(ds2411.o)       obj_sky/contiki-sky-main.o (ds2411_init)
contiki-sky.a(xmem.o)         obj_sky/contiki-sky-main.o (xmem_init)
contiki-sky.a(node-id.o)      obj_sky/contiki-sky-main.o (node_id_restore)
contiki-sky.a(sensors.o)      contiki-sky.a(button-sensor.o) (sensors_changed)
contiki-sky.a(cc2420.o)       obj_sky/contiki-sky-main.o (cc2420_set_pan_addr)
contiki-sky.a(cc2420-arch.o)  contiki-sky.a(cc2420.o) (cc2420_arch_init)
contiki-sky.a(sky-sensors.o)  contiki-sky.a(light-sensor.o) (sky_sensors_status)
contiki-sky.a(uart1.o)        obj_sky/contiki-sky-main.o (uart1_active)
contiki-sky.a(uart1-putchar.o)
                              esp-server.co (putchar)
contiki-sky.a(msp430.o)       contiki-sky.a(uart1.o) (msp430_add_lpm_req)
contiki-sky.a(clock.o)        contiki-sky.a(timer.o) (clock_time)
contiki-sky.a(leds.o)         obj_sky/contiki-sky-main.o (leds_init)
contiki-sky.a(leds-arch.o)    contiki-sky.a(leds.o) (leds_arch_init)
contiki-sky.a(watchdog.o)     obj_sky/contiki-sky-main.o (watchdog_start)
contiki-sky.a(rtimer-arch.o)  contiki-sky.a(rtimer.o) (rtimer_arch_init)
contiki-sky.a(mac.o)          contiki-sky.a(csma.o) (mac_call_sent_callback)
contiki-sky.a(framer-802154.o)
                              contiki-sky.a(contikimac.o) (framer_802154)
contiki-sky.a(rpl.o)          contiki-sky.a(uip-ds6-nbr.o) (rpl_link_neighbor_callback)
contiki-sky.a(rpl-dag.o)      contiki-sky.a(rpl.o) (rpl_dag_init)
contiki-sky.a(rpl-icmp6.o)    contiki-sky.a(rpl.o) (dao_output_target)
contiki-sky.a(rpl-timers.o)   contiki-sky.a(rpl.o) (rpl_reset_periodic_timer)
contiki-sky.a(rpl-mrhof.o)    contiki-sky.a(rpl-dag.o) (rpl_mrhof)
contiki-sky.a(rpl-ext-header.)
                              contiki-sky.a(uip6.o) (rpl_verify_header)
contiki-sky.a(stimer.o)       contiki-sky.a(tcpip.o) (stimer_set)
contiki-sky.a(uip-icmp6.o)    contiki-sky.a(uip6.o) (uip_icmp6_echo_request_input)
contiki-sky.a(sht11.o)        contiki-sky.a(sht11-sensor.o) (sht11_init)
contiki-sky.a(spi.o)          contiki-sky.a(xmem.o) (spi_init)
contiki-sky.a(frame802154.o)  contiki-sky.a(framer-802154.o) (frame802154_hdrlen)
/usr/local/msp430/bin/../lib/gcc/msp430/4.7.0/mmpy-16/libgcc.a(_mulsi3.o)
                              contiki-sky.a(csma.o) (__mulsi3)
/usr/local/msp430/bin/../lib/gcc/msp430/4.7.0/mmpy-16/libgcc.a(_udivmod16.o)
                              contiki-sky.a(rpl-dag.o) (__udivhi3)
[...]
Memory Configuration

Name             Origin             Length             Attributes
sfr              0x00000000         0x00000010
peripheral_8bit  0x00000010         0x000000f0
peripheral_16bit 0x00000100         0x00000100
ram_mirror       0x00000200         0x00000800         xw
infomem          0x00001000         0x00000100
infob            0x00001000         0x00000080
infoa            0x00001080         0x00000080
ram              0x00001100         0x00002800         xw
rom              0x00004000         0x0000bfe0         xr
vectors          0x0000ffe0         0x00000020
bsl              0x00000000         0x00000000
infoc            0x00000000         0x00000000
infod            0x00000000         0x00000000
ram2             0x00000000         0x00000000         xw
usbram           0x00000000         0x00000000         xw
far_rom          0x00000000         0x00000000
*default*        0x00000000         0xffffffff

Linker script and memory map

LOAD /usr/local/msp430/bin/../lib/gcc/msp430/4.7.0/mmpy-16/crt0ivtbl16.o
LOAD esp-server.co
LOAD obj_sky/contiki-sky-main.o
LOAD contiki-sky.a
LOAD /usr/local/msp430/bin/../lib/gcc/msp430/4.7.0/mmpy-16/libgcc.a
LOAD /usr/local/msp430/bin/../lib/gcc/msp430/4.7.0/../../../../msp430/lib/mmpy-16/libc.a
LOAD /usr/local/msp430/bin/../lib/gcc/msp430/4.7.0/mmpy-16/libgcc.a
LOAD /usr/local/msp430/bin/../lib/gcc/msp430/4.7.0/mmpy-16/libcrt0.a
                0x00000080                PROVIDE (__info_segment_size, 0x80)
                0x00001000                PROVIDE (__infob, 0x1000)
                0x00001080                PROVIDE (__infoa, 0x1080)
                0x00000000                __IE1 = 0x0
                0x00000002                __IFG1 = 0x2
                0x00000004                __ME1 = 0x4
                0x00000001                __IE2 = 0x1
                0x00000003                __IFG2 = 0x3
                0x00000005                __ME2 = 0x5
                0x00000120                __WDTCTL = 0x120
                0x00000130                __MPY = 0x130
                0x00000132                __MPYS = 0x132
                0x00000134                __MAC = 0x134
                0x00000136                __MACS = 0x136
                0x00000138                __OP2 = 0x138
                0x0000013a                __RESLO = 0x13a
                0x0000013c                __RESHI = 0x13c
                0x0000013e                __SUMEXT = 0x13e
                0x00000020                __P1IN = 0x20
                0x00000021                __P1OUT = 0x21
                0x00000022                __P1DIR = 0x22
                0x00000023                __P1IFG = 0x23
                0x00000024                __P1IES = 0x24
                0x00000025                __P1IE = 0x25
                0x00000026                __P1SEL = 0x26
                0x00000028                __P2IN = 0x28
                0x00000029                __P2OUT = 0x29
                0x0000002a                __P2DIR = 0x2a
                0x0000002b                __P2IFG = 0x2b
                0x0000002c                __P2IES = 0x2c
                0x0000002d                __P2IE = 0x2d
                0x0000002e                __P2SEL = 0x2e
                0x00000018                __P3IN = 0x18
                0x00000019                __P3OUT = 0x19
                0x0000001a                __P3DIR = 0x1a
                0x0000001b                __P3SEL = 0x1b
                0x0000001c                __P4IN = 0x1c
                0x0000001d                __P4OUT = 0x1d
                0x0000001e                __P4DIR = 0x1e
                0x0000001f                __P4SEL = 0x1f
                0x00000030                __P5IN = 0x30
                0x00000031                __P5OUT = 0x31
                0x00000032                __P5DIR = 0x32
                0x00000033                __P5SEL = 0x33
                0x00000034                __P6IN = 0x34
                0x00000035                __P6OUT = 0x35
                0x00000036                __P6DIR = 0x36
                0x00000037                __P6SEL = 0x37
                0x00000070                __U0CTL = 0x70
                0x00000071                __U0TCTL = 0x71
                0x00000072                __U0RCTL = 0x72
                0x00000073                __U0MCTL = 0x73
                0x00000074                __U0BR0 = 0x74
                0x00000075                __U0BR1 = 0x75
                0x00000076                __U0RXBUF = 0x76
                0x00000077                __U0TXBUF = 0x77
                0x00000078                __U1CTL = 0x78
                0x00000079                __U1TCTL = 0x79
                0x0000007a                __U1RCTL = 0x7a
                0x0000007b                __U1MCTL = 0x7b
                0x0000007c                __U1BR0 = 0x7c
                0x0000007d                __U1BR1 = 0x7d
                0x0000007e                __U1RXBUF = 0x7e
                0x0000007f                __U1TXBUF = 0x7f
                0x00000050                __I2CIE = 0x50
                0x00000051                __I2CIFG = 0x51
                0x00000052                __I2CNDAT = 0x52
                0x00000071                __I2CTCTL = 0x71
                0x00000072                __I2CDCTL = 0x72
                0x00000073                __I2CPSC = 0x73
                0x00000074                __I2CSCLH = 0x74
                0x00000075                __I2CSCLL = 0x75
                0x00000076                __I2CDRB = 0x76
                0x00000076                __I2CDRW = 0x76
                0x00000118                __I2COA = 0x118
                0x0000011a                __I2CSA = 0x11a
                0x0000011c                __I2CIV = 0x11c
                0x0000012e                __TAIV = 0x12e
                0x00000160                __TACTL = 0x160
                0x00000162                __TACCTL0 = 0x162
                0x00000164                __TACCTL1 = 0x164
                0x00000166                __TACCTL2 = 0x166
                0x00000170                __TAR = 0x170
                0x00000172                __TACCR0 = 0x172
                0x00000174                __TACCR1 = 0x174
                0x00000176                __TACCR2 = 0x176
                0x0000011e                __TBIV = 0x11e
                0x00000180                __TBCTL = 0x180
                0x00000182                __TBCCTL0 = 0x182
                0x00000184                __TBCCTL1 = 0x184
                0x00000186                __TBCCTL2 = 0x186
                0x00000188                __TBCCTL3 = 0x188
                0x0000018a                __TBCCTL4 = 0x18a
                0x0000018c                __TBCCTL5 = 0x18c
                0x0000018e                __TBCCTL6 = 0x18e
                0x00000190                __TBR = 0x190
                0x00000192                __TBCCR0 = 0x192
                0x00000194                __TBCCR1 = 0x194
                0x00000196                __TBCCR2 = 0x196
                0x00000198                __TBCCR3 = 0x198
                0x0000019a                __TBCCR4 = 0x19a
                0x0000019c                __TBCCR5 = 0x19c
                0x0000019e                __TBCCR6 = 0x19e
                0x00000056                __DCOCTL = 0x56
                0x00000057                __BCSCTL1 = 0x57
                0x00000058                __BCSCTL2 = 0x58
                0x00000055                __SVSCTL = 0x55
                0x00000128                __FCTL1 = 0x128
                0x0000012a                __FCTL2 = 0x12a
                0x0000012c                __FCTL3 = 0x12c
                0x00000059                __CACTL1 = 0x59
                0x0000005a                __CACTL2 = 0x5a
                0x0000005b                __CAPD = 0x5b
                0x000001a0                __ADC12CTL0 = 0x1a0
                0x000001a2                __ADC12CTL1 = 0x1a2
                0x000001a4                __ADC12IFG = 0x1a4
                0x000001a6                __ADC12IE = 0x1a6
                0x000001a8                __ADC12IV = 0x1a8
                0x00000140                __ADC12MEM0 = 0x140
                0x00000142                __ADC12MEM1 = 0x142
                0x00000144                __ADC12MEM2 = 0x144
                0x00000146                __ADC12MEM3 = 0x146
                0x00000148                __ADC12MEM4 = 0x148
                0x0000014a                __ADC12MEM5 = 0x14a
                0x0000014c                __ADC12MEM6 = 0x14c
                0x0000014e                __ADC12MEM7 = 0x14e
                0x00000150                __ADC12MEM8 = 0x150
                0x00000152                __ADC12MEM9 = 0x152
                0x00000154                __ADC12MEM10 = 0x154
                0x00000156                __ADC12MEM11 = 0x156
                0x00000158                __ADC12MEM12 = 0x158
                0x0000015a                __ADC12MEM13 = 0x15a
                0x0000015c                __ADC12MEM14 = 0x15c
                0x0000015e                __ADC12MEM15 = 0x15e
                0x00000080                __ADC12MCTL0 = 0x80
                0x00000081                __ADC12MCTL1 = 0x81
                0x00000082                __ADC12MCTL2 = 0x82
                0x00000083                __ADC12MCTL3 = 0x83
                0x00000084                __ADC12MCTL4 = 0x84
                0x00000085                __ADC12MCTL5 = 0x85
                0x00000086                __ADC12MCTL6 = 0x86
                0x00000087                __ADC12MCTL7 = 0x87
                0x00000088                __ADC12MCTL8 = 0x88
                0x00000089                __ADC12MCTL9 = 0x89
                0x0000008a                __ADC12MCTL10 = 0x8a
                0x0000008b                __ADC12MCTL11 = 0x8b
                0x0000008c                __ADC12MCTL12 = 0x8c
                0x0000008d                __ADC12MCTL13 = 0x8d
                0x0000008e                __ADC12MCTL14 = 0x8e
                0x0000008f                __ADC12MCTL15 = 0x8f
                0x000001c0                __DAC12_0CTL = 0x1c0
                0x000001c2                __DAC12_1CTL = 0x1c2
                0x000001c8                __DAC12_0DAT = 0x1c8
                0x000001ca                __DAC12_1DAT = 0x1ca
                0x00000122                __DMACTL0 = 0x122
                0x00000124                __DMACTL1 = 0x124
                0x000001e0                __DMA0CTL = 0x1e0
                0x000001e8                __DMA1CTL = 0x1e8
                0x000001f0                __DMA2CTL = 0x1f0
                0x000001e2                __DMA0SA = 0x1e2
                0x000001e4                __DMA0DA = 0x1e4
                0x000001e6                __DMA0SZ = 0x1e6
                0x000001ea                __DMA1SA = 0x1ea
                0x000001ec                __DMA1DA = 0x1ec
                0x000001ee                __DMA1SZ = 0x1ee
                0x000001f2                __DMA2SA = 0x1f2
                0x000001f4                __DMA2DA = 0x1f4
                0x000001f6                __DMA2SZ = 0x1f6

.hash
 *(.hash)

.dynsym
 *(.dynsym)

.dynstr
 *(.dynstr)

.gnu.version
 *(.gnu.version)

.gnu.version_d
 *(.gnu.version_d)

.gnu.version_r
 *(.gnu.version_r)

.rel.init
 *(.rel.init)

.rela.init
 *(.rela.init)

.rel.fini
 *(.rel.fini)

.rela.fini
 *(.rela.fini)

.rel.text
 *(.rel.text .rel.text.* .rel.gnu.linkonce.t.*)

.rela.text
 *(.rela.text .rela.text.* .rela.gnu.linkonce.t.*)

.rel.rodata
 *(.rel.rodata .rel.rodata.* .rel.gnu.linkonce.r.*)

.rela.rodata
 *(.rela.rodata .rela.rodata.* .rela.gnu.linkonce.r.*)

.rel.data
 *(.rel.data .rel.data.* .rel.gnu.linkonce.d.*)

.rela.data
 *(.rela.data .rela.data.* .rela.gnu.linkonce.d.*)

.rel.bss
 *(.rel.bss .rel.bss.* .rel.gnu.linkonce.b.*)

.rela.bss
 *(.rela.bss .rela.bss.* .rela.gnu.linkonce.b.*)

.rel.ctors
 *(.rel.ctors)

.rela.ctors
 *(.rela.ctors)

.rel.dtors
 *(.rel.dtors)

.rela.dtors
 *(.rela.dtors)

.rel.got
 *(.rel.got)

.rela.got
 *(.rela.got)

.rel.plt
 *(.rel.plt)

.rela.plt
 *(.rela.plt)

.text           0x00004000     0xbcb6
                0x00004000                . = ALIGN (0x2)
 *(.init .init.*)
 *(.init0)
 .init0         0x00004000        0x0 /usr/local/msp430/bin/../lib/gcc/msp430/4.7.0/mmpy-16/libcrt0.a(_reset_vector__.o)
                0x00004000                _reset_vector__
 *(.init1)
 .init1         0x00004000        0xc /usr/local/msp430/bin/../lib/gcc/msp430/4.7.0/mmpy-16/libcrt0.a(__watchdog_support.o)
                0x00004000                __watchdog_support
 *(.init2)
 .init2         0x0000400c        0x4 /usr/local/msp430/bin/../lib/gcc/msp430/4.7.0/mmpy-16/libcrt0.a(__init_stack.o)
                0x0000400c                __init_stack
 *(.init3)
 .init3         0x00004010        0x0 /usr/local/msp430/bin/../lib/gcc/msp430/4.7.0/mmpy-16/libcrt0.a(__low_level_init.o)
                0x00004010                __low_level_init
 *(.init4)
 .init4         0x00004010       0x18 /usr/local/msp430/bin/../lib/gcc/msp430/4.7.0/mmpy-16/libcrt0.a(_copy_data.o)
                0x00004010                __do_copy_data
 .init4         0x00004028       0x16 /usr/local/msp430/bin/../lib/gcc/msp430/4.7.0/mmpy-16/libcrt0.a(_clear_bss.o)
                0x00004028                __do_clear_bss
 *(.init5)
 *(.init6)
 *(.init7)
 *(.init8)
 *(.init9)
 .init9         0x0000403e      0x35e obj_sky/contiki-sky-main.o
                0x0000403e                main
 *(.fini9)
 .fini9         0x0000439c        0x0 /usr/local/msp430/bin/../lib/gcc/msp430/4.7.0/mmpy-16/libcrt0.a(__stop_progExec__.o)
                0x0000439c                __stop_progExec__
 *(.fini8)
 *(.fini7)
 *(.fini6)
 *(.fini5)
 *(.fini4)
 *(.fini3)
 *(.fini2)
 *(.fini1)
 *(.fini0)
 .fini0         0x0000439c        0x6 /usr/local/msp430/bin/../lib/gcc/msp430/4.7.0/mmpy-16/libcrt0.a(_endless_loop__.o)
                0x0000439c                _endless_loop__
 *(.fini .fini.*)
                0x000043a2                . = ALIGN (0x2)
                0x000043a2                __ctors_start = .
 *(.ctors)
                0x000043a2                __ctors_end = .
                0x000043a2                __dtors_start = .
 *(.dtors)
                0x000043a2                __dtors_end = .
                0x000043a2                . = ALIGN (0x2)
 *(.text .text.* .gnu.linkonce.t.*)
 .text          0x000043a2        0x4 /usr/local/msp430/bin/../lib/gcc/msp430/4.7.0/mmpy-16/crt0ivtbl16.o
                0x000043a2                __isr_14
                0x000043a2                __isr_11
                0x000043a2                __isr_2
                0x000043a2                __isr_7
                0x000043a2                __isr_0
                0x000043a2                __isr_8
                0x000043a2                __isr_3
                0x000043a2                __isr_12
                0x000043a2                __isr_13
                0x000043a2                __isr_9
 .text.process_thread_sense_process
                0x000043a6       0xc2 esp-server.co
 .text.process_thread_udp_server_process
                0x00004468      0x1aa esp-server.co
 .text.rimeaddr_copy
                0x00004612        0x8 contiki-sky.a(rimeaddr.o)
                0x00004612                rimeaddr_copy
 .text.rimeaddr_cmp
                0x0000461a       0x12 contiki-sky.a(rimeaddr.o)
                0x0000461a                rimeaddr_cmp
 .text.rimeaddr_set_node_addr
                0x0000462c        0xc contiki-sky.a(rimeaddr.o)
                0x0000462c                rimeaddr_set_node_addr
 .text.input_packet
                0x00004638        0x6 contiki-sky.a(csma.o)
 .text.on       0x0000463e        0x6 contiki-sky.a(csma.o)
 .text.off      0x00004644        0x6 contiki-sky.a(csma.o)
 .text.channel_check_interval
                0x0000464a       0x10 contiki-sky.a(csma.o)
 .text.transmit_packet_list
                0x0000465a       0x24 contiki-sky.a(csma.o)
 .text.init     0x0000467e       0x1a contiki-sky.a(csma.o)
 .text.send_packet
                0x00004698      0x164 contiki-sky.a(csma.o)
 .text.free_packet
                0x000047fc       0x9c contiki-sky.a(csma.o)
 .text.packet_sent
                0x00004898      0x132 contiki-sky.a(csma.o)
 .text.duty_cycle
                0x000049ca        0x6 contiki-sky.a(contikimac.o)
 .text.init     0x000049d0       0x2e contiki-sky.a(contikimac.o)
 .text.on       0x000049fe       0x1a contiki-sky.a(contikimac.o)
 .text.off      0x00004a18       0x22 contiki-sky.a(contikimac.o)
 .text.recv_burst_off
                0x00004a3a        0xa contiki-sky.a(contikimac.o)
 .text.turn_off
                0x00004a44       0x20 contiki-sky.a(contikimac.o)
 .text.turn_on  0x00004a64       0x30 contiki-sky.a(contikimac.o)
 .text.schedule_powercycle_fixed.part.4
                0x00004a94       0x34 contiki-sky.a(contikimac.o)
 .text.powercycle_turn_radio_off
                0x00004ac8       0x30 contiki-sky.a(contikimac.o)
 .text.input_packet
                0x00004af8      0x11a contiki-sky.a(contikimac.o)
 .text.send_packet
                0x00004c12      0x2ac contiki-sky.a(contikimac.o)
 .text.qsend_list
                0x00004ebe       0x82 contiki-sky.a(contikimac.o)
 .text.qsend_packet
                0x00004f40       0x28 contiki-sky.a(contikimac.o)
 .text.powercycle
                0x00004f68      0x1de contiki-sky.a(contikimac.o)
 .text.send_packet
                0x00005146       0x44 contiki-sky.a(phase.o)
 .text.phase_update
                0x0000518a       0x92 contiki-sky.a(phase.o)
                0x0000518a                phase_update
 .text.phase_wait
                0x0000521c       0xf2 contiki-sky.a(phase.o)
                0x0000521c                phase_wait
 .text.phase_init
                0x0000530e       0x14 contiki-sky.a(phase.o)
                0x0000530e                phase_init
 .text.call_process
                0x00005322       0x46 contiki-sky.a(process.o)
 .text.exit_process
                0x00005368       0x96 contiki-sky.a(process.o)
 .text.do_poll  0x000053fe       0x30 contiki-sky.a(process.o)
 .text.process_alloc_event
                0x0000542e        0xe contiki-sky.a(process.o)
                0x0000542e                process_alloc_event
 .text.process_exit
                0x0000543c        0xa contiki-sky.a(process.o)
                0x0000543c                process_exit
 .text.process_init
                0x00005446       0x1c contiki-sky.a(process.o)
                0x00005446                process_init
 .text.process_run
                0x00005462       0xa2 contiki-sky.a(process.o)
                0x00005462                process_run
 .text.process_nevents
                0x00005504        0xe contiki-sky.a(process.o)
                0x00005504                process_nevents
 .text.process_post
                0x00005512       0x54 contiki-sky.a(process.o)
                0x00005512                process_post
 .text.process_post_synch
                0x00005566       0x12 contiki-sky.a(process.o)
                0x00005566                process_post_synch
 .text.process_start
                0x00005578       0x36 contiki-sky.a(process.o)
                0x00005578                process_start
 .text.process_poll
                0x000055ae       0x18 contiki-sky.a(process.o)
                0x000055ae                process_poll
 .text.autostart_start
                0x000055c6       0x16 contiki-sky.a(autostart.o)
                0x000055c6                autostart_start
 .text.compower_accumulate
                0x000055dc       0x72 contiki-sky.a(compower.o)
                0x000055dc                compower_accumulate
 .text.compower_clear
                0x0000564e       0x12 contiki-sky.a(compower.o)
                0x0000564e                compower_clear
 .text.compower_attrconv
                0x00005660       0x10 contiki-sky.a(compower.o)
                0x00005660                compower_attrconv
 .text.memb_init
                0x00005670       0x36 contiki-sky.a(memb.o)
                0x00005670                memb_init
 .text.memb_alloc
                0x000056a6       0x3e contiki-sky.a(memb.o)
                0x000056a6                memb_alloc
 .text.memb_free
                0x000056e4       0x3a contiki-sky.a(memb.o)
                0x000056e4                memb_free
 .text.memb_inmemb
                0x0000571e       0x2a contiki-sky.a(memb.o)
                0x0000571e                memb_inmemb
 .text.timer_set
                0x00005748       0x1c contiki-sky.a(timer.o)
                0x00005748                timer_set
 .text.timer_reset
                0x00005764        0xe contiki-sky.a(timer.o)
                0x00005764                timer_reset
 .text.timer_restart
                0x00005772       0x14 contiki-sky.a(timer.o)
                0x00005772                timer_restart
 .text.timer_expired
                0x00005786       0x2a contiki-sky.a(timer.o)
                0x00005786                timer_expired
 .text.list_init
                0x000057b0        0x6 contiki-sky.a(list.o)
                0x000057b0                list_init
 .text.list_head
                0x000057b6        0x4 contiki-sky.a(list.o)
                0x000057b6                list_head
 .text.list_tail
                0x000057ba       0x12 contiki-sky.a(list.o)
                0x000057ba                list_tail
 .text.list_remove
                0x000057cc       0x34 contiki-sky.a(list.o)
                0x000057cc                list_remove
 .text.list_push
                0x00005800       0x1a contiki-sky.a(list.o)
                0x00005800                list_push
 .text.list_add
                0x0000581a       0x2a contiki-sky.a(list.o)
                0x0000581a                list_add
 .text.list_length
                0x00005844       0x10 contiki-sky.a(list.o)
                0x00005844                list_length
 .text.list_item_next
                0x00005854        0xc contiki-sky.a(list.o)
                0x00005854                list_item_next
 .text.update_time
                0x00005860       0x78 contiki-sky.a(etimer.o)
 .text.etimer_request_poll
                0x000058d8        0xa contiki-sky.a(etimer.o)
                0x000058d8                etimer_request_poll
 .text.process_thread_etimer_process
                0x000058e2       0xcc contiki-sky.a(etimer.o)
 .text.add_timer
                0x000059ae       0x40 contiki-sky.a(etimer.o)
 .text.etimer_set
                0x000059ee       0x12 contiki-sky.a(etimer.o)
                0x000059ee                etimer_set
 .text.etimer_reset
                0x00005a00       0x12 contiki-sky.a(etimer.o)
                0x00005a00                etimer_reset
 .text.etimer_restart
                0x00005a12       0x12 contiki-sky.a(etimer.o)
                0x00005a12                etimer_restart
 .text.etimer_expired
                0x00005a24        0xe contiki-sky.a(etimer.o)
                0x00005a24                etimer_expired
 .text.etimer_expiration_time
                0x00005a32       0x14 contiki-sky.a(etimer.o)
                0x00005a32                etimer_expiration_time
 .text.etimer_pending
                0x00005a46        0xc contiki-sky.a(etimer.o)
                0x00005a46                etimer_pending
 .text.etimer_next_expiration_time
                0x00005a52       0x16 contiki-sky.a(etimer.o)
                0x00005a52                etimer_next_expiration_time
 .text.etimer_stop
                0x00005a68       0x3e contiki-sky.a(etimer.o)
                0x00005a68                etimer_stop
 .text.process_thread_ctimer_process
                0x00005aa6       0xa8 contiki-sky.a(ctimer.o)
 .text.ctimer_init
                0x00005b4e       0x18 contiki-sky.a(ctimer.o)
                0x00005b4e                ctimer_init
 .text.ctimer_set
                0x00005b66       0x5a contiki-sky.a(ctimer.o)
                0x00005b66                ctimer_set
 .text.ctimer_reset
                0x00005bc0       0x3a contiki-sky.a(ctimer.o)
                0x00005bc0                ctimer_reset
 .text.ctimer_stop
                0x00005bfa       0x28 contiki-sky.a(ctimer.o)
                0x00005bfa                ctimer_stop
 .text.energest_init
                0x00005c22       0x26 contiki-sky.a(energest.o)
                0x00005c22                energest_init
 .text.energest_type_time
                0x00005c48       0x48 contiki-sky.a(energest.o)
                0x00005c48                energest_type_time
 .text.energest_type_set
                0x00005c90        0xe contiki-sky.a(energest.o)
                0x00005c90                energest_type_set
 .text.energest_flush
                0x00005c9e       0x48 contiki-sky.a(energest.o)
                0x00005c9e                energest_flush
 .text.rtimer_init
                0x00005ce6        0x6 contiki-sky.a(rtimer.o)
                0x00005ce6                rtimer_init
 .text.rtimer_set
                0x00005cec       0x24 contiki-sky.a(rtimer.o)
                0x00005cec                rtimer_set
 .text.rtimer_run_next
                0x00005d10       0x26 contiki-sky.a(rtimer.o)
                0x00005d10                rtimer_run_next
 .text.random_init
                0x00005d36        0x6 contiki-sky.a(random.o)
                0x00005d36                random_init
 .text.random_rand
                0x00005d3c        0x6 contiki-sky.a(random.o)
                0x00005d3c                random_rand
 .text.item_from_index
                0x00005d42       0x2a contiki-sky.a(nbr-table.o)
 .text.index_from_key
                0x00005d6c       0x26 contiki-sky.a(nbr-table.o)
 .text.index_from_item
                0x00005d92       0x1e contiki-sky.a(nbr-table.o)
 .text.nbr_set_bit
                0x00005db0       0x58 contiki-sky.a(nbr-table.o)
 .text.index_from_lladdr
                0x00005e08       0x42 contiki-sky.a(nbr-table.o)
 .text.nbr_get_bit.constprop.0
                0x00005e4a       0x2e contiki-sky.a(nbr-table.o)
 .text.nbr_table_register
                0x00005e78       0x26 contiki-sky.a(nbr-table.o)
                0x00005e78                nbr_table_register
 .text.nbr_table_next
                0x00005e9e       0x54 contiki-sky.a(nbr-table.o)
                0x00005e9e                nbr_table_next
 .text.nbr_table_head
                0x00005ef2       0x3a contiki-sky.a(nbr-table.o)
                0x00005ef2                nbr_table_head
 .text.nbr_table_add_lladdr
                0x00005f2c      0x128 contiki-sky.a(nbr-table.o)
                0x00005f2c                nbr_table_add_lladdr
 .text.nbr_table_get_from_lladdr
                0x00006054       0x2c contiki-sky.a(nbr-table.o)
                0x00006054                nbr_table_get_from_lladdr
 .text.nbr_table_remove
                0x00006080       0x32 contiki-sky.a(nbr-table.o)
                0x00006080                nbr_table_remove
 .text.nbr_table_lock
                0x000060b2       0x10 contiki-sky.a(nbr-table.o)
                0x000060b2                nbr_table_lock
 .text.nbr_table_unlock
                0x000060c2       0x10 contiki-sky.a(nbr-table.o)
                0x000060c2                nbr_table_unlock
 .text.nbr_table_get_lladdr
                0x000060d2       0x22 contiki-sky.a(nbr-table.o)
                0x000060d2                nbr_table_get_lladdr
 .text.packetbuf_copyto_hdr
                0x000060f4       0x1c contiki-sky.a(packetbuf.o)
                0x000060f4                packetbuf_copyto_hdr
 .text.packetbuf_copyto
                0x00006110       0x52 contiki-sky.a(packetbuf.o)
                0x00006110                packetbuf_copyto
 .text.packetbuf_hdr_remove
                0x00006162        0x6 contiki-sky.a(packetbuf.o)
                0x00006162                packetbuf_hdr_remove
 .text.packetbuf_hdrreduce
                0x00006168       0x1a contiki-sky.a(packetbuf.o)
                0x00006168                packetbuf_hdrreduce
 .text.packetbuf_set_datalen
                0x00006182        0x6 contiki-sky.a(packetbuf.o)
                0x00006182                packetbuf_set_datalen
 .text.packetbuf_dataptr
                0x00006188        0xe contiki-sky.a(packetbuf.o)
                0x00006188                packetbuf_dataptr
 .text.packetbuf_hdrptr
                0x00006196        0xa contiki-sky.a(packetbuf.o)
                0x00006196                packetbuf_hdrptr
 .text.packetbuf_is_reference
                0x000061a0        0xe contiki-sky.a(packetbuf.o)
                0x000061a0                packetbuf_is_reference
 .text.packetbuf_compact
                0x000061ae       0x48 contiki-sky.a(packetbuf.o)
                0x000061ae                packetbuf_compact
 .text.packetbuf_reference_ptr
                0x000061f6        0x6 contiki-sky.a(packetbuf.o)
                0x000061f6                packetbuf_reference_ptr
 .text.packetbuf_datalen
                0x000061fc        0x6 contiki-sky.a(packetbuf.o)
                0x000061fc                packetbuf_datalen
 .text.packetbuf_totlen
                0x00006202       0x10 contiki-sky.a(packetbuf.o)
                0x00006202                packetbuf_totlen
 .text.packetbuf_hdralloc
                0x00006212       0x2e contiki-sky.a(packetbuf.o)
                0x00006212                packetbuf_hdralloc
 .text.packetbuf_attr_clear
                0x00006240       0x30 contiki-sky.a(packetbuf.o)
                0x00006240                packetbuf_attr_clear
 .text.packetbuf_clear
                0x00006270       0x1a contiki-sky.a(packetbuf.o)
                0x00006270                packetbuf_clear
 .text.packetbuf_copyfrom
                0x0000628a       0x2e contiki-sky.a(packetbuf.o)
                0x0000628a                packetbuf_copyfrom
 .text.packetbuf_attr_copyto
                0x000062b8       0x22 contiki-sky.a(packetbuf.o)
                0x000062b8                packetbuf_attr_copyto
 .text.packetbuf_attr_copyfrom
                0x000062da       0x24 contiki-sky.a(packetbuf.o)
                0x000062da                packetbuf_attr_copyfrom
 .text.queuebuf_init
                0x000062fe       0x1a contiki-sky.a(queuebuf.o)
                0x000062fe                queuebuf_init
 .text.queuebuf_new_from_packetbuf
                0x00006318       0x7e contiki-sky.a(queuebuf.o)
                0x00006318                queuebuf_new_from_packetbuf
 .text.queuebuf_update_attr_from_packetbuf
                0x00006396       0x12 contiki-sky.a(queuebuf.o)
                0x00006396                queuebuf_update_attr_from_packetbuf
 .text.queuebuf_free
                0x000063a8       0x40 contiki-sky.a(queuebuf.o)
                0x000063a8                queuebuf_free
 .text.queuebuf_to_packetbuf
                0x000063e8       0x6e contiki-sky.a(queuebuf.o)
                0x000063e8                queuebuf_to_packetbuf
 .text.queuebuf_attr
                0x00006456        0xe contiki-sky.a(queuebuf.o)
                0x00006456                queuebuf_attr
 .text.dns_name_isequal
                0x00006464       0x9c contiki-sky.a(resolv.o)
 .text.skip_name
                0x00006500       0x1c contiki-sky.a(resolv.o)
 .text.encode_name
                0x0000651c       0x48 contiki-sky.a(resolv.o)
 .text.mdns_write_announce_records
                0x00006564       0xa4 contiki-sky.a(resolv.o)
 .text.mdns_prep_host_announce_packet
                0x00006608       0x78 contiki-sky.a(resolv.o)
 .text.remove_trailing_dots
                0x00006680       0x46 contiki-sky.a(resolv.o)
 .text.resolv_found
                0x000066c6      0x12e contiki-sky.a(resolv.o)
 .text.resolv_set_hostname
                0x000067f4       0x64 contiki-sky.a(resolv.o)
                0x000067f4                resolv_set_hostname
 .text.process_thread_resolv_process
                0x00006858      0x656 contiki-sky.a(resolv.o)
 .text.resolv_query
                0x00006eae      0x16a contiki-sky.a(resolv.o)
                0x00006eae                resolv_query
 .text.process_thread_mdns_probe_process
                0x00007018       0xdc contiki-sky.a(resolv.o)
 .text.set_packet_attrs
                0x000070f4       0x46 contiki-sky.a(sicslowpan.o)
 .text.addr_context_lookup_by_number
                0x0000713a       0x32 contiki-sky.a(sicslowpan.o)
 .text.compress_addr_64
                0x0000716c       0xae contiki-sky.a(sicslowpan.o)
 .text.uncompress_addr
                0x0000721a       0xb4 contiki-sky.a(sicslowpan.o)
 .text.input    0x000072ce      0x624 contiki-sky.a(sicslowpan.o)
 .text.sicslowpan_init
                0x000078f2       0x26 contiki-sky.a(sicslowpan.o)
                0x000078f2                sicslowpan_init
 .text.addr_context_lookup_by_prefix
                0x00007918       0x4c contiki-sky.a(sicslowpan.o)
 .text.packet_sent
                0x00007964       0x22 contiki-sky.a(sicslowpan.o)
 .text.send_packet
                0x00007986       0x1a contiki-sky.a(sicslowpan.o)
 .text.output   0x000079a0      0x6ee contiki-sky.a(sicslowpan.o)
 .text.start_periodic_tcp_timer
                0x0000808e       0x16 contiki-sky.a(tcpip.o)
 .text.tcpip_output
                0x000080a4       0x10 contiki-sky.a(tcpip.o)
                0x000080a4                tcpip_output
 .text.tcpip_set_outputfunc
                0x000080b4        0x6 contiki-sky.a(tcpip.o)
                0x000080b4                tcpip_set_outputfunc
 .text.udp_new  0x000080ba       0x1a contiki-sky.a(tcpip.o)
                0x000080ba                udp_new
 .text.tcpip_input
                0x000080d4       0x16 contiki-sky.a(tcpip.o)
                0x000080d4                tcpip_input
 .text.tcpip_ipv6_output
                0x000080ea      0x152 contiki-sky.a(tcpip.o)
                0x000080ea                tcpip_ipv6_output
 .text.process_thread_tcpip_process
                0x0000823c      0x1d4 contiki-sky.a(tcpip.o)
 .text.tcpip_poll_udp
                0x00008410        0xe contiki-sky.a(tcpip.o)
                0x00008410                tcpip_poll_udp
 .text.tcpip_uipcall
                0x0000841e       0x70 contiki-sky.a(tcpip.o)
                0x0000841e                tcpip_uipcall
 .text.uip_debug_ipaddr_print
                0x0000848e       0x7e contiki-sky.a(uip-debug.o)
                0x0000848e                uip_debug_ipaddr_print
 .text.call_route_callback
                0x0000850c       0x4c contiki-sky.a(uip-ds6-route.o)
 .text.uip_ds6_route_init
                0x00008558       0x2e contiki-sky.a(uip-ds6-route.o)
                0x00008558                uip_ds6_route_init
 .text.uip_ds6_route_nexthop
                0x00008586       0x1a contiki-sky.a(uip-ds6-route.o)
                0x00008586                uip_ds6_route_nexthop
 .text.uip_ds6_route_head
                0x000085a0       0x28 contiki-sky.a(uip-ds6-route.o)
                0x000085a0                uip_ds6_route_head
 .text.uip_ds6_route_next
                0x000085c8       0x30 contiki-sky.a(uip-ds6-route.o)
                0x000085c8                uip_ds6_route_next
 .text.uip_ds6_route_lookup
                0x000085f8       0x5e contiki-sky.a(uip-ds6-route.o)
                0x000085f8                uip_ds6_route_lookup
 .text.uip_ds6_route_add
                0x00008656       0xb4 contiki-sky.a(uip-ds6-route.o)
                0x00008656                uip_ds6_route_add
 .text.uip_ds6_route_rm
                0x0000870a       0x60 contiki-sky.a(uip-ds6-route.o)
                0x0000870a                uip_ds6_route_rm
 .text.rm_routelist
                0x0000876a       0x30 contiki-sky.a(uip-ds6-route.o)
 .text.rm_routelist_callback
                0x0000879a        0x6 contiki-sky.a(uip-ds6-route.o)
 .text.uip_ds6_defrt_rm
                0x000087a0       0x48 contiki-sky.a(uip-ds6-route.o)
                0x000087a0                uip_ds6_defrt_rm
 .text.uip_ds6_defrt_lookup
                0x000087e8       0x36 contiki-sky.a(uip-ds6-route.o)
                0x000087e8                uip_ds6_defrt_lookup
 .text.uip_ds6_defrt_add
                0x0000881e       0x74 contiki-sky.a(uip-ds6-route.o)
                0x0000881e                uip_ds6_defrt_add
 .text.uip_ds6_defrt_choose
                0x00008892       0x3a contiki-sky.a(uip-ds6-route.o)
                0x00008892                uip_ds6_defrt_choose
 .text.uip_ds6_defrt_periodic
                0x000088cc       0x38 contiki-sky.a(uip-ds6-route.o)
                0x000088cc                uip_ds6_defrt_periodic
 .text.uip_ds6_nbr_rm
                0x00008904       0x1a contiki-sky.a(uip-ds6-nbr.o)
                0x00008904                uip_ds6_nbr_rm
 .text.uip_ds6_neighbors_init
                0x0000891e        0xe contiki-sky.a(uip-ds6-nbr.o)
                0x0000891e                uip_ds6_neighbors_init
 .text.uip_ds6_nbr_add
                0x0000892c       0x60 contiki-sky.a(uip-ds6-nbr.o)
                0x0000892c                uip_ds6_nbr_add
 .text.uip_ds6_nbr_get_ll
                0x0000898c        0xc contiki-sky.a(uip-ds6-nbr.o)
                0x0000898c                uip_ds6_nbr_get_ll
 .text.uip_ds6_nbr_lookup
                0x00008998       0x42 contiki-sky.a(uip-ds6-nbr.o)
                0x00008998                uip_ds6_nbr_lookup
 .text.uip_ds6_nbr_ll_lookup
                0x000089da        0xc contiki-sky.a(uip-ds6-nbr.o)
                0x000089da                uip_ds6_nbr_ll_lookup
 .text.uip_ds6_nbr_ipaddr_from_lladdr
                0x000089e6        0x6 contiki-sky.a(uip-ds6-nbr.o)
                0x000089e6                uip_ds6_nbr_ipaddr_from_lladdr
 .text.uip_ds6_nbr_lladdr_from_ipaddr
                0x000089ec       0x12 contiki-sky.a(uip-ds6-nbr.o)
                0x000089ec                uip_ds6_nbr_lladdr_from_ipaddr
 .text.uip_ds6_link_neighbor_callback
                0x000089fe       0x2a contiki-sky.a(uip-ds6-nbr.o)
                0x000089fe                uip_ds6_link_neighbor_callback
 .text.uip_ds6_neighbor_periodic
                0x00008a28       0xfe contiki-sky.a(uip-ds6-nbr.o)
                0x00008a28                uip_ds6_neighbor_periodic
 .text.uip_ds6_list_loop
                0x00008b26       0x86 contiki-sky.a(uip-ds6.o)
                0x00008b26                uip_ds6_list_loop
 .text.uip_ds6_prefix_add
                0x00008bac       0x80 contiki-sky.a(uip-ds6.o)
                0x00008bac                uip_ds6_prefix_add
 .text.uip_ds6_is_addr_onlink
                0x00008c2c       0x54 contiki-sky.a(uip-ds6.o)
                0x00008c2c                uip_ds6_is_addr_onlink
 .text.uip_ds6_addr_lookup
                0x00008c80       0x2a contiki-sky.a(uip-ds6.o)
                0x00008c80                uip_ds6_addr_lookup
 .text.uip_ds6_get_link_local
                0x00008caa       0x3e contiki-sky.a(uip-ds6.o)
                0x00008caa                uip_ds6_get_link_local
 .text.uip_ds6_maddr_add
                0x00008ce8       0x4c contiki-sky.a(uip-ds6.o)
                0x00008ce8                uip_ds6_maddr_add
 .text.uip_ds6_addr_add
                0x00008d34       0xc4 contiki-sky.a(uip-ds6.o)
                0x00008d34                uip_ds6_addr_add
 .text.uip_ds6_maddr_rm
                0x00008df8        0xa contiki-sky.a(uip-ds6.o)
                0x00008df8                uip_ds6_maddr_rm
 .text.uip_ds6_maddr_lookup
                0x00008e02       0x2a contiki-sky.a(uip-ds6.o)
                0x00008e02                uip_ds6_maddr_lookup
 .text.uip_ds6_addr_rm
                0x00008e2c       0x54 contiki-sky.a(uip-ds6.o)
                0x00008e2c                uip_ds6_addr_rm
 .text.uip_ds6_periodic
                0x00008e80       0x4a contiki-sky.a(uip-ds6.o)
                0x00008e80                uip_ds6_periodic
 .text.uip_ds6_set_addr_iid
                0x00008eca       0x14 contiki-sky.a(uip-ds6.o)
                0x00008eca                uip_ds6_set_addr_iid
 .text.get_match_length
                0x00008ede       0x44 contiki-sky.a(uip-ds6.o)
                0x00008ede                get_match_length
 .text.uip_ds6_select_src
                0x00008f22       0xaa contiki-sky.a(uip-ds6.o)
                0x00008f22                uip_ds6_select_src
 .text.uip_ds6_compute_reachable_time
                0x00008fcc       0x3e contiki-sky.a(uip-ds6.o)
                0x00008fcc                uip_ds6_compute_reachable_time
 .text.uip_ds6_init
                0x0000900a      0x154 contiki-sky.a(uip-ds6.o)
                0x0000900a                uip_ds6_init
 .text.uip_nd6_ns_input
                0x0000915e      0x24e contiki-sky.a(uip-nd6.o)
                0x0000915e                uip_nd6_ns_input
 .text.uip_nd6_ns_output
                0x000093ac      0x17a contiki-sky.a(uip-nd6.o)
                0x000093ac                uip_nd6_ns_output
 .text.uip_nd6_na_input
                0x00009526      0x1bc contiki-sky.a(uip-nd6.o)
                0x00009526                uip_nd6_na_input
 .text.uip_udp_packet_send
                0x000096e2       0x2e contiki-sky.a(uip-udp-packet.)
                0x000096e2                uip_udp_packet_send
 .text.uip_udp_packet_sendto
                0x00009710       0x66 contiki-sky.a(uip-udp-packet.)
                0x00009710                uip_udp_packet_sendto
 .text.chksum   0x00009776       0x32 contiki-sky.a(uip6.o)
 .text.upper_layer_chksum
                0x000097a8       0x56 contiki-sky.a(uip6.o)
 .text.ext_hdr_options_process
                0x000097fe       0xd0 contiki-sky.a(uip6.o)
 .text.uip_add32
                0x000098ce       0x68 contiki-sky.a(uip6.o)
                0x000098ce                uip_add32
 .text.uip_add_rcv_nxt
                0x00009936       0x2e contiki-sky.a(uip6.o)
 .text.uip_icmp6chksum
                0x00009964        0xa contiki-sky.a(uip6.o)
                0x00009964                uip_icmp6chksum
 .text.uip_tcpchksum
                0x0000996e        0xa contiki-sky.a(uip6.o)
                0x0000996e                uip_tcpchksum
 .text.uip_udpchksum
                0x00009978        0xa contiki-sky.a(uip6.o)
                0x00009978                uip_udpchksum
 .text.uip_init
                0x00009982       0x72 contiki-sky.a(uip6.o)
                0x00009982                uip_init
 .text.remove_ext_hdr
                0x000099f4       0x58 contiki-sky.a(uip6.o)
                0x000099f4                remove_ext_hdr
 .text.uip_udp_new
                0x00009a4c       0xe4 contiki-sky.a(uip6.o)
                0x00009a4c                uip_udp_new
 .text.uip_unlisten
                0x00009b30       0x2a contiki-sky.a(uip6.o)
                0x00009b30                uip_unlisten
 .text.uip_process
                0x00009b5a      0xeb2 contiki-sky.a(uip6.o)
                0x00009b5a                uip_process
 .text.uip_htons
                0x0000aa0c        0xc contiki-sky.a(uip6.o)
                0x0000aa0c                uip_htons
 .text.uip_htonl
                0x0000aa18       0x2e contiki-sky.a(uip6.o)
                0x0000aa18                uip_htonl
 .text.init_platform
                0x0000aa46        0xc contiki-sky.a(contiki-sky-pla)
                0x0000aa46                init_platform
 .text.status   0x0000aa52       0x14 contiki-sky.a(sht11-sensor.o)
 .text.value    0x0000aa66       0x30 contiki-sky.a(sht11-sensor.o)
 .text.configure
                0x0000aa96       0x3e contiki-sky.a(sht11-sensor.o)
 .text.value    0x0000aad4       0x1a contiki-sky.a(light-sensor.o)
 .text.status   0x0000aaee        0xc contiki-sky.a(light-sensor.o)
 .text.configure
                0x0000aafa       0x10 contiki-sky.a(light-sensor.o)
 .text.status   0x0000ab0a       0x18 contiki-sky.a(button-sensor.o)
 .text.value    0x0000ab22       0x20 contiki-sky.a(button-sensor.o)
 .text.configure
                0x0000ab42       0x4c contiki-sky.a(button-sensor.o)
 .text.irq_p2   0x0000ab8e       0x88 contiki-sky.a(button-sensor.o)
                0x0000ab8e                irq_p2
                0x0000ab8e                __isr_1
 .text.owreadb  0x0000ac16       0x50 contiki-sky.a(ds2411.o)
 .text.ds2411_init
                0x0000ac66      0x120 contiki-sky.a(ds2411.o)
                0x0000ac66                ds2411_init
 .text.wait_ready
                0x0000ad86       0x4a contiki-sky.a(xmem.o)
 .text.xmem_init
                0x0000add0       0x3c contiki-sky.a(xmem.o)
                0x0000add0                xmem_init
 .text.xmem_pread
                0x0000ae0c       0xe0 contiki-sky.a(xmem.o)
                0x0000ae0c                xmem_pread
 .text.node_id_restore
                0x0000aeec       0x38 contiki-sky.a(node-id.o)
                0x0000aeec                node_id_restore
 .text.process_thread_sensors_process
                0x0000af24       0xc2 contiki-sky.a(sensors.o)
 .text.sensors_changed
                0x0000afe6       0x2a contiki-sky.a(sensors.o)
                0x0000afe6                sensors_changed
 .text.strobe   0x0000b010       0x1c contiki-sky.a(cc2420.o)
 .text.status   0x0000b02c       0x22 contiki-sky.a(cc2420.o)
 .text.getreg   0x0000b04e       0x4c contiki-sky.a(cc2420.o)
 .text.setreg   0x0000b09a       0x4c contiki-sky.a(cc2420.o)
 .text.set_txpower
                0x0000b0e6       0x24 contiki-sky.a(cc2420.o)
 .text.cc2420_receiving_packet
                0x0000b10a        0xc contiki-sky.a(cc2420.o)
 .text.pending_packet
                0x0000b116        0x8 contiki-sky.a(cc2420.o)
 .text.on       0x0000b11e       0x44 contiki-sky.a(cc2420.o)
 .text.flushrx  0x0000b162       0x6c contiki-sky.a(cc2420.o)
 .text.off      0x0000b1ce       0x72 contiki-sky.a(cc2420.o)
 .text.RELEASE_LOCK
                0x0000b240       0x28 contiki-sky.a(cc2420.o)
 .text.cc2420_prepare
                0x0000b268       0x82 contiki-sky.a(cc2420.o)
 .text.getrxdata
                0x0000b2ea       0x50 contiki-sky.a(cc2420.o)
 .text.cc2420_on
                0x0000b33a       0x22 contiki-sky.a(cc2420.o)
                0x0000b33a                cc2420_on
 .text.cc2420_off
                0x0000b35c       0x30 contiki-sky.a(cc2420.o)
                0x0000b35c                cc2420_off
 .text.cc2420_cca
                0x0000b38c       0x82 contiki-sky.a(cc2420.o)
 .text.cc2420_read
                0x0000b40e       0xda contiki-sky.a(cc2420.o)
 .text.process_thread_cc2420_process
                0x0000b4e8       0x54 contiki-sky.a(cc2420.o)
 .text.cc2420_set_channel
                0x0000b53c       0x80 contiki-sky.a(cc2420.o)
                0x0000b53c                cc2420_set_channel
 .text.cc2420_set_pan_addr
                0x0000b5bc      0x13e contiki-sky.a(cc2420.o)
                0x0000b5bc                cc2420_set_pan_addr
 .text.cc2420_interrupt
                0x0000b6fa       0x1e contiki-sky.a(cc2420.o)
                0x0000b6fa                cc2420_interrupt
 .text.cc2420_get_txpower
                0x0000b718       0x1e contiki-sky.a(cc2420.o)
                0x0000b718                cc2420_get_txpower
 .text.cc2420_transmit
                0x0000b736      0x1a6 contiki-sky.a(cc2420.o)
 .text.cc2420_send
                0x0000b8dc       0x12 contiki-sky.a(cc2420.o)
 .text.cc2420_set_cca_threshold
                0x0000b8ee       0x16 contiki-sky.a(cc2420.o)
                0x0000b8ee                cc2420_set_cca_threshold
 .text.cc2420_init
                0x0000b904       0xd2 contiki-sky.a(cc2420.o)
                0x0000b904                cc2420_init
 .text.cc2420_port1_interrupt
                0x0000b9d6       0x62 contiki-sky.a(cc2420-arch.o)
                0x0000b9d6                __isr_4
                0x0000b9d6                cc2420_port1_interrupt
 .text.cc2420_arch_init
                0x0000ba38       0x1a contiki-sky.a(cc2420-arch.o)
                0x0000ba38                cc2420_arch_init
 .text.sky_sensors_status
                0x0000ba52       0x3c contiki-sky.a(sky-sensors.o)
                0x0000ba52                sky_sensors_status
 .text.sky_sensors_configure
                0x0000ba8e       0xee contiki-sky.a(sky-sensors.o)
                0x0000ba8e                sky_sensors_configure
 .text.uart1_active
                0x0000bb7c       0x18 contiki-sky.a(uart1.o)
                0x0000bb7c                uart1_active
 .text.uart1_writeb
                0x0000bb94       0x18 contiki-sky.a(uart1.o)
                0x0000bb94                uart1_writeb
 .text.uart1_init
                0x0000bbac       0xf4 contiki-sky.a(uart1.o)
                0x0000bbac                uart1_init
 .text.putchar  0x0000bca0       0x10 contiki-sky.a(uart1-putchar.o)
                0x0000bca0                putchar
 .text.msp430_init_dco
                0x0000bcb0       0x82 contiki-sky.a(msp430.o)
                0x0000bcb0                msp430_init_dco
 .text.msp430_add_lpm_req
                0x0000bd32        0xc contiki-sky.a(msp430.o)
                0x0000bd32                msp430_add_lpm_req
 .text.msp430_cpu_init
                0x0000bd3e       0x2a contiki-sky.a(msp430.o)
                0x0000bd3e                msp430_cpu_init
 .text.splhigh_
                0x0000bd68        0x8 contiki-sky.a(msp430.o)
                0x0000bd68                splhigh_
 .text.msp430_sync_dco
                0x0000bd70       0x6c contiki-sky.a(msp430.o)
                0x0000bd70                msp430_sync_dco
 .text.timera1  0x0000bddc       0xfe contiki-sky.a(clock.o)
                0x0000bddc                __isr_5
                0x0000bddc                timera1
 .text.clock_time
                0x0000beda       0x1a contiki-sky.a(clock.o)
                0x0000beda                clock_time
 .text.clock_init
                0x0000bef4       0x28 contiki-sky.a(clock.o)
                0x0000bef4                clock_init
 .text.clock_delay
                0x0000bf1c        0xc contiki-sky.a(clock.o)
                0x0000bf1c                clock_delay
 .text.clock_wait
                0x0000bf28       0x30 contiki-sky.a(clock.o)
                0x0000bf28                clock_wait
 .text.clock_seconds
                0x0000bf58       0x1a contiki-sky.a(clock.o)
                0x0000bf58                clock_seconds
 .text.show_leds
                0x0000bf72      0x100 contiki-sky.a(leds.o)
 .text.leds_init
                0x0000c072        0xe contiki-sky.a(leds.o)
                0x0000c072                leds_init
 .text.leds_on  0x0000c080       0x14 contiki-sky.a(leds.o)
                0x0000c080                leds_on
 .text.leds_off
                0x0000c094       0x14 contiki-sky.a(leds.o)
                0x0000c094                leds_off
 .text.leds_arch_init
                0x0000c0a8        0xe contiki-sky.a(leds-arch.o)
                0x0000c0a8                leds_arch_init
 .text.leds_arch_set
                0x0000c0b6       0x38 contiki-sky.a(leds-arch.o)
                0x0000c0b6                leds_arch_set
 .text.watchdog_interrupt
                0x0000c0ee        0x6 contiki-sky.a(watchdog.o)
                0x0000c0ee                __isr_10
                0x0000c0ee                watchdog_interrupt
 .text.watchdog_start
                0x0000c0f4       0x14 contiki-sky.a(watchdog.o)
                0x0000c0f4                watchdog_start
 .text.watchdog_periodic
                0x0000c108       0x12 contiki-sky.a(watchdog.o)
                0x0000c108                watchdog_periodic
 .text.watchdog_stop
                0x0000c11a       0x16 contiki-sky.a(watchdog.o)
                0x0000c11a                watchdog_stop
 .text.watchdog_init
                0x0000c130       0x12 contiki-sky.a(watchdog.o)
                0x0000c130                watchdog_init
 .text.rtimer_arch_init
                0x0000c142        0xe contiki-sky.a(rtimer-arch.o)
                0x0000c142                rtimer_arch_init
 .text.rtimer_arch_now
                0x0000c150        0xe contiki-sky.a(rtimer-arch.o)
                0x0000c150                rtimer_arch_now
 .text.timera0  0x0000c15e       0x70 contiki-sky.a(rtimer-arch.o)
                0x0000c15e                __isr_6
                0x0000c15e                timera0
 .text.rtimer_arch_schedule
                0x0000c1ce        0x6 contiki-sky.a(rtimer-arch.o)
                0x0000c1ce                rtimer_arch_schedule
 .text.mac_call_sent_callback
                0x0000c1d4       0x14 contiki-sky.a(mac.o)
                0x0000c1d4                mac_call_sent_callback
 .text.create   0x0000c1e8      0x10a contiki-sky.a(framer-802154.o)
 .text.parse    0x0000c2f2       0xac contiki-sky.a(framer-802154.o)
 .text.rpl_purge_routes
                0x0000c39e       0x96 contiki-sky.a(rpl.o)
                0x0000c39e                rpl_purge_routes
 .text.rpl_remove_routes
                0x0000c434       0x22 contiki-sky.a(rpl.o)
                0x0000c434                rpl_remove_routes
 .text.rpl_remove_routes_by_nexthop
                0x0000c456       0x46 contiki-sky.a(rpl.o)
                0x0000c456                rpl_remove_routes_by_nexthop
 .text.rpl_add_route
                0x0000c49c       0x48 contiki-sky.a(rpl.o)
                0x0000c49c                rpl_add_route
 .text.rpl_link_neighbor_callback
                0x0000c4e4       0x6a contiki-sky.a(rpl.o)
                0x0000c4e4                rpl_link_neighbor_callback
 .text.rpl_ipv6_neighbor_callback
                0x0000c54e       0x1e contiki-sky.a(rpl.o)
                0x0000c54e                rpl_ipv6_neighbor_callback
 .text.rpl_init
                0x0000c56c       0x40 contiki-sky.a(rpl.o)
                0x0000c56c                rpl_init
 .text.lollipop_greater_than
                0x0000c5ac       0x3c contiki-sky.a(rpl-dag.o)
 .text.find_parent_any_dag_any_instance
                0x0000c5e8       0x14 contiki-sky.a(rpl-dag.o)
 .text.rpl_set_preferred_parent
                0x0000c5fc       0x30 contiki-sky.a(rpl-dag.o)
 .text.set_ip_from_prefix
                0x0000c62c       0x38 contiki-sky.a(rpl-dag.o)
 .text.check_prefix
                0x0000c664       0x80 contiki-sky.a(rpl-dag.o)
 .text.rpl_dag_init
                0x0000c6e4        0xe contiki-sky.a(rpl-dag.o)
                0x0000c6e4                rpl_dag_init
 .text.rpl_get_parent_ipaddr
                0x0000c6f2       0x10 contiki-sky.a(rpl-dag.o)
                0x0000c6f2                rpl_get_parent_ipaddr
 .text.rpl_set_prefix
                0x0000c702       0x8e contiki-sky.a(rpl-dag.o)
                0x0000c702                rpl_set_prefix
 .text.rpl_set_default_route
                0x0000c790       0x64 contiki-sky.a(rpl-dag.o)
                0x0000c790                rpl_set_default_route
 .text.rpl_alloc_instance
                0x0000c7f4       0x2c contiki-sky.a(rpl-dag.o)
                0x0000c7f4                rpl_alloc_instance
 .text.rpl_add_parent
                0x0000c820       0x3c contiki-sky.a(rpl-dag.o)
                0x0000c820                rpl_add_parent
 .text.rpl_find_parent
                0x0000c85c       0x1c contiki-sky.a(rpl-dag.o)
                0x0000c85c                rpl_find_parent
 .text.rpl_find_parent_any_dag
                0x0000c878       0x24 contiki-sky.a(rpl-dag.o)
                0x0000c878                rpl_find_parent_any_dag
 .text.rpl_select_parent
                0x0000c89c       0x5c contiki-sky.a(rpl-dag.o)
                0x0000c89c                rpl_select_parent
 .text.rpl_select_dag
                0x0000c8f8      0x1ae contiki-sky.a(rpl-dag.o)
                0x0000c8f8                rpl_select_dag
 .text.rpl_nullify_parent
                0x0000caa6       0x4e contiki-sky.a(rpl-dag.o)
                0x0000caa6                rpl_nullify_parent
 .text.rpl_remove_parent
                0x0000caf4       0x16 contiki-sky.a(rpl-dag.o)
                0x0000caf4                rpl_remove_parent
 .text.remove_parents.constprop.5
                0x0000cb0a       0x32 contiki-sky.a(rpl-dag.o)
 .text.rpl_free_dag
                0x0000cb3c       0x34 contiki-sky.a(rpl-dag.o)
                0x0000cb3c                rpl_free_dag
 .text.rpl_free_instance
                0x0000cb70       0x5c contiki-sky.a(rpl-dag.o)
                0x0000cb70                rpl_free_instance
 .text.rpl_move_parent
                0x0000cbcc       0x6e contiki-sky.a(rpl-dag.o)
                0x0000cbcc                rpl_move_parent
 .text.rpl_get_any_dag
                0x0000cc3a       0x16 contiki-sky.a(rpl-dag.o)
                0x0000cc3a                rpl_get_any_dag
 .text.rpl_get_instance
                0x0000cc50       0x16 contiki-sky.a(rpl-dag.o)
                0x0000cc50                rpl_get_instance
 .text.get_dag  0x0000cc66       0x58 contiki-sky.a(rpl-dag.o)
 .text.rpl_alloc_dag
                0x0000ccbe       0x66 contiki-sky.a(rpl-dag.o)
                0x0000ccbe                rpl_alloc_dag
 .text.rpl_repair_root
                0x0000cd24       0x4c contiki-sky.a(rpl-dag.o)
                0x0000cd24                rpl_repair_root
 .text.rpl_find_of
                0x0000cd70       0x10 contiki-sky.a(rpl-dag.o)
                0x0000cd70                rpl_find_of
 .text.rpl_join_instance
                0x0000cd80      0x13c contiki-sky.a(rpl-dag.o)
                0x0000cd80                rpl_join_instance
 .text.rpl_local_repair
                0x0000cebc       0x80 contiki-sky.a(rpl-dag.o)
                0x0000cebc                rpl_local_repair
 .text.rpl_process_parent_event
                0x0000cf3c       0x80 contiki-sky.a(rpl-dag.o)
                0x0000cf3c                rpl_process_parent_event
 .text.rpl_recalculate_ranks
                0x0000cfbc       0x42 contiki-sky.a(rpl-dag.o)
                0x0000cfbc                rpl_recalculate_ranks
 .text.rpl_add_dag
                0x0000cffe      0x112 contiki-sky.a(rpl-dag.o)
                0x0000cffe                rpl_add_dag
 .text.rpl_process_dio
                0x0000d110      0x274 contiki-sky.a(rpl-dag.o)
                0x0000d110                rpl_process_dio
 .text.get32    0x0000d384       0x46 contiki-sky.a(rpl-icmp6.o)
 .text.set32    0x0000d3ca       0x2a contiki-sky.a(rpl-icmp6.o)
 .text.get16    0x0000d3f4        0xe contiki-sky.a(rpl-icmp6.o)
 .text.set16    0x0000d402       0x10 contiki-sky.a(rpl-icmp6.o)
 .text.dis_output
                0x0000d412       0x50 contiki-sky.a(rpl-icmp6.o)
                0x0000d412                dis_output
 .text.dio_output
                0x0000d462      0x264 contiki-sky.a(rpl-icmp6.o)
                0x0000d462                dio_output
 .text.dao_output_target
                0x0000d6c6       0xdc contiki-sky.a(rpl-icmp6.o)
                0x0000d6c6                dao_output_target
 .text.dao_output
                0x0000d7a2       0x7e contiki-sky.a(rpl-icmp6.o)
                0x0000d7a2                dao_output
 .text.dao_ack_output
                0x0000d820       0x32 contiki-sky.a(rpl-icmp6.o)
                0x0000d820                dao_ack_output
 .text.uip_rpl_input
                0x0000d852      0x52a contiki-sky.a(rpl-icmp6.o)
                0x0000d852                uip_rpl_input
 .text.new_dio_interval
                0x0000dd7c       0x92 contiki-sky.a(rpl-timers.o)
 .text.handle_periodic_timer
                0x0000de0e       0x2e contiki-sky.a(rpl-timers.o)
 .text.handle_dao_timer
                0x0000de3c       0x50 contiki-sky.a(rpl-timers.o)
 .text.handle_dio_timer
                0x0000de8c       0x82 contiki-sky.a(rpl-timers.o)
 .text.rpl_reset_periodic_timer
                0x0000df0e       0x54 contiki-sky.a(rpl-timers.o)
                0x0000df0e                rpl_reset_periodic_timer
 .text.rpl_reset_dio_timer
                0x0000df62       0x18 contiki-sky.a(rpl-timers.o)
                0x0000df62                rpl_reset_dio_timer
 .text.rpl_schedule_dao
                0x0000df7a       0x4e contiki-sky.a(rpl-timers.o)
                0x0000df7a                rpl_schedule_dao
 .text.reset    0x0000dfc8        0x2 contiki-sky.a(rpl-mrhof.o)
 .text.neighbor_link_callback
                0x0000dfca       0x86 contiki-sky.a(rpl-mrhof.o)
 .text.calculate_rank
                0x0000e050       0x2c contiki-sky.a(rpl-mrhof.o)
 .text.update_metric_container
                0x0000e07c        0x6 contiki-sky.a(rpl-mrhof.o)
 .text.best_dag
                0x0000e082       0x2e contiki-sky.a(rpl-mrhof.o)
 .text.best_parent
                0x0000e0b0       0x52 contiki-sky.a(rpl-mrhof.o)
 .text.rpl_verify_header
                0x0000e102       0xb4 contiki-sky.a(rpl-ext-header.)
                0x0000e102                rpl_verify_header
 .text.rpl_update_header_empty
                0x0000e1b6       0xf8 contiki-sky.a(rpl-ext-header.)
                0x0000e1b6                rpl_update_header_empty
 .text.rpl_update_header_final
                0x0000e2ae       0x88 contiki-sky.a(rpl-ext-header.)
                0x0000e2ae                rpl_update_header_final
 .text.rpl_invert_header
                0x0000e336       0x4e contiki-sky.a(rpl-ext-header.)
                0x0000e336                rpl_invert_header
 .text.rpl_insert_header
                0x0000e384       0x1c contiki-sky.a(rpl-ext-header.)
                0x0000e384                rpl_insert_header
 .text.stimer_set
                0x0000e3a0       0x1c contiki-sky.a(stimer.o)
                0x0000e3a0                stimer_set
 .text.stimer_expired
                0x0000e3bc       0x30 contiki-sky.a(stimer.o)
                0x0000e3bc                stimer_expired
 .text.uip_icmp6_echo_request_input
                0x0000e3ec      0x12c contiki-sky.a(uip-icmp6.o)
                0x0000e3ec                uip_icmp6_echo_request_input
 .text.uip_icmp6_error_output
                0x0000e518      0x17e contiki-sky.a(uip-icmp6.o)
                0x0000e518                uip_icmp6_error_output
 .text.uip_icmp6_send
                0x0000e696       0x94 contiki-sky.a(uip-icmp6.o)
                0x0000e696                uip_icmp6_send
 .text.crc8_add
                0x0000e72a       0x1c contiki-sky.a(sht11.o)
 .text.sstart   0x0000e746       0x3e contiki-sky.a(sht11.o)
 .text.swrite   0x0000e784       0x62 contiki-sky.a(sht11.o)
 .text.sread    0x0000e7e6       0x4c contiki-sky.a(sht11.o)
 .text.sreset   0x0000e832       0x2a contiki-sky.a(sht11.o)
 .text.sht11_init
                0x0000e85c       0x1a contiki-sky.a(sht11.o)
                0x0000e85c                sht11_init
 .text.sht11_off
                0x0000e876       0x14 contiki-sky.a(sht11.o)
                0x0000e876                sht11_off
 .text.sht11_temp
                0x0000e88a       0xb6 contiki-sky.a(sht11.o)
                0x0000e88a                sht11_temp
 .text.sht11_humidity
                0x0000e940       0x38 contiki-sky.a(sht11.o)
                0x0000e940                sht11_humidity
 .text.sht11_sreg
                0x0000e978       0x80 contiki-sky.a(sht11.o)
                0x0000e978                sht11_sreg
 .text.spi_init
                0x0000e9f8       0x30 contiki-sky.a(spi.o)
                0x0000e9f8                spi_init
 .text.field_len
                0x0000ea28       0x90 contiki-sky.a(frame802154.o)
 .text.frame802154_hdrlen
                0x0000eab8       0x2e contiki-sky.a(frame802154.o)
                0x0000eab8                frame802154_hdrlen
 .text.frame802154_create
                0x0000eae6      0x172 contiki-sky.a(frame802154.o)
                0x0000eae6                frame802154_create
 .text.frame802154_parse
                0x0000ec58      0x1c4 contiki-sky.a(frame802154.o)
                0x0000ec58                frame802154_parse
 .text.libgcc   0x0000ee1c       0x2c /usr/local/msp430/bin/../lib/gcc/msp430/4.7.0/mmpy-16/libgcc.a(_mulsi3.o)
                0x0000ee1c                __mulsi3
 .text.libgcc   0x0000ee48       0x22 /usr/local/msp430/bin/../lib/gcc/msp430/4.7.0/mmpy-16/libgcc.a(_udivmod16.o)
                0x0000ee48                __udivhi3
                0x0000ee48                __ext_udivmod16
                0x0000ee62                __umodhi3
 .text.libgcc   0x0000ee6a       0x3a /usr/local/msp430/bin/../lib/gcc/msp430/4.7.0/mmpy-16/libgcc.a(_divmod16.o)
                0x0000ee6a                __ext_divmod16
                0x0000ee6a                __divhi3
                0x0000ee9c                __modhi3
 .text.libgcc   0x0000eea4       0x40 /usr/local/msp430/bin/../lib/gcc/msp430/4.7.0/mmpy-16/libgcc.a(_udivmod32.o)
                0x0000eea4                __udivsi3
                0x0000eea4                __ext_udivmod32
                0x0000eeda                __umodsi3
 .text.printf   0x0000eee4       0x10 /usr/local/msp430/bin/../lib/gcc/msp430/4.7.0/../../../../msp430/lib/mmpy-16/libc.a(printf.o)
                0x0000eee4                printf
 .text.append   0x0000eef4       0x22 /usr/local/msp430/bin/../lib/gcc/msp430/4.7.0/../../../../msp430/lib/mmpy-16/libc.a(sprintf.o)
 .text.call_vuprintf
                0x0000ef16       0x3a /usr/local/msp430/bin/../lib/gcc/msp430/4.7.0/../../../../msp430/lib/mmpy-16/libc.a(sprintf.o)
 .text.sprintf  0x0000ef50       0x1c /usr/local/msp430/bin/../lib/gcc/msp430/4.7.0/../../../../msp430/lib/mmpy-16/libc.a(sprintf.o)
                0x0000ef50                sprintf
 .text.print_field
                0x0000ef6c      0x194 /usr/local/msp430/bin/../lib/gcc/msp430/4.7.0/../../../../msp430/lib/mmpy-16/libc.a(vuprintf.o)
 .text.vuprintf
                0x0000f100      0x63c /usr/local/msp430/bin/../lib/gcc/msp430/4.7.0/../../../../msp430/lib/mmpy-16/libc.a(vuprintf.o)
                0x0000f100                vuprintf
 .text.puts     0x0000f73c       0x2c /usr/local/msp430/bin/../lib/gcc/msp430/4.7.0/../../../../msp430/lib/mmpy-16/libc.a(puts.o)
                0x0000f73c                puts
 .text.rand     0x0000f768       0x26 /usr/local/msp430/bin/../lib/gcc/msp430/4.7.0/../../../../msp430/lib/mmpy-16/libc.a(rand.o)
                0x0000f768                rand
 .text.srand    0x0000f78e        0xa /usr/local/msp430/bin/../lib/gcc/msp430/4.7.0/../../../../msp430/lib/mmpy-16/libc.a(rand.o)
                0x0000f78e                srand
 .text.strncat  0x0000f798       0x2c /usr/local/msp430/bin/../lib/gcc/msp430/4.7.0/../../../../msp430/lib/mmpy-16/libc.a(strncat.o)
                0x0000f798                strncat
 .text.strcmp   0x0000f7c4       0x1e /usr/local/msp430/bin/../lib/gcc/msp430/4.7.0/../../../../msp430/lib/mmpy-16/libc.a(strcmp.o)
                0x0000f7c4                strcmp
 .text.memcmp   0x0000f7e2       0x30 /usr/local/msp430/bin/../lib/gcc/msp430/4.7.0/../../../../msp430/lib/mmpy-16/libc.a(memcmp.o)
                0x0000f7e2                memcmp
 .text.strncpy  0x0000f812       0x2a /usr/local/msp430/bin/../lib/gcc/msp430/4.7.0/../../../../msp430/lib/mmpy-16/libc.a(strncpy.o)
                0x0000f812                strncpy
 .text.memcpy   0x0000f83c       0xfa /usr/local/msp430/bin/../lib/gcc/msp430/4.7.0/../../../../msp430/lib/mmpy-16/libc.a(memcpy.o)
                0x0000f83c                memcpy
 .text.memmove  0x0000f936       0xfa /usr/local/msp430/bin/../lib/gcc/msp430/4.7.0/../../../../msp430/lib/mmpy-16/libc.a(memmove.o)
                0x0000f936                memmove
 .text.memset   0x0000fa30       0x6a /usr/local/msp430/bin/../lib/gcc/msp430/4.7.0/../../../../msp430/lib/mmpy-16/libc.a(memset.o)
                0x0000fa30                memset
 .text.strcasecmp
                0x0000fa9a       0x7c /usr/local/msp430/bin/../lib/gcc/msp430/4.7.0/../../../../msp430/lib/mmpy-16/libc.a(strcasecmp.o)
                0x0000fa9a                strcasecmp
 .text.strcat   0x0000fb16       0x1a /usr/local/msp430/bin/../lib/gcc/msp430/4.7.0/../../../../msp430/lib/mmpy-16/libc.a(strcat.o)
                0x0000fb16                strcat
 .text.strncasecmp
                0x0000fb30       0x94 /usr/local/msp430/bin/../lib/gcc/msp430/4.7.0/../../../../msp430/lib/mmpy-16/libc.a(strncasecmp.o)
                0x0000fb30                strncasecmp
 .text.libgcc   0x0000fbc4       0xf0 /usr/local/msp430/bin/../lib/gcc/msp430/4.7.0/mmpy-16/libgcc.a(_udivmod64.o)
                0x0000fbc4                __xabi_udivmod64
                0x0000fc22                __udivdi3
                0x0000fc48                __umoddi3
                0x0000fc76                __udivmoddi4
 .text.crt0     0x0000fcb4        0x2 /usr/local/msp430/bin/../lib/gcc/msp430/4.7.0/mmpy-16/libcrt0.a(_unexpected_.o)
                0x0000fcb4                _unexpected_
 *(.near.text .near.text.*)

.rodata         0x0000fcb8      0x36f
                0x0000fcb8                . = ALIGN (0x2)
 *(.rodata .rodata.* .gnu.linkonce.r.*)
 .rodata        0x0000fcb8       0xd0 esp-server.co
                0x0000fd66                autostart_processes
 .rodata        0x0000fd88      0x12a obj_sky/contiki-sky-main.o
 .rodata        0x0000feb2        0x8 contiki-sky.a(rimeaddr.o)
                0x0000feb2                rimeaddr_null
 .rodata        0x0000feba       0x14 contiki-sky.a(csma.o)
                0x0000fec0                csma_driver
 .rodata        0x0000fece       0x1c contiki-sky.a(contikimac.o)
                0x0000feda                contikimac_driver
 .rodata        0x0000feea        0xc contiki-sky.a(etimer.o)
 .rodata        0x0000fef6        0xf contiki-sky.a(ctimer.o)
 *fill*         0x0000ff05        0x1 00
 .rodata        0x0000ff06       0x50 contiki-sky.a(resolv.o)
 .rodata        0x0000ff56       0x24 contiki-sky.a(sicslowpan.o)
                0x0000ff62                sicslowpan_driver
                0x0000ff68                llprefix
                0x0000ff6a                unc_mxconf
                0x0000ff6e                unc_ctxconf
                0x0000ff72                unc_llconf
 .rodata        0x0000ff7a        0xd contiki-sky.a(tcpip.o)
 .rodata        0x0000ff87       0x1a contiki-sky.a(uip-debug.o)
 *fill*         0x0000ffa1        0x3 00
 .rodata.uip_process
                0x0000ffa4       0x20 contiki-sky.a(uip6.o)
 .rodata        0x0000ffc4        0xe contiki-sky.a(sht11-sensor.o)
                0x0000ffca                sht11_sensor
 .rodata        0x0000ffd2        0xe contiki-sky.a(light-sensor.o)
                0x0000ffd8                light_sensor
 .rodata        0x0000ffe0       0x10 contiki-sky.a(button-sensor.o)
                0x0000ffe8                button_sensor
 .rodata        0x0000fff0        0x8 contiki-sky.a(sensors.o)
 .rodata        0x0000fff8       0x22 contiki-sky.a(cc2420.o)
                0x0000fff8                cc2420_driver
 .rodata        0x0001001a        0x4 contiki-sky.a(framer-802154.o)
                0x0001001a                framer_802154
 .rodata        0x0001001e        0x2 contiki-sky.a(frame802154.o)
 .rodata.vuprintf
                0x00010020        0x7 /usr/local/msp430/bin/../lib/gcc/msp430/4.7.0/../../../../msp430/lib/mmpy-16/libc.a(vuprintf.o)
 *(.near.rodata .near.rodata.*)
                0x00010028                . = ALIGN (0x2)
                0x00010028                _etext = .

.data           0x00001100       0xfa load address 0x00010028
                0x00001100                . = ALIGN (0x2)
                0x00001100                __data_start = .
 *(.data .data.* .gnu.linkonce.d.*)
 .data          0x00001100       0x14 esp-server.co
                0x00001100                sense_process
                0x0000110a                udp_server_process
 .data          0x00001114       0x18 contiki-sky.a(csma.o)
 .data          0x0000112c       0x10 contiki-sky.a(phase.o)
 .data          0x0000113c        0xa contiki-sky.a(etimer.o)
                0x0000113c                etimer_process
 .data          0x00001146        0xa contiki-sky.a(ctimer.o)
                0x00001146                ctimer_process
 .data          0x00001150        0x8 contiki-sky.a(nbr-table.o)
 .data          0x00001158       0x18 contiki-sky.a(queuebuf.o)
 .data          0x00001170       0x24 contiki-sky.a(resolv.o)
                0x00001170                mdns_probe_process
                0x0000117a                resolv_process
 .data          0x00001194        0xa contiki-sky.a(tcpip.o)
                0x00001194                tcpip_process
 .data          0x0000119e       0x18 contiki-sky.a(uip-ds6-route.o)
 .data          0x000011b6        0xa contiki-sky.a(uip-ds6-nbr.o)
                0x000011b6                ds6_neighbors
 .data          0x000011c0        0x4 contiki-sky.a(contiki-sky-pla)
                0x000011c0                sensors
 .data          0x000011c4        0x1 contiki-sky.a(sht11-sensor.o)
 *fill*         0x000011c5        0x1 00
 .data          0x000011c6        0xa contiki-sky.a(sensors.o)
                0x000011c6                sensors_process
 .data          0x000011d0        0xa contiki-sky.a(cc2420.o)
                0x000011d0                cc2420_process
 .data          0x000011da        0x2 contiki-sky.a(msp430.o)
 .data          0x000011dc        0x8 contiki-sky.a(rpl-dag.o)
 .data          0x000011e4        0x1 contiki-sky.a(rpl-icmp6.o)
 *fill*         0x000011e5        0x1 00
 .data          0x000011e6        0xe contiki-sky.a(rpl-mrhof.o)
                0x000011e6                rpl_mrhof
 .data          0x000011f4        0x2 contiki-sky.a(sht11.o)
                0x000011f4                randoma
 .data.next     0x000011f6        0x4 /usr/local/msp430/bin/../lib/gcc/msp430/4.7.0/../../../../msp430/lib/mmpy-16/libc.a(rand.o)
 *(.near.data .near.data.*)
                0x000011fa                . = ALIGN (0x2)
                0x000011fa                _edata = .
                0x00010028                __data_load_start = LOADADDR (.data)
                0x000000fa                __data_size = SIZEOF (.data)

.bss            0x000011fa     0x1d62 load address 0x00010122
                0x000011fa                __bss_start = .
 *(.bss .bss.*)
 .bss           0x000011fa       0x16 esp-server.co
 .bss           0x00001210        0xc obj_sky/contiki-sky-main.o
 .bss           0x0000121c       0xc2 contiki-sky.a(csma.o)
 .bss           0x000012de       0xd4 contiki-sky.a(contikimac.o)
 .bss           0x000013b2      0x1d8 contiki-sky.a(phase.o)
 .bss           0x0000158a       0x42 contiki-sky.a(process.o)
                0x0000158a                process_current
                0x0000158c                process_list
 .bss           0x000015cc        0x8 contiki-sky.a(compower.o)
 .bss           0x000015d4        0x6 contiki-sky.a(etimer.o)
 .bss           0x000015da        0x4 contiki-sky.a(ctimer.o)
 .bss           0x000015de        0x2 contiki-sky.a(rtimer.o)
 .bss           0x000015e0      0x118 contiki-sky.a(nbr-table.o)
 .bss           0x000016f8       0xba contiki-sky.a(packetbuf.o)
 .bss           0x000017b2      0x71e contiki-sky.a(queuebuf.o)
 .bss           0x00001ed0      0x178 contiki-sky.a(resolv.o)
 .bss           0x00002048      0x122 contiki-sky.a(sicslowpan.o)
 .bss           0x0000216a       0x36 contiki-sky.a(tcpip.o)
 .bss           0x000021a0      0x2fc contiki-sky.a(uip-ds6-route.o)
 .bss           0x0000249c      0x2d0 contiki-sky.a(uip-ds6-nbr.o)
 .bss           0x0000276c       0x18 contiki-sky.a(uip-ds6.o)
 .bss           0x00002784        0xa contiki-sky.a(uip-nd6.o)
 .bss           0x0000278e        0xe contiki-sky.a(uip6.o)
                0x0000278e                uip_ext_opt_offset
                0x0000278f                uip_ext_len
                0x00002790                uip_ext_bitmap
 .bss           0x0000279c        0x8 contiki-sky.a(button-sensor.o)
 .bss           0x000027a4        0x2 contiki-sky.a(node-id.o)
                0x000027a4                node_id
 .bss           0x000027a6        0x6 contiki-sky.a(sensors.o)
 .bss           0x000027ac        0xa contiki-sky.a(cc2420.o)
 .bss           0x000027b6        0x4 contiki-sky.a(sky-sensors.o)
 .bss           0x000027ba       0x9a contiki-sky.a(uart1.o)
 .bss           0x00002854        0xa contiki-sky.a(clock.o)
 .bss           0x0000285e        0x2 contiki-sky.a(leds.o)
 .bss           0x00002860        0x2 contiki-sky.a(watchdog.o)
 .bss           0x00002862        0x2 contiki-sky.a(framer-802154.o)
 .bss           0x00002864       0xc8 contiki-sky.a(rpl-dag.o)
 .bss           0x0000292c       0x18 contiki-sky.a(rpl-timers.o)
 .bss           0x00002944       0x10 contiki-sky.a(uip-icmp6.o)
 .bss.destination_
                0x00002954        0x2 /usr/local/msp430/bin/../lib/gcc/msp430/4.7.0/../../../../msp430/lib/mmpy-16/libc.a(sprintf.o)
 .bss.available_
                0x00002956        0x2 /usr/local/msp430/bin/../lib/gcc/msp430/4.7.0/../../../../msp430/lib/mmpy-16/libc.a(sprintf.o)
 *(.near.bss .near.bss.*)
 *(COMMON)
 COMMON         0x00002958        0x8 contiki-sky.a(rimeaddr.o)
                0x00002958                rimeaddr_node_addr
 COMMON         0x00002960        0x1 contiki-sky.a(process.o)
                0x00002960                process_maxevents
 *fill*         0x00002961        0x1 00
 COMMON         0x00002962        0x8 contiki-sky.a(compower.o)
                0x00002962                compower_idle_activity
 COMMON         0x0000296a       0x56 contiki-sky.a(energest.o)
                0x0000296a                energest_total_time
                0x0000299a                energest_total_count
                0x0000299c                energest_current_mode
                0x000029a8                energest_current_time
 COMMON         0x000029c0       0x50 contiki-sky.a(packetbuf.o)
                0x000029c0                packetbuf_addrs
                0x000029e0                packetbuf_attrs
 COMMON         0x00002a10        0x1 contiki-sky.a(resolv.o)
                0x00002a10                resolv_event_found
 *fill*         0x00002a11        0x1 00
 COMMON         0x00002a12        0x8 contiki-sky.a(sicslowpan.o)
                0x00002a12                frag_sender
 COMMON         0x00002a1a        0x1 contiki-sky.a(tcpip.o)
                0x00002a1a                tcpip_event
 *fill*         0x00002a1b        0x1 00
 COMMON         0x00002a1c      0x15c contiki-sky.a(uip-ds6.o)
                0x00002a1c                uip_ds6_timer_ra
                0x00002a24                uip_ds6_if
                0x00002b10                uip_ds6_netif_addr_list_offset
                0x00002b11                uip_ds6_addr_size
                0x00002b12                uip_ds6_prefix_list
                0x00002b6c                uip_ds6_timer_periodic
 COMMON         0x00002b78      0x304 contiki-sky.a(uip6.o)
                0x00002b78                uip_len
                0x00002b7a                uip_sappdata
                0x00002b7c                uip_acc32
                0x00002b80                uip_lladdr
                0x00002b88                uip_aligned_buf
                0x00002c78                uip_flags
                0x00002c7a                uip_next_hdr
                0x00002c7c                uip_udp_conn
                0x00002c7e                uip_appdata
                0x00002c80                uip_conn
                0x00002c82                uip_conns
                0x00002d32                uip_listenports
                0x00002d42                uip_slen
                0x00002d44                uip_udp_conns
 COMMON         0x00002e7c        0x2 contiki-sky.a(contiki-sky-pla)
                0x00002e7c                sensors_flags
 COMMON         0x00002e7e        0x8 contiki-sky.a(ds2411.o)
                0x00002e7e                ds2411_id
 COMMON         0x00002e86        0x1 contiki-sky.a(sensors.o)
                0x00002e86                sensors_event
 *fill*         0x00002e87        0x1 00
 COMMON         0x00002e88       0x14 contiki-sky.a(cc2420.o)
                0x00002e88                cc2420_last_rssi
                0x00002e8a                cc2420_packets_read
                0x00002e8c                cc2420_packets_seen
                0x00002e8e                cc2420_sfd_start_time
                0x00002e90                cc2420_time_of_departure
                0x00002e92                cc2420_time_of_arrival
                0x00002e94                cc2420_last_correlation
                0x00002e96                cc2420_authority_level_of_sender
                0x00002e98                cc2420_sfd_counter
                0x00002e9a                cc2420_sfd_end_time
 COMMON         0x00002e9c        0x2 contiki-sky.a(msp430.o)
                0x00002e9c                msp430_dco_required
 COMMON         0x00002e9e       0xbe contiki-sky.a(rpl-dag.o)
                0x00002e9e                default_instance
                0x00002ea0                instance_table
                0x00002f5c                . = ALIGN (0x2)
                0x00002f5c                __bss_end = .
                0x00001d62                __bss_size = SIZEOF (.bss)

.noinit         0x00002f5c        0x2 load address 0x00010122
                0x00002f5c                . = ALIGN (0x2)
                0x00002f5c                __noinit_start = .
 *(.noinit .noinit.*)
 .noinit.crt0   0x00002f5c        0x2 /usr/local/msp430/bin/../lib/gcc/msp430/4.7.0/mmpy-16/libcrt0.a(__watchdog_support.o)
                0x00002f5c                __wdt_clear_value
                0x00002f5e                . = ALIGN (0x2)
                0x00002f5e                __noinit_end = .
                0x00002f5e                . = ALIGN (0x2)
                0x00002f5e                _end = .

.infomem        0x00001000        0x0
                0x00001000                . = ALIGN (0x2)
 *(.infomem .infomem.*)

.infomemnobits  0x00001000        0x0
                0x00001000                . = ALIGN (0x2)
 *(.infomemnobits .infomemnobits.*)

.infoa          0x00001080        0x0
                0x00001080                . = ALIGN (0x2)
 *(.infoa .infoa.*)

.infob          0x00001000        0x0
                0x00001000                . = ALIGN (0x2)
 *(.infob .infob.*)

.infoc          0x00000000        0x0
                0x00000000                . = ALIGN (0x2)
 *(.infoc .infoc.*)

.infod          0x00000000        0x0
                0x00000000                . = ALIGN (0x2)
 *(.infod .infod.*)

.vectors        0x0000ffe0       0x20
                0x0000ffe0                __vectors_start = .
 *(.vectors*)
 .vectors       0x0000ffe0       0x20 /usr/local/msp430/bin/../lib/gcc/msp430/4.7.0/mmpy-16/crt0ivtbl16.o
                0x0000ffe0                __ivtbl_16
                0x00010000                _vectors_end = .

.fartext        0x00000000        0x0
                0x00000000                . = ALIGN (0x2)
 *(.fartext .fartext.*)

.far.text       0x00000000        0x0
                0x00000000                . = ALIGN (0x2)
 *(.far.text .far.text.*)

.far.rodata     0x00000000        0x0
                0x00000000                . = ALIGN (0x2)
 *(.far.rodata .far.rodata.*)
                0x00000000                . = ALIGN (0x2)
                0x00000000                _efartext = .

.far.data       0x00000000        0x0
                0x00000000                . = ALIGN (0x2)
                0x00000000                __far_data_start = .
 *(.far.data .far.data.*)
                0x00000000                . = ALIGN (0x2)
                0x00000000                _efardata = .
                0x00000000                __far_data_load_start = LOADADDR (.far.data)
                0x00000000                __far_data_size = SIZEOF (.far.data)

.far.bss        0x00000000        0x0
                0x00000000                . = ALIGN (0x2)
                0x00000000                __far_bss_start = .
 *(.far.bss .far.bss.*)
                0x00000000                . = ALIGN (0x2)
                0x00000000                __far_bss_end = .
                0x00000000                __far_bss_size = SIZEOF (.far.bss)
                0x00000000                . = ALIGN (0x2)
                0x00000000                _far_end = .

.profiler
 *(.profiler)

.stab
 *(.stab)

.stabstr
 *(.stabstr)

.stab.excl
 *(.stab.excl)

.stab.exclstr
 *(.stab.exclstr)

.stab.index
 *(.stab.index)

.stab.indexstr
 *(.stab.indexstr)

.comment        0x00000000       0x30
 *(.comment)
 .comment       0x00000000       0x30 esp-server.co
                                 0x31 (size before relaxing)
 .comment       0x00000000       0x31 obj_sky/contiki-sky-main.o
 .comment       0x00000000       0x31 contiki-sky.a(rimeaddr.o)
 .comment       0x00000000       0x31 contiki-sky.a(csma.o)
 .comment       0x00000000       0x31 contiki-sky.a(contikimac.o)
 .comment       0x00000000       0x31 contiki-sky.a(phase.o)
 .comment       0x00000000       0x31 contiki-sky.a(process.o)
 .comment       0x00000000       0x31 contiki-sky.a(autostart.o)
 .comment       0x00000000       0x31 contiki-sky.a(compower.o)
 .comment       0x00000000       0x31 contiki-sky.a(memb.o)
 .comment       0x00000000       0x31 contiki-sky.a(timer.o)
 .comment       0x00000000       0x31 contiki-sky.a(list.o)
 .comment       0x00000000       0x31 contiki-sky.a(etimer.o)
 .comment       0x00000000       0x31 contiki-sky.a(ctimer.o)
 .comment       0x00000000       0x31 contiki-sky.a(energest.o)
 .comment       0x00000000       0x31 contiki-sky.a(rtimer.o)
 .comment       0x00000000       0x31 contiki-sky.a(random.o)
 .comment       0x00000000       0x31 contiki-sky.a(nbr-table.o)
 .comment       0x00000000       0x31 contiki-sky.a(packetbuf.o)
 .comment       0x00000000       0x31 contiki-sky.a(queuebuf.o)
 .comment       0x00000000       0x31 contiki-sky.a(resolv.o)
 .comment       0x00000000       0x31 contiki-sky.a(sicslowpan.o)
 .comment       0x00000000       0x31 contiki-sky.a(tcpip.o)
 .comment       0x00000000       0x31 contiki-sky.a(uip-debug.o)
 .comment       0x00000000       0x31 contiki-sky.a(uip-ds6-route.o)
 .comment       0x00000000       0x31 contiki-sky.a(uip-ds6-nbr.o)
 .comment       0x00000000       0x31 contiki-sky.a(uip-ds6.o)
 .comment       0x00000000       0x31 contiki-sky.a(uip-nd6.o)
 .comment       0x00000000       0x31 contiki-sky.a(uip-udp-packet.)
 .comment       0x00000000       0x31 contiki-sky.a(uip6.o)
 .comment       0x00000000       0x31 contiki-sky.a(contiki-sky-pla)
 .comment       0x00000000       0x31 contiki-sky.a(sht11-sensor.o)
 .comment       0x00000000       0x31 contiki-sky.a(light-sensor.o)
 .comment       0x00000000       0x31 contiki-sky.a(button-sensor.o)
 .comment       0x00000000       0x31 contiki-sky.a(ds2411.o)
 .comment       0x00000000       0x31 contiki-sky.a(xmem.o)
 .comment       0x00000000       0x31 contiki-sky.a(node-id.o)
 .comment       0x00000000       0x31 contiki-sky.a(sensors.o)
 .comment       0x00000000       0x31 contiki-sky.a(cc2420.o)
 .comment       0x00000000       0x31 contiki-sky.a(cc2420-arch.o)
 .comment       0x00000000       0x31 contiki-sky.a(sky-sensors.o)
 .comment       0x00000000       0x31 contiki-sky.a(uart1.o)
 .comment       0x00000000       0x31 contiki-sky.a(uart1-putchar.o)
 .comment       0x00000000       0x31 contiki-sky.a(msp430.o)
 .comment       0x00000000       0x31 contiki-sky.a(clock.o)
 .comment       0x00000000       0x31 contiki-sky.a(leds.o)
 .comment       0x00000000       0x31 contiki-sky.a(leds-arch.o)
 .comment       0x00000000       0x31 contiki-sky.a(watchdog.o)
 .comment       0x00000000       0x31 contiki-sky.a(rtimer-arch.o)
 .comment       0x00000000       0x31 contiki-sky.a(mac.o)
 .comment       0x00000000       0x31 contiki-sky.a(framer-802154.o)
 .comment       0x00000000       0x31 contiki-sky.a(rpl.o)
 .comment       0x00000000       0x31 contiki-sky.a(rpl-dag.o)
 .comment       0x00000000       0x31 contiki-sky.a(rpl-icmp6.o)
 .comment       0x00000000       0x31 contiki-sky.a(rpl-timers.o)
 .comment       0x00000000       0x31 contiki-sky.a(rpl-mrhof.o)
 .comment       0x00000000       0x31 contiki-sky.a(rpl-ext-header.)
 .comment       0x00000000       0x31 contiki-sky.a(stimer.o)
 .comment       0x00000000       0x31 contiki-sky.a(uip-icmp6.o)
 .comment       0x00000000       0x31 contiki-sky.a(sht11.o)
 .comment       0x00000000       0x31 contiki-sky.a(spi.o)
 .comment       0x00000000       0x31 contiki-sky.a(frame802154.o)
 .comment       0x00000000       0x31 /usr/local/msp430/bin/../lib/gcc/msp430/4.7.0/../../../../msp430/lib/mmpy-16/libc.a(printf.o)
 .comment       0x00000000       0x31 /usr/local/msp430/bin/../lib/gcc/msp430/4.7.0/../../../../msp430/lib/mmpy-16/libc.a(sprintf.o)
 .comment       0x00000000       0x31 /usr/local/msp430/bin/../lib/gcc/msp430/4.7.0/../../../../msp430/lib/mmpy-16/libc.a(vuprintf.o)
 .comment       0x00000000       0x31 /usr/local/msp430/bin/../lib/gcc/msp430/4.7.0/../../../../msp430/lib/mmpy-16/libc.a(puts.o)
 .comment       0x00000000       0x31 /usr/local/msp430/bin/../lib/gcc/msp430/4.7.0/../../../../msp430/lib/mmpy-16/libc.a(rand.o)
 .comment       0x00000000       0x31 /usr/local/msp430/bin/../lib/gcc/msp430/4.7.0/../../../../msp430/lib/mmpy-16/libc.a(strncat.o)
 .comment       0x00000000       0x31 /usr/local/msp430/bin/../lib/gcc/msp430/4.7.0/../../../../msp430/lib/mmpy-16/libc.a(strcmp.o)
 .comment       0x00000000       0x31 /usr/local/msp430/bin/../lib/gcc/msp430/4.7.0/../../../../msp430/lib/mmpy-16/libc.a(memcmp.o)
 .comment       0x00000000       0x31 /usr/local/msp430/bin/../lib/gcc/msp430/4.7.0/../../../../msp430/lib/mmpy-16/libc.a(strncpy.o)
 .comment       0x00000000       0x31 /usr/local/msp430/bin/../lib/gcc/msp430/4.7.0/../../../../msp430/lib/mmpy-16/libc.a(memcpy.o)
 .comment       0x00000000       0x31 /usr/local/msp430/bin/../lib/gcc/msp430/4.7.0/../../../../msp430/lib/mmpy-16/libc.a(memmove.o)
 .comment       0x00000000       0x31 /usr/local/msp430/bin/../lib/gcc/msp430/4.7.0/../../../../msp430/lib/mmpy-16/libc.a(memset.o)
 .comment       0x00000000       0x31 /usr/local/msp430/bin/../lib/gcc/msp430/4.7.0/../../../../msp430/lib/mmpy-16/libc.a(strcasecmp.o)
 .comment       0x00000000       0x31 /usr/local/msp430/bin/../lib/gcc/msp430/4.7.0/../../../../msp430/lib/mmpy-16/libc.a(strcat.o)
 .comment       0x00000000       0x31 /usr/local/msp430/bin/../lib/gcc/msp430/4.7.0/../../../../msp430/lib/mmpy-16/libc.a(strncasecmp.o)

.debug
 *(.debug)

.line
 *(.line)

.debug_srcinfo
 *(.debug_srcinfo)

.debug_sfnames
 *(.debug_sfnames)

.debug_aranges  0x00000000      0x240
 *(.debug_aranges)
 .debug_aranges
                0x00000000       0x14 /usr/local/msp430/bin/../lib/gcc/msp430/4.7.0/mmpy-16/crt0ivtbl16.o
 .debug_aranges
                0x00000014       0x14 /usr/local/msp430/bin/../lib/gcc/msp430/4.7.0/mmpy-16/libgcc.a(_mulsi3.o)
 .debug_aranges
                0x00000028       0x14 /usr/local/msp430/bin/../lib/gcc/msp430/4.7.0/mmpy-16/libgcc.a(_udivmod16.o)
 .debug_aranges
                0x0000003c       0x14 /usr/local/msp430/bin/../lib/gcc/msp430/4.7.0/mmpy-16/libgcc.a(_divmod16.o)
 .debug_aranges
                0x00000050       0x14 /usr/local/msp430/bin/../lib/gcc/msp430/4.7.0/mmpy-16/libgcc.a(_udivmod32.o)
 .debug_aranges
                0x00000064       0x18 /usr/local/msp430/bin/../lib/gcc/msp430/4.7.0/../../../../msp430/lib/mmpy-16/libc.a(printf.o)
 .debug_aranges
                0x0000007c       0x28 /usr/local/msp430/bin/../lib/gcc/msp430/4.7.0/../../../../msp430/lib/mmpy-16/libc.a(sprintf.o)
 .debug_aranges
                0x000000a4       0x18 /usr/local/msp430/bin/../lib/gcc/msp430/4.7.0/../../../../msp430/lib/mmpy-16/libc.a(vuprintf.o)
 .debug_aranges
                0x000000bc       0x14 /usr/local/msp430/bin/../lib/gcc/msp430/4.7.0/../../../../msp430/lib/mmpy-16/libc.a(puts.o)
 .debug_aranges
                0x000000d0       0x1c /usr/local/msp430/bin/../lib/gcc/msp430/4.7.0/../../../../msp430/lib/mmpy-16/libc.a(rand.o)
 .debug_aranges
                0x000000ec       0x14 /usr/local/msp430/bin/../lib/gcc/msp430/4.7.0/../../../../msp430/lib/mmpy-16/libc.a(strncat.o)
 .debug_aranges
                0x00000100       0x14 /usr/local/msp430/bin/../lib/gcc/msp430/4.7.0/../../../../msp430/lib/mmpy-16/libc.a(strcmp.o)
 .debug_aranges
                0x00000114       0x14 /usr/local/msp430/bin/../lib/gcc/msp430/4.7.0/../../../../msp430/lib/mmpy-16/libc.a(memcmp.o)
 .debug_aranges
                0x00000128       0x14 /usr/local/msp430/bin/../lib/gcc/msp430/4.7.0/../../../../msp430/lib/mmpy-16/libc.a(strncpy.o)
 .debug_aranges
                0x0000013c       0x14 /usr/local/msp430/bin/../lib/gcc/msp430/4.7.0/../../../../msp430/lib/mmpy-16/libc.a(memcpy.o)
 .debug_aranges
                0x00000150       0x14 /usr/local/msp430/bin/../lib/gcc/msp430/4.7.0/../../../../msp430/lib/mmpy-16/libc.a(memmove.o)
 .debug_aranges
                0x00000164       0x14 /usr/local/msp430/bin/../lib/gcc/msp430/4.7.0/../../../../msp430/lib/mmpy-16/libc.a(memset.o)
 .debug_aranges
                0x00000178       0x14 /usr/local/msp430/bin/../lib/gcc/msp430/4.7.0/../../../../msp430/lib/mmpy-16/libc.a(strcasecmp.o)
 .debug_aranges
                0x0000018c       0x14 /usr/local/msp430/bin/../lib/gcc/msp430/4.7.0/../../../../msp430/lib/mmpy-16/libc.a(strcat.o)
 .debug_aranges
                0x000001a0       0x14 /usr/local/msp430/bin/../lib/gcc/msp430/4.7.0/../../../../msp430/lib/mmpy-16/libc.a(strncasecmp.o)
 .debug_aranges
                0x000001b4       0x14 /usr/local/msp430/bin/../lib/gcc/msp430/4.7.0/mmpy-16/libgcc.a(_udivmod64.o)
 .debug_aranges
                0x000001c8       0x14 /usr/local/msp430/bin/../lib/gcc/msp430/4.7.0/mmpy-16/libcrt0.a(__watchdog_support.o)
 .debug_aranges
                0x000001dc       0x14 /usr/local/msp430/bin/../lib/gcc/msp430/4.7.0/mmpy-16/libcrt0.a(__init_stack.o)
 .debug_aranges
                0x000001f0       0x14 /usr/local/msp430/bin/../lib/gcc/msp430/4.7.0/mmpy-16/libcrt0.a(_copy_data.o)
 .debug_aranges
                0x00000204       0x14 /usr/local/msp430/bin/../lib/gcc/msp430/4.7.0/mmpy-16/libcrt0.a(_clear_bss.o)
 .debug_aranges
                0x00000218       0x14 /usr/local/msp430/bin/../lib/gcc/msp430/4.7.0/mmpy-16/libcrt0.a(_endless_loop__.o)
 .debug_aranges
                0x0000022c       0x14 /usr/local/msp430/bin/../lib/gcc/msp430/4.7.0/mmpy-16/libcrt0.a(_unexpected_.o)

.debug_pubnames
 *(.debug_pubnames)

.debug_info     0x00000000     0x1de2
 *(.debug_info)